<html>
<body>
<pre>
<h1>礦ision Build Log</h1>
<h2>Project:</h2>
D:\5530\5530rebiuld\Project\JK_BTSET.uvproj
Project File Date:  09/28/2018

<h2>Output:</h2>
Build target 'JK_BTSET'
compiling system_stm32f4xx.c...
compiling misc.c...
compiling stm32f4xx_adc.c...
compiling stm32f4xx_can.c...
compiling stm32f4xx_crc.c...
compiling stm32f4xx_cryp.c...
compiling stm32f4xx_cryp_aes.c...
compiling stm32f4xx_cryp_des.c...
compiling stm32f4xx_cryp_tdes.c...
compiling stm32f4xx_dac.c...
compiling stm32f4xx_dbgmcu.c...
compiling stm32f4xx_dcmi.c...
compiling stm32f4xx_dma.c...
compiling stm32f4xx_dma2d.c...
compiling stm32f4xx_exti.c...
compiling stm32f4xx_flash.c...
compiling stm32f4xx_flash_ramfunc.c...
compiling stm32f4xx_fsmc.c...
compiling stm32f4xx_gpio.c...
compiling stm32f4xx_hash.c...
compiling stm32f4xx_hash_md5.c...
compiling stm32f4xx_hash_sha1.c...
compiling stm32f4xx_i2c.c...
compiling stm32f4xx_iwdg.c...
compiling stm32f4xx_ltdc.c...
compiling stm32f4xx_pwr.c...
compiling stm32f4xx_rcc.c...
compiling stm32f4xx_rng.c...
compiling stm32f4xx_rtc.c...
compiling stm32f4xx_sai.c...
compiling stm32f4xx_sdio.c...
compiling stm32f4xx_spi.c...
compiling stm32f4xx_syscfg.c...
compiling stm32f4xx_tim.c...
compiling stm32f4xx_usart.c...
compiling stm32f4xx_wwdg.c...
compiling main.c...
..\User\main.c(53): warning:  #223-D: function "TIM5_Int_Init" declared implicitly
compiling stm32f4xx_it.c...
..\User\stm32f4xx_it.c(276): warning:  #223-D: function "memcpy" declared implicitly
..\User\stm32f4xx_it.c(360): warning:  #177-D: variable "crec" was declared but never referenced
..\User\stm32f4xx_it.c(361): warning:  #177-D: variable "csend" was declared but never referenced
..\User\stm32f4xx_it.c(362): warning:  #177-D: variable "sendbuf" was declared but never referenced
..\User\stm32f4xx_it.c(363): warning:  #177-D: variable "sendlen" was declared but never referenced
..\User\stm32f4xx_it.c(364): warning:  #177-D: variable "recrc" was declared but never referenced
..\User\stm32f4xx_it.c(365): warning:  #177-D: variable "scrc" was declared but never referenced
..\User\stm32f4xx_it.c(366): warning:  #177-D: variable "i" was declared but never referenced
..\User\stm32f4xx_it.c(419): warning:  #223-D: function "Mode_SW_CONT" declared implicitly
..\User\stm32f4xx_it.c(480): warning: C3017W: num may be used before being set
compiling adc.c...
compiling AT24C01.c...
compiling BEEP.c...
compiling bsp_SysTick.c...
compiling DAC.c...
compiling flash.c...
compiling GPIO.c...
compiling IIC_24C01.c...
compiling iwdg.c...
compiling key.c...
..\drive\key.c(364): warning:  #223-D: function "Rhigh_cal" declared implicitly
..\drive\key.c(422): warning:  #223-D: function "Rhigh_cal" declared implicitly
..\drive\key.c(823): warning:  #223-D: function "SET_OP_LEFT" declared implicitly
..\drive\key.c(832): warning:  #223-D: function "SYS_INFO_LEFT" declared implicitly
..\drive\key.c(840): warning:  #223-D: function "CDC_OP_LEFT" declared implicitly
..\drive\key.c(853): warning:  #223-D: function "SET_OP_RIGHT" declared implicitly
..\drive\key.c(862): warning:  #223-D: function "SYS_INFO_RIGHT" declared implicitly
..\drive\key.c(870): warning:  #223-D: function "CDC_OP_RIGHT" declared implicitly
..\drive\key.c(885): warning:  #223-D: function "MENU_OP_UP" declared implicitly
..\drive\key.c(897): warning:  #223-D: function "SET_OP_UP" declared implicitly
..\drive\key.c(906): warning:  #223-D: function "OC_OP_UP" declared implicitly
..\drive\key.c(915): warning:  #223-D: function "CDC_OP_UP" declared implicitly
..\drive\key.c(924): warning:  #223-D: function "SYS_INFO_UP" declared implicitly
..\drive\key.c(941): warning:  #223-D: function "MENU_OP_DOWN" declared implicitly
..\drive\key.c(953): warning:  #223-D: function "SET_OP_DOWN" declared implicitly
..\drive\key.c(962): warning:  #223-D: function "OC_OP_DOWN" declared implicitly
..\drive\key.c(970): warning:  #223-D: function "CDC_OP_DOWN" declared implicitly
..\drive\key.c(979): warning:  #223-D: function "SYS_INFO_DOWN" declared implicitly
..\drive\key.c(996): warning:  #223-D: function "MENU_SET" declared implicitly
..\drive\key.c(1003): warning:  #223-D: function "PARA_SET" declared implicitly
..\drive\key.c(1012): warning:  #223-D: function "OC_SET" declared implicitly
..\drive\key.c(1020): warning:  #223-D: function "LOAD_SET" declared implicitly
..\drive\key.c(1027): warning:  #223-D: function "CDC_SET" declared implicitly
..\drive\key.c(1034): warning:  #223-D: function "CFM_PASS" declared implicitly
..\drive\key.c(1111): warning:  #223-D: function "CreateCDC" declared implicitly
..\drive\key.c(1366): warning:  #223-D: function "CreateCDC" declared implicitly
..\drive\key.c(1394): warning:  #223-D: function "Createsysinfo" declared implicitly
compiling modbus.c...
compiling ssd1963.c...
..\drive\ssd1963.c(168): warning:  #550-D: variable "FSMC_NORSRAMTimingInitStructure" was set but never used
compiling TIM1.c...
compiling TIM2.c...
compiling TIM6.c...
..\drive\TIM6.c(94): warning:  #260-D: explicit type is missing ("int" assumed)
..\drive\TIM6.c(95): warning:  #260-D: explicit type is missing ("int" assumed)
..\drive\TIM6.c(96): warning:  #260-D: explicit type is missing ("int" assumed)
..\drive\TIM6.c(119): warning:  #223-D: function "LCD_Initializtion" declared implicitly
..\drive\TIM6.c(120): warning:  #223-D: function "GUI_Init" declared implicitly
..\drive\TIM6.c(123): warning:  #223-D: function "ResetPow" declared implicitly
..\drive\TIM6.c(125): warning:  #223-D: function "ResetCDC" declared implicitly
..\drive\TIM6.c(127): warning:  #223-D: function "ResetR" declared implicitly
..\drive\TIM6.c(129): warning:  #223-D: function "ResetLoad" declared implicitly
..\drive\TIM6.c(131): warning:  #223-D: function "ResetG" declared implicitly
..\drive\TIM6.c(133): warning:  #223-D: function "ResetSET" declared implicitly
..\drive\TIM6.c(248): warning:  #223-D: function "Mode_SW_CONT" declared implicitly
..\drive\TIM6.c(265): warning:  #223-D: function "Mode_SW_CONT" declared implicitly
..\drive\TIM6.c(268): warning:  #1035-D: single-precision operand implicitly converted to double-precision
..\drive\TIM6.c(289): warning:  #1035-D: single-precision operand implicitly converted to double-precision
..\drive\TIM6.c(312): warning:  #223-D: function "Mode_SW_CONT" declared implicitly
..\drive\TIM6.c(342): warning:  #223-D: function "Mode_SW_CONT" declared implicitly
..\drive\TIM6.c(345): warning:  #1035-D: single-precision operand implicitly converted to double-precision
..\drive\TIM6.c(363): warning:  #223-D: function "Mode_SW_CONT" declared implicitly
..\drive\TIM6.c(374): warning:  #223-D: function "Mode_SW_CONT" declared implicitly
..\drive\TIM6.c(95): warning:  #177-D: variable "read1963" was declared but never referenced
..\drive\TIM6.c(96): warning:  #177-D: variable "scancount" was declared but never referenced
..\drive\TIM6.c(102): warning:  #177-D: variable "crec" was declared but never referenced
..\drive\TIM6.c(103): warning:  #177-D: variable "csend" was declared but never referenced
..\drive\TIM6.c(104): warning:  #177-D: variable "sendbuf" was declared but never referenced
..\drive\TIM6.c(105): warning:  #177-D: variable "sendlen" was declared but never referenced
..\drive\TIM6.c(106): warning:  #177-D: variable "recrc" was declared but never referenced
..\drive\TIM6.c(107): warning:  #177-D: variable "scrc" was declared but never referenced
..\drive\TIM6.c(480): warning:  #223-D: function "UART_Action" declared implicitly
..\drive\TIM6.c(415): warning:  #177-D: variable "addr" was declared but never referenced
compiling usart.c...
compiling TM1650.c...
compiling clock.c...
compiling GUI_X.c...
compiling GUIConf.c...
compiling GUIDRV_Template.c...
..\STemWinLibrary522\Config\GUIDRV_Template.c(264): warning:  #177-D: variable "xPhys" was declared but never referenced
..\STemWinLibrary522\Config\GUIDRV_Template.c(264): warning:  #177-D: variable "yPhys" was declared but never referenced
..\STemWinLibrary522\Config\GUIDRV_Template.c(264): warning:  #177-D: variable "lphys" was declared but never referenced
compiling LCDConf_FlexColor_Template.c...
compiling MainTask.c...
..\STemWinLibrary522\emWinTask\MainTask.c(62): warning:  #223-D: function "CreateSTARTER" declared implicitly
compiling menu.c...
compiling R_Face.c...
..\APP\R_Face.c(266): warning:  #1035-D: single-precision operand implicitly converted to double-precision
..\APP\R_Face.c(303): warning:  #1035-D: single-precision operand implicitly converted to double-precision
..\APP\R_Face.c(308): warning:  #1035-D: single-precision operand implicitly converted to double-precision
..\APP\R_Face.c(325): warning:  #1035-D: single-precision operand implicitly converted to double-precision
..\APP\R_Face.c(330): warning:  #1035-D: single-precision operand implicitly converted to double-precision
..\APP\R_Face.c(409): warning:  #181-D: argument is incompatible with corresponding format string conversion
..\APP\R_Face.c(438): warning:  #1035-D: single-precision operand implicitly converted to double-precision
..\APP\R_Face.c(575): warning:  #181-D: argument is incompatible with corresponding format string conversion
..\APP\R_Face.c(603): warning:  #1035-D: single-precision operand implicitly converted to double-precision
..\APP\R_Face.c(671): warning:  #1035-D: single-precision operand implicitly converted to double-precision
..\APP\R_Face.c(671): warning:  #1035-D: single-precision operand implicitly converted to double-precision
..\APP\R_Face.c(692): warning:  #1035-D: single-precision operand implicitly converted to double-precision
..\APP\R_Face.c(692): warning:  #1035-D: single-precision operand implicitly converted to double-precision
..\APP\R_Face.c(713): warning:  #1035-D: single-precision operand implicitly converted to double-precision
..\APP\R_Face.c(713): warning:  #1035-D: single-precision operand implicitly converted to double-precision
..\APP\R_Face.c(734): warning:  #1035-D: single-precision operand implicitly converted to double-precision
..\APP\R_Face.c(734): warning:  #1035-D: single-precision operand implicitly converted to double-precision
..\APP\R_Face.c(755): warning:  #1035-D: single-precision operand implicitly converted to double-precision
..\APP\R_Face.c(755): warning:  #1035-D: single-precision operand implicitly converted to double-precision
..\APP\R_Face.c(178): warning:  #177-D: variable "short1" was declared but never referenced
..\APP\R_Face.c(178): warning:  #177-D: variable "short2" was declared but never referenced
..\APP\R_Face.c(1744): warning:  #1035-D: single-precision operand implicitly converted to double-precision
compiling load_Face.c...
compiling STARTER.c...
D:\外发资料\电池综合测试仪 2.1\APP\STARTER.c(98): warning:  #223-D: function "CreateR" declared implicitly
compiling graph.c...
compiling c_dc.c...
compiling settings.c...
compiling sysinfo.c...
..\APP\sysinfo.c(1437): warning:  #940-D: missing return statement at end of non-void function "CFM_PASS"
..\APP\sysinfo.c(1482): warning:  #223-D: function "Flash_Write_all" declared implicitly
..\APP\sysinfo.c(1533): warning:  #223-D: function "Flash_Write_all" declared implicitly
compiling HZ16.c...
compiling HZ12.c...
compiling EN40.c...
compiling HZ20S.c...
compiling HZ32.c...
compiling set_font.c...
compiling symbol.c...
compiling usb_core.c...
compiling usb_hcd.c...
compiling usb_hcd_int.c...
compiling usbh_core.c...
compiling usbh_hcs.c...
compiling usbh_ioreq.c...
compiling usbh_stdreq.c...
compiling usbh_msc_bot.c...
compiling usbh_msc_core.c...
compiling usbh_msc_scsi.c...
compiling usb_bsp.c...
compiling usbh_usr.c...
linking...
Program Size: Code=158318 RO-data=120202 RW-data=2252 ZI-data=34740  
FromELF: creating hex file...
"..\Output\JK_BTSET.axf" - 0 Error(s), 99 Warning(s).
