<html>
<body>
<pre>
<h1>礦ision Build Log</h1>
<h2>Project:</h2>
D:\5530\5530rebiuld\Project\JK_BTSET.uvproj
Project File Date:  09/28/2018

<h2>Output:</h2>
Build target 'JK_BTSET'
compiling system_stm32f4xx.c...
compiling misc.c...
compiling stm32f4xx_adc.c...
compiling stm32f4xx_can.c...
compiling stm32f4xx_crc.c...
compiling stm32f4xx_cryp.c...
compiling stm32f4xx_cryp_aes.c...
compiling stm32f4xx_cryp_des.c...
compiling stm32f4xx_cryp_tdes.c...
compiling stm32f4xx_dac.c...
compiling stm32f4xx_dbgmcu.c...
compiling stm32f4xx_dcmi.c...
compiling stm32f4xx_dma.c...
compiling stm32f4xx_dma2d.c...
compiling stm32f4xx_exti.c...
compiling stm32f4xx_flash.c...
compiling stm32f4xx_flash_ramfunc.c...
compiling stm32f4xx_fsmc.c...
compiling stm32f4xx_gpio.c...
compiling stm32f4xx_hash.c...
compiling stm32f4xx_hash_md5.c...
compiling stm32f4xx_hash_sha1.c...
compiling stm32f4xx_i2c.c...
compiling stm32f4xx_iwdg.c...
compiling stm32f4xx_ltdc.c...
compiling stm32f4xx_pwr.c...
compiling stm32f4xx_rcc.c...
compiling stm32f4xx_rng.c...
compiling stm32f4xx_rtc.c...
compiling stm32f4xx_sai.c...
compiling stm32f4xx_sdio.c...
compiling stm32f4xx_spi.c...
compiling stm32f4xx_syscfg.c...
compiling stm32f4xx_tim.c...
compiling stm32f4xx_usart.c...
compiling stm32f4xx_wwdg.c...
compiling main.c...
compiling stm32f4xx_it.c...
compiling adc.c...
compiling AT24C01.c...
compiling BEEP.c...
compiling bsp_SysTick.c...
compiling DAC.c...
compiling flash.c...
compiling GPIO.c...
compiling IIC_24C01.c...
compiling iwdg.c...
compiling key.c...
..\drive\key.c(819): warning:  #223-D: function "SET_OP_LEFT" declared implicitly
..\drive\key.c(828): warning:  #223-D: function "SYS_INFO_LEFT" declared implicitly
..\drive\key.c(836): warning:  #223-D: function "CDC_OP_LEFT" declared implicitly
..\drive\key.c(849): warning:  #223-D: function "SET_OP_RIGHT" declared implicitly
..\drive\key.c(858): warning:  #223-D: function "SYS_INFO_RIGHT" declared implicitly
..\drive\key.c(866): warning:  #223-D: function "CDC_OP_RIGHT" declared implicitly
..\drive\key.c(881): warning:  #223-D: function "MENU_OP_UP" declared implicitly
..\drive\key.c(893): warning:  #223-D: function "SET_OP_UP" declared implicitly
..\drive\key.c(902): warning:  #223-D: function "OC_OP_UP" declared implicitly
..\drive\key.c(911): warning:  #223-D: function "CDC_OP_UP" declared implicitly
..\drive\key.c(920): warning:  #223-D: function "SYS_INFO_UP" declared implicitly
..\drive\key.c(937): warning:  #223-D: function "MENU_OP_DOWN" declared implicitly
..\drive\key.c(949): warning:  #223-D: function "SET_OP_DOWN" declared implicitly
..\drive\key.c(958): warning:  #223-D: function "OC_OP_DOWN" declared implicitly
..\drive\key.c(966): warning:  #223-D: function "CDC_OP_DOWN" declared implicitly
..\drive\key.c(975): warning:  #223-D: function "SYS_INFO_DOWN" declared implicitly
..\drive\key.c(992): warning:  #223-D: function "MENU_SET" declared implicitly
..\drive\key.c(999): warning:  #223-D: function "PARA_SET" declared implicitly
..\drive\key.c(1008): warning:  #223-D: function "OC_SET" declared implicitly
..\drive\key.c(1016): warning:  #223-D: function "LOAD_SET" declared implicitly
..\drive\key.c(1023): warning:  #223-D: function "CDC_SET" declared implicitly
..\drive\key.c(1030): warning:  #223-D: function "CFM_PASS" declared implicitly
..\drive\key.c(1107): warning:  #223-D: function "CreateCDC" declared implicitly
..\drive\key.c(1362): warning:  #223-D: function "CreateCDC" declared implicitly
..\drive\key.c(1390): warning:  #223-D: function "Createsysinfo" declared implicitly
compiling modbus.c...
compiling ssd1963.c...
..\drive\ssd1963.c(168): warning:  #550-D: variable "FSMC_NORSRAMTimingInitStructure" was set but never used
compiling TIM1.c...
compiling TIM2.c...
compiling TIM6.c...
..\drive\TIM6.c(81): warning:  #260-D: explicit type is missing ("int" assumed)
..\drive\TIM6.c(82): warning:  #260-D: explicit type is missing ("int" assumed)
..\drive\TIM6.c(83): warning:  #260-D: explicit type is missing ("int" assumed)
..\drive\TIM6.c(95): warning:  #223-D: function "LCD_Initializtion" declared implicitly
..\drive\TIM6.c(96): warning:  #223-D: function "GUI_Init" declared implicitly
..\drive\TIM6.c(99): warning:  #223-D: function "ResetPow" declared implicitly
..\drive\TIM6.c(101): warning:  #223-D: function "ResetCDC" declared implicitly
..\drive\TIM6.c(103): warning:  #223-D: function "ResetR" declared implicitly
..\drive\TIM6.c(105): warning:  #223-D: function "ResetLoad" declared implicitly
..\drive\TIM6.c(107): warning:  #223-D: function "ResetG" declared implicitly
..\drive\TIM6.c(109): warning:  #223-D: function "ResetSET" declared implicitly
..\drive\TIM6.c(82): warning:  #177-D: variable "read1963" was declared but never referenced
..\drive\TIM6.c(83): warning:  #177-D: variable "scancount" was declared but never referenced
compiling usart.c...
compiling TM1650.c...
compiling clock.c...
compiling GUI_X.c...
compiling GUIConf.c...
compiling GUIDRV_Template.c...
..\STemWinLibrary522\Config\GUIDRV_Template.c(264): warning:  #177-D: variable "xPhys" was declared but never referenced
..\STemWinLibrary522\Config\GUIDRV_Template.c(264): warning:  #177-D: variable "yPhys" was declared but never referenced
..\STemWinLibrary522\Config\GUIDRV_Template.c(264): warning:  #177-D: variable "lphys" was declared but never referenced
compiling LCDConf_FlexColor_Template.c...
compiling MainTask.c...
..\STemWinLibrary522\emWinTask\MainTask.c(62): warning:  #223-D: function "CreateSTARTER" declared implicitly
compiling menu.c...
compiling R_Face.c...
..\APP\R_Face.c(266): warning:  #1035-D: single-precision operand implicitly converted to double-precision
..\APP\R_Face.c(301): warning:  #1035-D: single-precision operand implicitly converted to double-precision
..\APP\R_Face.c(306): warning:  #1035-D: single-precision operand implicitly converted to double-precision
..\APP\R_Face.c(323): warning:  #1035-D: single-precision operand implicitly converted to double-precision
..\APP\R_Face.c(328): warning:  #1035-D: single-precision operand implicitly converted to double-precision
..\APP\R_Face.c(407): warning:  #181-D: argument is incompatible with corresponding format string conversion
..\APP\R_Face.c(436): warning:  #1035-D: single-precision operand implicitly converted to double-precision
..\APP\R_Face.c(571): warning:  #181-D: argument is incompatible with corresponding format string conversion
..\APP\R_Face.c(599): warning:  #1035-D: single-precision operand implicitly converted to double-precision
..\APP\R_Face.c(658): warning:  #1035-D: single-precision operand implicitly converted to double-precision
..\APP\R_Face.c(658): warning:  #1035-D: single-precision operand implicitly converted to double-precision
..\APP\R_Face.c(679): warning:  #1035-D: single-precision operand implicitly converted to double-precision
..\APP\R_Face.c(679): warning:  #1035-D: single-precision operand implicitly converted to double-precision
..\APP\R_Face.c(700): warning:  #1035-D: single-precision operand implicitly converted to double-precision
..\APP\R_Face.c(700): warning:  #1035-D: single-precision operand implicitly converted to double-precision
..\APP\R_Face.c(721): warning:  #1035-D: single-precision operand implicitly converted to double-precision
..\APP\R_Face.c(721): warning:  #1035-D: single-precision operand implicitly converted to double-precision
..\APP\R_Face.c(742): warning:  #1035-D: single-precision operand implicitly converted to double-precision
..\APP\R_Face.c(742): warning:  #1035-D: single-precision operand implicitly converted to double-precision
..\APP\R_Face.c(178): warning:  #177-D: variable "short1" was declared but never referenced
..\APP\R_Face.c(178): warning:  #177-D: variable "short2" was declared but never referenced
..\APP\R_Face.c(1731): warning:  #1035-D: single-precision operand implicitly converted to double-precision
compiling load_Face.c...
compiling STARTER.c...
D:\外发资料\电池综合测试仪 2.1\APP\STARTER.c(98): warning:  #223-D: function "CreateR" declared implicitly
compiling graph.c...
compiling c_dc.c...
compiling settings.c...
compiling sysinfo.c...
..\APP\sysinfo.c(1436): warning:  #940-D: missing return statement at end of non-void function "CFM_PASS"
..\APP\sysinfo.c(1481): warning:  #223-D: function "Flash_Write_all" declared implicitly
compiling HZ16.c...
compiling HZ12.c...
compiling EN40.c...
compiling HZ20S.c...
compiling HZ32.c...
compiling set_font.c...
compiling symbol.c...
compiling usb_core.c...
compiling usb_hcd.c...
compiling usb_hcd_int.c...
compiling usbh_core.c...
compiling usbh_hcs.c...
compiling usbh_ioreq.c...
compiling usbh_stdreq.c...
compiling usbh_msc_bot.c...
compiling usbh_msc_core.c...
compiling usbh_msc_scsi.c...
compiling usb_bsp.c...
compiling usbh_usr.c...
linking...
Program Size: Code=156632 RO-data=119688 RW-data=2216 ZI-data=34568  
FromELF: creating hex file...
"..\Output\JK_BTSET.axf" - 0 Error(s), 68 Warning(s).
Load "..\\Output\\JK_BTSET.AXF" 
* JLink Info: Device "STM32F407VE" selected (512 KB flash, 128 KB RAM).
Set JLink Project File to "D:\5530\5530rebiuld\Project\JLinkSettings.ini"
 
JLink info:
------------
DLL: V4.40c, compiled Jan 24 2012 09:30:33
Firmware: J-Link V9 compiled Apr 20 2018 16:47:26
Hardware: V9.40
S/N : 59401576 
Feature(s) : RDI, GDB, FlashDL, FlashBP, JFlash 
 
* JLink Info: Found SWD-DP with ID 0x2BA01477
* JLink Info: TPIU fitted.
* JLink Info: ETM fitted.
* JLink Info:   FPUnit: 6 code (BP) slots and 2 literal slots
* JLink Info: Found Cortex-M4 r0p1, Little endian.
ROMTableAddr = 0xE00FF003
* JLink Info: Found SWD-DP with ID 0x2BA01477
* JLink Info: TPIU fitted.
* JLink Info: ETM fitted.
* JLink Info:   FPUnit: 6 code (BP) slots and 2 literal slots
* JLink Info: Found Cortex-M4 r0p1, Little endian.
 
Target info:
------------
Device: STM32F407VE
VTarget = 3.343V
State of Pins: 
TCK: 0, TDI: 0, TDO: 0, TMS: 1, TRES: 1, TRST: 1
Hardware-Breakpoints: 6
Software-Breakpoints: 8192
Watchpoints:          4
JTAG speed: 3000 kHz
 
Erase Done.
Programming Done.
Verify OK.
Build target 'JK_BTSET'
linking...
Program Size: Code=156632 RO-data=119688 RW-data=2216 ZI-data=34568  
FromELF: creating hex file...
"..\Output\JK_BTSET.axf" - 0 Error(s), 0 Warning(s).
Load "..\\Output\\JK_BTSET.AXF" 
* JLink Info: Device "STM32F407VE" selected (512 KB flash, 128 KB RAM).
Set JLink Project File to "D:\5530\5530rebiuld\Project\JLinkSettings.ini"
 
JLink info:
------------
DLL: V4.40c, compiled Jan 24 2012 09:30:33
Firmware: J-Link V9 compiled Apr 20 2018 16:47:26
Hardware: V9.40
S/N : 59401576 
Feature(s) : RDI, GDB, FlashDL, FlashBP, JFlash 
 
* JLink Info: Found SWD-DP with ID 0x2BA01477
* JLink Info: TPIU fitted.
* JLink Info: ETM fitted.
* JLink Info:   FPUnit: 6 code (BP) slots and 2 literal slots
* JLink Info: Found Cortex-M4 r0p1, Little endian.
ROMTableAddr = 0xE00FF003
* JLink Info: Found SWD-DP with ID 0x2BA01477
* JLink Info: TPIU fitted.
* JLink Info: ETM fitted.
* JLink Info:   FPUnit: 6 code (BP) slots and 2 literal slots
* JLink Info: Found Cortex-M4 r0p1, Little endian.
 
Target info:
------------
Device: STM32F407VE
VTarget = 3.309V
State of Pins: 
TCK: 0, TDI: 0, TDO: 0, TMS: 1, TRES: 1, TRST: 1
Hardware-Breakpoints: 6
Software-Breakpoints: 8192
Watchpoints:          4
JTAG speed: 3000 kHz
 
Erase Done.
Programming Done.
Verify OK.
