<html>
<body>
<pre>
<h1>礦ision Build Log</h1>
<h2>Project:</h2>
D:\5530\5530rebiuld\Project\JK_BTSET.uvproj
Project File Date:  09/27/2018

<h2>Output:</h2>
Build target 'JK_BTSET'
compiling system_stm32f4xx.c...
compiling misc.c...
compiling stm32f4xx_adc.c...
compiling stm32f4xx_can.c...
compiling stm32f4xx_crc.c...
compiling stm32f4xx_cryp.c...
compiling stm32f4xx_cryp_aes.c...
compiling stm32f4xx_cryp_des.c...
compiling stm32f4xx_cryp_tdes.c...
compiling stm32f4xx_dac.c...
compiling stm32f4xx_dbgmcu.c...
compiling stm32f4xx_dcmi.c...
compiling stm32f4xx_dma.c...
compiling stm32f4xx_dma2d.c...
compiling stm32f4xx_exti.c...
compiling stm32f4xx_flash.c...
compiling stm32f4xx_flash_ramfunc.c...
compiling stm32f4xx_fsmc.c...
compiling stm32f4xx_gpio.c...
compiling stm32f4xx_hash.c...
compiling stm32f4xx_hash_md5.c...
compiling stm32f4xx_hash_sha1.c...
compiling stm32f4xx_i2c.c...
compiling stm32f4xx_iwdg.c...
compiling stm32f4xx_ltdc.c...
compiling stm32f4xx_pwr.c...
compiling stm32f4xx_rcc.c...
compiling stm32f4xx_rng.c...
compiling stm32f4xx_rtc.c...
compiling stm32f4xx_sai.c...
compiling stm32f4xx_sdio.c...
compiling stm32f4xx_spi.c...
compiling stm32f4xx_syscfg.c...
compiling stm32f4xx_tim.c...
compiling stm32f4xx_usart.c...
compiling stm32f4xx_wwdg.c...
compiling main.c...
..\User\main.c(54): warning:  #223-D: function "TIM3_Int_Init" declared implicitly
compiling stm32f4xx_it.c...
compiling adc.c...
compiling AT24C01.c...
compiling BEEP.c...
compiling bsp_SysTick.c...
compiling DAC.c...
compiling flash.c...
compiling GPIO.c...
compiling IIC_24C01.c...
compiling iwdg.c...
compiling key.c...
compiling modbus.c...
compiling ssd1963.c...
..\drive\ssd1963.c(168): warning:  #550-D: variable "FSMC_NORSRAMTimingInitStructure" was set but never used
compiling TIM1.c...
compiling TIM2.c...
compiling TIM6.c...
..\drive\TIM6.c(187): warning:  #1-D: last line of file ends without a newline
compiling usart.c...
compiling TM1650.c...
compiling clock.c...
compiling GUI_X.c...
compiling GUIConf.c...
compiling GUIDRV_Template.c...
..\STemWinLibrary522\Config\GUIDRV_Template.c(264): warning:  #177-D: variable "xPhys" was declared but never referenced
..\STemWinLibrary522\Config\GUIDRV_Template.c(264): warning:  #177-D: variable "yPhys" was declared but never referenced
..\STemWinLibrary522\Config\GUIDRV_Template.c(264): warning:  #177-D: variable "lphys" was declared but never referenced
compiling LCDConf_FlexColor_Template.c...
compiling MainTask.c...
compiling menu.c...
compiling R_Face.c...
..\APP\R_Face.c(888): warning:  #181-D: argument is incompatible with corresponding format string conversion
..\APP\R_Face.c(1000): warning:  #181-D: argument is incompatible with corresponding format string conversion
..\APP\R_Face.c(1007): warning:  #181-D: argument is incompatible with corresponding format string conversion
..\APP\R_Face.c(1728): warning:  #1035-D: single-precision operand implicitly converted to double-precision
..\APP\R_Face.c(1743): warning:  #1035-D: single-precision operand implicitly converted to double-precision
compiling load_Face.c...
..\APP\load_Face.c(265): warning:  #1-D: last line of file ends without a newline
compiling STARTER.c...
compiling HZ16.c...
compiling HZ12.c...
compiling EN40.c...
compiling HZ20S.c...
compiling HZ32.c...
compiling set_font.c...
compiling symbol.c...
compiling usb_core.c...
compiling usb_hcd.c...
compiling usb_hcd_int.c...
compiling usbh_core.c...
compiling usbh_hcs.c...
compiling usbh_ioreq.c...
compiling usbh_stdreq.c...
compiling usbh_msc_bot.c...
compiling usbh_msc_core.c...
compiling usbh_msc_scsi.c...
compiling usb_bsp.c...
compiling usbh_usr.c...
..\USB\USB_APP\usbh_usr.c(19): warning:  #177-D: variable "AppState" was declared but never referenced
linking...
Program Size: Code=83260 RO-data=58312 RW-data=1960 ZI-data=34512  
FromELF: creating hex file...
"..\Output\JK_BTSET.axf" - 0 Error(s), 13 Warning(s).
Build target 'JK_BTSET'
compiling TIM6.c...
linking...
Program Size: Code=83260 RO-data=58312 RW-data=1960 ZI-data=34512  
FromELF: creating hex file...
"..\Output\JK_BTSET.axf" - 0 Error(s), 0 Warning(s).
Build target 'JK_BTSET'
compiling R_Face.c...
..\APP\R_Face.c(380): warning:  #181-D: argument is incompatible with corresponding format string conversion
..\APP\R_Face.c(492): warning:  #181-D: argument is incompatible with corresponding format string conversion
..\APP\R_Face.c(499): warning:  #181-D: argument is incompatible with corresponding format string conversion
..\APP\R_Face.c(1220): warning:  #1035-D: single-precision operand implicitly converted to double-precision
..\APP\R_Face.c(1235): warning:  #1035-D: single-precision operand implicitly converted to double-precision
linking...
Program Size: Code=83276 RO-data=58312 RW-data=1960 ZI-data=34512  
FromELF: creating hex file...
"..\Output\JK_BTSET.axf" - 0 Error(s), 5 Warning(s).
Build target 'JK_BTSET'
compiling R_Face.c...
..\APP\R_Face.c(380): warning:  #181-D: argument is incompatible with corresponding format string conversion
..\APP\R_Face.c(492): warning:  #181-D: argument is incompatible with corresponding format string conversion
..\APP\R_Face.c(499): warning:  #181-D: argument is incompatible with corresponding format string conversion
..\APP\R_Face.c(1220): warning:  #1035-D: single-precision operand implicitly converted to double-precision
..\APP\R_Face.c(1235): warning:  #1035-D: single-precision operand implicitly converted to double-precision
linking...
Program Size: Code=83276 RO-data=58312 RW-data=1960 ZI-data=34512  
FromELF: creating hex file...
"..\Output\JK_BTSET.axf" - 0 Error(s), 5 Warning(s).
Build target 'JK_BTSET'
compiling TIM6.c...
compiling R_Face.c...
..\APP\R_Face.c(406): warning:  #181-D: argument is incompatible with corresponding format string conversion
..\APP\R_Face.c(518): warning:  #181-D: argument is incompatible with corresponding format string conversion
..\APP\R_Face.c(525): warning:  #181-D: argument is incompatible with corresponding format string conversion
..\APP\R_Face.c(1246): warning:  #1035-D: single-precision operand implicitly converted to double-precision
..\APP\R_Face.c(1261): warning:  #1035-D: single-precision operand implicitly converted to double-precision
..\APP\R_Face.c(1351): error:  #20: identifier "r" is undefined
Target not created
Build target 'JK_BTSET'
compiling R_Face.c...
..\APP\R_Face.c(407): warning:  #181-D: argument is incompatible with corresponding format string conversion
..\APP\R_Face.c(519): warning:  #181-D: argument is incompatible with corresponding format string conversion
..\APP\R_Face.c(526): warning:  #181-D: argument is incompatible with corresponding format string conversion
..\APP\R_Face.c(1247): warning:  #1035-D: single-precision operand implicitly converted to double-precision
..\APP\R_Face.c(1262): warning:  #1035-D: single-precision operand implicitly converted to double-precision
linking...
Program Size: Code=83532 RO-data=58312 RW-data=1964 ZI-data=34508  
FromELF: creating hex file...
"..\Output\JK_BTSET.axf" - 0 Error(s), 5 Warning(s).
Load "..\\Output\\JK_BTSET.AXF" 
* JLink Info: Device "STM32F407VE" selected (512 KB flash, 128 KB RAM).
Set JLink Project File to "D:\5530\5530rebiuld\Project\JLinkSettings.ini"
 
JLink info:
------------
DLL: V4.40c, compiled Jan 24 2012 09:30:33
Firmware: J-Link V9 compiled Apr 20 2018 16:47:26
Hardware: V9.40
S/N : 59401576 
Feature(s) : RDI, GDB, FlashDL, FlashBP, JFlash 
 
* JLink Info: Found SWD-DP with ID 0x2BA01477
* JLink Info: TPIU fitted.
* JLink Info: ETM fitted.
* JLink Info:   FPUnit: 6 code (BP) slots and 2 literal slots
* JLink Info: Found Cortex-M4 r0p1, Little endian.
ROMTableAddr = 0xE00FF003
* JLink Info: Found SWD-DP with ID 0x2BA01477
* JLink Info: TPIU fitted.
* JLink Info: ETM fitted.
* JLink Info:   FPUnit: 6 code (BP) slots and 2 literal slots
* JLink Info: Found Cortex-M4 r0p1, Little endian.
 
Target info:
------------
Device: STM32F407VE
VTarget = 3.280V
State of Pins: 
TCK: 0, TDI: 0, TDO: 0, TMS: 1, TRES: 1, TRST: 1
Hardware-Breakpoints: 6
Software-Breakpoints: 8192
Watchpoints:          4
JTAG speed: 3000 kHz
 
Erase Done.
Programming Done.
Verify OK.
Build target 'JK_BTSET'
compiling main.c...
..\Include\my_register.h(137): error:  #20: identifier "exetern" is undefined
..\Include\my_register.h(137): error:  #101: "vu8" has already been declared in the current scope
..\Include\my_register.h(137): error:  #65: expected a ";"
..\Include\my_register.h(138): error:  #757: variable "vu8" is not a type name
..\Include\my_register.h(139): error:  #757: variable "vu8" is not a type name
..\Include\my_register.h(140): error:  #757: variable "vu8" is not a type name
..\Include\my_register.h(141): error:  #757: variable "vu8" is not a type name
..\Include\my_register.h(142): error:  #757: variable "vu8" is not a type name
..\Include\my_register.h(143): error:  #757: variable "vu8" is not a type name
..\Include\my_register.h(144): error:  #757: variable "vu8" is not a type name
..\Include\my_register.h(352): error:  #757: variable "vu8" is not a type name
..\Include\my_register.h(353): error:  #757: variable "vu8" is not a type name
..\Include\IIC_24C01.h(11): error:  #757: variable "vu8" is not a type name
..\Include\IIC_24C01.h(12): error:  #757: variable "vu8" is not a type name
..\Include\IIC_24C01.h(13): error:  #757: variable "vu8" is not a type name
..\Include\IIC_24C01.h(16): error:  #757: variable "vu8" is not a type name
..\Include\IIC_24C01.h(16): error:  #757: variable "vu8" is not a type name
..\Include\flash.h(13): error:  #757: variable "vu8" is not a type name
..\Include\flash.h(13): error:  #757: variable "vu8" is not a type name
..\Include\flash.h(14): error:  #757: variable "vu8" is not a type name
..\Include\flash.h(14): error:  #757: variable "vu8" is not a type name
..\Include\tm1650.h(11): error:  #757: variable "vu8" is not a type name
..\Include\tm1650.h(12): error:  #757: variable "vu8" is not a type name
..\Include\tm1650.h(13): error:  #757: variable "vu8" is not a type name
..\Include\tm1650.h(16): error:  #757: variable "vu8" is not a type name
..\Include\tm1650.h(16): error:  #757: variable "vu8" is not a type name
..\Include\tm1650.h(18): error:  #757: variable "vu8" is not a type name
..\Include\tm1650.h(19): error:  #757: variable "vu8" is not a type name
..\Include\tm1650.h(19): error:  #757: variable "vu8" is not a type name
..\User\main.c(54): warning:  #223-D: function "TIM3_Int_Init" declared implicitly
compiling stm32f4xx_it.c...
..\Include\my_register.h(137): error:  #20: identifier "exetern" is undefined
..\Include\my_register.h(137): error:  #101: "vu8" has already been declared in the current scope
..\Include\my_register.h(137): error:  #65: expected a ";"
..\Include\my_register.h(138): error:  #757: variable "vu8" is not a type name
..\Include\my_register.h(139): error:  #757: variable "vu8" is not a type name
..\Include\my_register.h(140): error:  #757: variable "vu8" is not a type name
..\Include\my_register.h(141): error:  #757: variable "vu8" is not a type name
..\Include\my_register.h(142): error:  #757: variable "vu8" is not a type name
..\Include\my_register.h(143): error:  #757: variable "vu8" is not a type name
..\Include\my_register.h(144): error:  #757: variable "vu8" is not a type name
..\Include\my_register.h(352): error:  #757: variable "vu8" is not a type name
..\Include\my_register.h(353): error:  #757: variable "vu8" is not a type name
compiling adc.c...
..\Include\my_register.h(137): error:  #20: identifier "exetern" is undefined
..\Include\my_register.h(137): error:  #101: "vu8" has already been declared in the current scope
..\Include\my_register.h(137): error:  #65: expected a ";"
..\Include\my_register.h(138): error:  #757: variable "vu8" is not a type name
..\Include\my_register.h(139): error:  #757: variable "vu8" is not a type name
..\Include\my_register.h(140): error:  #757: variable "vu8" is not a type name
..\Include\my_register.h(141): error:  #757: variable "vu8" is not a type name
..\Include\my_register.h(142): error:  #757: variable "vu8" is not a type name
..\Include\my_register.h(143): error:  #757: variable "vu8" is not a type name
..\Include\my_register.h(144): error:  #757: variable "vu8" is not a type name
..\Include\my_register.h(352): error:  #757: variable "vu8" is not a type name
..\Include\my_register.h(353): error:  #757: variable "vu8" is not a type name
..\drive\adc.c(149): error:  #757: variable "vu8" is not a type name
..\drive\adc.c(150): error:  #65: expected a ";"
..\drive\adc.c(151): error:  #268: declaration may not appear after executable statement in block
..\drive\adc.c(151): error:  #757: variable "vu8" is not a type name
..\drive\adc.c(152): error:  #268: declaration may not appear after executable statement in block
..\drive\adc.c(152): error:  #757: variable "vu8" is not a type name
..\drive\adc.c(153): error:  #268: declaration may not appear after executable statement in block
..\drive\adc.c(189): error:  #20: identifier "count" is undefined
compiling AT24C01.c...
..\Include\my_register.h(137): error:  #20: identifier "exetern" is undefined
..\Include\my_register.h(137): error:  #101: "vu8" has already been declared in the current scope
..\Include\my_register.h(137): error:  #65: expected a ";"
..\Include\my_register.h(138): error:  #757: variable "vu8" is not a type name
..\Include\my_register.h(139): error:  #757: variable "vu8" is not a type name
..\Include\my_register.h(140): error:  #757: variable "vu8" is not a type name
..\Include\my_register.h(141): error:  #757: variable "vu8" is not a type name
..\Include\my_register.h(142): error:  #757: variable "vu8" is not a type name
..\Include\my_register.h(143): error:  #757: variable "vu8" is not a type name
..\Include\my_register.h(144): error:  #757: variable "vu8" is not a type name
..\Include\my_register.h(352): error:  #757: variable "vu8" is not a type name
..\Include\my_register.h(353): error:  #757: variable "vu8" is not a type name
..\Include\IIC_24C01.h(11): error:  #757: variable "vu8" is not a type name
..\Include\IIC_24C01.h(12): error:  #757: variable "vu8" is not a type name
..\Include\IIC_24C01.h(13): error:  #757: variable "vu8" is not a type name
..\Include\IIC_24C01.h(16): error:  #757: variable "vu8" is not a type name
..\Include\IIC_24C01.h(16): error:  #757: variable "vu8" is not a type name
..\Include\AT24C01.h(24): error:  #757: variable "vu8" is not a type name
..\Include\AT24C01.h(25): error:  #757: variable "vu8" is not a type name
..\Include\AT24C01.h(25): error:  #757: variable "vu8" is not a type name
..\Include\AT24C01.h(26): error:  #757: variable "vu8" is not a type name
..\Include\AT24C01.h(26): error:  #757: variable "vu8" is not a type name
..\Include\AT24C01.h(28): error:  #757: variable "vu8" is not a type name
..\Include\AT24C01.h(29): error:  #757: variable "vu8" is not a type name
..\Include\AT24C01.h(29): error:  #757: variable "vu8" is not a type name
..\drive\AT24C01.c(19): error:  #757: variable "vu8" is not a type name
..\drive\AT24C01.c(43): error:  #757: variable "vu8" is not a type name
..\drive\AT24C01.c(43): error:  #757: variable "vu8" is not a type name
..\drive\AT24C01.c(62): error:  #18: expected a ")"
..\drive\AT24C01.c(117): error:  #757: variable "vu8" is not a type name
compiling BEEP.c...
..\Include\my_register.h(137): error:  #20: identifier "exetern" is undefined
..\Include\my_register.h(137): error:  #101: "vu8" has already been declared in the current scope
..\Include\my_register.h(137): error:  #65: expected a ";"
..\Include\my_register.h(138): error:  #757: variable "vu8" is not a type name
..\Include\my_register.h(139): error:  #757: variable "vu8" is not a type name
..\Include\my_register.h(140): error:  #757: variable "vu8" is not a type name
..\Include\my_register.h(141): error:  #757: variable "vu8" is not a type name
..\Include\my_register.h(142): error:  #757: variable "vu8" is not a type name
..\Include\my_register.h(143): error:  #757: variable "vu8" is not a type name
..\Include\my_register.h(144): error:  #757: variable "vu8" is not a type name
..\Include\my_register.h(352): error:  #757: variable "vu8" is not a type name
..\Include\my_register.h(353): error:  #757: variable "vu8" is not a type name
..\drive\BEEP.c(24): error:  #757: variable "vu8" is not a type name
compiling bsp_SysTick.c...
..\Include\my_register.h(137): error:  #20: identifier "exetern" is undefined
..\Include\my_register.h(137): error:  #101: "vu8" has already been declared in the current scope
..\Include\my_register.h(137): error:  #65: expected a ";"
..\Include\my_register.h(138): error:  #757: variable "vu8" is not a type name
..\Include\my_register.h(139): error:  #757: variable "vu8" is not a type name
..\Include\my_register.h(140): error:  #757: variable "vu8" is not a type name
..\Include\my_register.h(141): error:  #757: variable "vu8" is not a type name
..\Include\my_register.h(142): error:  #757: variable "vu8" is not a type name
..\Include\my_register.h(143): error:  #757: variable "vu8" is not a type name
..\Include\my_register.h(144): error:  #757: variable "vu8" is not a type name
..\Include\my_register.h(352): error:  #757: variable "vu8" is not a type name
..\Include\my_register.h(353): error:  #757: variable "vu8" is not a type name
compiling flash.c...
..\Include\my_register.h(137): error:  #20: identifier "exetern" is undefined
..\Include\my_register.h(137): error:  #101: "vu8" has already been declared in the current scope
..\Include\my_register.h(137): error:  #65: expected a ";"
..\Include\my_register.h(138): error:  #757: variable "vu8" is not a type name
..\Include\my_register.h(139): error:  #757: variable "vu8" is not a type name
..\Include\my_register.h(140): error:  #757: variable "vu8" is not a type name
..\Include\my_register.h(141): error:  #757: variable "vu8" is not a type name
..\Include\my_register.h(142): error:  #757: variable "vu8" is not a type name
..\Include\my_register.h(143): error:  #757: variable "vu8" is not a type name
..\Include\my_register.h(144): error:  #757: variable "vu8" is not a type name
..\Include\my_register.h(352): error:  #757: variable "vu8" is not a type name
..\Include\my_register.h(353): error:  #757: variable "vu8" is not a type name
..\Include\AT24C01.h(24): error:  #757: variable "vu8" is not a type name
..\Include\AT24C01.h(25): error:  #757: variable "vu8" is not a type name
..\Include\AT24C01.h(25): error:  #757: variable "vu8" is not a type name
..\Include\AT24C01.h(26): error:  #757: variable "vu8" is not a type name
..\Include\AT24C01.h(26): error:  #757: variable "vu8" is not a type name
..\Include\AT24C01.h(28): error:  #757: variable "vu8" is not a type name
..\Include\AT24C01.h(29): error:  #757: variable "vu8" is not a type name
..\Include\AT24C01.h(29): error:  #757: variable "vu8" is not a type name
..\drive\flash.c(26): error:  #65: expected a ";"
..\drive\flash.c(28): error:  #20: identifier "data_8bit" is undefined
..\drive\flash.c(306): error:  #65: expected a ";"
..\drive\flash.c(308): error:  #20: identifier "data_8bit" is undefined
..\drive\flash.c(320): error:  #65: expected a ";"
..\drive\flash.c(322): error:  #20: identifier "data_8bit" is undefined
compiling GPIO.c...
..\Include\my_register.h(137): error:  #20: identifier "exetern" is undefined
..\Include\my_register.h(137): error:  #101: "vu8" has already been declared in the current scope
..\Include\my_register.h(137): error:  #65: expected a ";"
..\Include\my_register.h(138): error:  #757: variable "vu8" is not a type name
..\Include\my_register.h(139): error:  #757: variable "vu8" is not a type name
..\Include\my_register.h(140): error:  #757: variable "vu8" is not a type name
..\Include\my_register.h(141): error:  #757: variable "vu8" is not a type name
..\Include\my_register.h(142): error:  #757: variable "vu8" is not a type name
..\Include\my_register.h(143): error:  #757: variable "vu8" is not a type name
..\Include\my_register.h(144): error:  #757: variable "vu8" is not a type name
..\Include\my_register.h(352): error:  #757: variable "vu8" is not a type name
..\Include\my_register.h(353): error:  #757: variable "vu8" is not a type name
compiling IIC_24C01.c...
..\Include\my_register.h(137): error:  #20: identifier "exetern" is undefined
..\Include\my_register.h(137): error:  #101: "vu8" has already been declared in the current scope
..\Include\my_register.h(137): error:  #65: expected a ";"
..\Include\my_register.h(138): error:  #757: variable "vu8" is not a type name
..\Include\my_register.h(139): error:  #757: variable "vu8" is not a type name
..\Include\my_register.h(140): error:  #757: variable "vu8" is not a type name
..\Include\my_register.h(141): error:  #757: variable "vu8" is not a type name
..\Include\my_register.h(142): error:  #757: variable "vu8" is not a type name
..\Include\my_register.h(143): error:  #757: variable "vu8" is not a type name
..\Include\my_register.h(144): error:  #757: variable "vu8" is not a type name
..\Include\my_register.h(352): error:  #757: variable "vu8" is not a type name
..\Include\my_register.h(353): error:  #757: variable "vu8" is not a type name
..\Include\IIC_24C01.h(11): error:  #757: variable "vu8" is not a type name
..\Include\IIC_24C01.h(12): error:  #757: variable "vu8" is not a type name
..\Include\IIC_24C01.h(13): error:  #757: variable "vu8" is not a type name
..\Include\IIC_24C01.h(16): error:  #757: variable "vu8" is not a type name
..\Include\IIC_24C01.h(16): error:  #757: variable "vu8" is not a type name
..\drive\IIC_24C01.c(55): error:  #65: expected a ";"
..\drive\IIC_24C01.c(66): error:  #20: identifier "i" is undefined
..\drive\IIC_24C01.c(114): error:  #757: variable "vu8" is not a type name
..\drive\IIC_24C01.c(116): error:  #65: expected a ";"
..\drive\IIC_24C01.c(119): error:  #20: identifier "i" is undefined
..\drive\IIC_24C01.c(150): error:  #757: variable "vu8" is not a type name
..\drive\IIC_24C01.c(152): error:  #65: expected a ";"
..\drive\IIC_24C01.c(153): error:  #65: expected a ";"
..\drive\IIC_24C01.c(156): error:  #20: identifier "value" is undefined
..\drive\IIC_24C01.c(157): error:  #20: identifier "i" is undefined
..\drive\IIC_24C01.c(180): error:  #757: variable "vu8" is not a type name
..\drive\IIC_24C01.c(182): error:  #65: expected a ";"
..\drive\IIC_24C01.c(190): error:  #20: identifier "re" is undefined
compiling key.c...
..\Include\my_register.h(137): error:  #20: identifier "exetern" is undefined
..\Include\my_register.h(137): error:  #101: "vu8" has already been declared in the current scope
..\Include\my_register.h(137): error:  #65: expected a ";"
..\Include\my_register.h(138): error:  #757: variable "vu8" is not a type name
..\Include\my_register.h(139): error:  #757: variable "vu8" is not a type name
..\Include\my_register.h(140): error:  #757: variable "vu8" is not a type name
..\Include\my_register.h(141): error:  #757: variable "vu8" is not a type name
..\Include\my_register.h(142): error:  #757: variable "vu8" is not a type name
..\Include\my_register.h(143): error:  #757: variable "vu8" is not a type name
..\Include\my_register.h(144): error:  #757: variable "vu8" is not a type name
..\Include\my_register.h(352): error:  #757: variable "vu8" is not a type name
..\Include\my_register.h(353): error:  #757: variable "vu8" is not a type name
..\Include\flash.h(13): error:  #757: variable "vu8" is not a type name
..\Include\flash.h(13): error:  #757: variable "vu8" is not a type name
..\Include\flash.h(14): error:  #757: variable "vu8" is not a type name
..\Include\flash.h(14): error:  #757: variable "vu8" is not a type name
..\Include\key.h(21): error:  #757: variable "vu8" is not a type name
..\drive\key.c(40): error:  #757: variable "vu8" is not a type name
..\drive\key.c(41): error:  #757: variable "vu8" is not a type name
..\drive\key.c(42): error:  #757: variable "vu8" is not a type name
..\drive\key.c(43): error:  #757: variable "vu8" is not a type name
..\drive\key.c(44): error:  #757: variable "vu8" is not a type name
..\drive\key.c(45): error:  #757: variable "vu8" is not a type name
..\drive\key.c(46): error:  #757: variable "vu8" is not a type name
..\drive\key.c(47): error:  #757: variable "vu8" is not a type name
..\drive\key.c(48): error:  #757: variable "vu8" is not a type name
..\drive\key.c(50): error:  #757: variable "vu8" is not a type name
..\drive\key.c(52): error:  #757: variable "vu8" is not a type name
..\drive\key.c(53): error:  #757: variable "vu8" is not a type name
..\drive\key.c(54): error:  #757: variable "vu8" is not a type name
compiling modbus.c...
..\Include\my_register.h(137): error:  #20: identifier "exetern" is undefined
..\Include\my_register.h(137): error:  #101: "vu8" has already been declared in the current scope
..\Include\my_register.h(137): error:  #65: expected a ";"
..\Include\my_register.h(138): error:  #757: variable "vu8" is not a type name
..\Include\my_register.h(139): error:  #757: variable "vu8" is not a type name
..\Include\my_register.h(140): error:  #757: variable "vu8" is not a type name
..\Include\my_register.h(141): error:  #757: variable "vu8" is not a type name
..\Include\my_register.h(142): error:  #757: variable "vu8" is not a type name
..\Include\my_register.h(143): error:  #757: variable "vu8" is not a type name
..\Include\my_register.h(144): error:  #757: variable "vu8" is not a type name
..\Include\my_register.h(352): error:  #757: variable "vu8" is not a type name
..\Include\my_register.h(353): error:  #757: variable "vu8" is not a type name
..\Include\flash.h(13): error:  #757: variable "vu8" is not a type name
..\Include\flash.h(13): error:  #757: variable "vu8" is not a type name
..\Include\flash.h(14): error:  #757: variable "vu8" is not a type name
..\Include\flash.h(14): error:  #757: variable "vu8" is not a type name
..\drive\modbus.c(28): error:  #757: variable "vu8" is not a type name
..\drive\modbus.c(40): error:  #757: variable "vu8" is not a type name
..\drive\modbus.c(42): error:  #757: variable "vu8" is not a type name
..\drive\modbus.c(42): error:  #757: variable "vu8" is not a type name
..\drive\modbus.c(52): error:  #65: expected a ";"
..\drive\modbus.c(53): error:  #268: declaration may not appear after executable statement in block
..\drive\modbus.c(64): error:  #20: identifier "i" is undefined
..\drive\modbus.c(82): error:  #65: expected a ";"
..\drive\modbus.c(83): error:  #65: expected a ";"
..\drive\modbus.c(84): error:  #268: declaration may not appear after executable statement in block
..\drive\modbus.c(85): error:  #268: declaration may not appear after executable statement in block
..\drive\modbus.c(95): error:  #20: identifier "var8" is undefined
..\drive\modbus.c(100): error:  #20: identifier "a" is undefined
..\drive\modbus.c(120): error:  #20: identifier "var8" is undefined
compiling ssd1963.c...
..\Include\my_register.h(137): error:  #20: identifier "exetern" is undefined
..\Include\my_register.h(137): error:  #101: "vu8" has already been declared in the current scope
..\Include\my_register.h(137): error:  #65: expected a ";"
..\Include\my_register.h(138): error:  #757: variable "vu8" is not a type name
..\Include\my_register.h(139): error:  #757: variable "vu8" is not a type name
..\Include\my_register.h(140): error:  #757: variable "vu8" is not a type name
..\Include\my_register.h(141): error:  #757: variable "vu8" is not a type name
..\Include\my_register.h(142): error:  #757: variable "vu8" is not a type name
..\Include\my_register.h(143): error:  #757: variable "vu8" is not a type name
..\Include\my_register.h(144): error:  #757: variable "vu8" is not a type name
..\Include\my_register.h(352): error:  #757: variable "vu8" is not a type name
..\Include\my_register.h(353): error:  #757: variable "vu8" is not a type name
..\drive\ssd1963.c(22): error:  #757: variable "vu8" is not a type name
..\drive\ssd1963.c(29): error:  #757: variable "vu8" is not a type name
..\drive\ssd1963.c(168): warning:  #550-D: variable "FSMC_NORSRAMTimingInitStructure" was set but never used
compiling TIM1.c...
..\Include\my_register.h(137): error:  #20: identifier "exetern" is undefined
..\Include\my_register.h(137): error:  #101: "vu8" has already been declared in the current scope
..\Include\my_register.h(137): error:  #65: expected a ";"
..\Include\my_register.h(138): error:  #757: variable "vu8" is not a type name
..\Include\my_register.h(139): error:  #757: variable "vu8" is not a type name
..\Include\my_register.h(140): error:  #757: variable "vu8" is not a type name
..\Include\my_register.h(141): error:  #757: variable "vu8" is not a type name
..\Include\my_register.h(142): error:  #757: variable "vu8" is not a type name
..\Include\my_register.h(143): error:  #757: variable "vu8" is not a type name
..\Include\my_register.h(144): error:  #757: variable "vu8" is not a type name
..\Include\my_register.h(352): error:  #757: variable "vu8" is not a type name
..\Include\my_register.h(353): error:  #757: variable "vu8" is not a type name
compiling TIM2.c...
..\Include\my_register.h(137): error:  #20: identifier "exetern" is undefined
..\Include\my_register.h(137): error:  #101: "vu8" has already been declared in the current scope
..\Include\my_register.h(137): error:  #65: expected a ";"
..\Include\my_register.h(138): error:  #757: variable "vu8" is not a type name
..\Include\my_register.h(139): error:  #757: variable "vu8" is not a type name
..\Include\my_register.h(140): error:  #757: variable "vu8" is not a type name
..\Include\my_register.h(141): error:  #757: variable "vu8" is not a type name
..\Include\my_register.h(142): error:  #757: variable "vu8" is not a type name
..\Include\my_register.h(143): error:  #757: variable "vu8" is not a type name
..\Include\my_register.h(144): error:  #757: variable "vu8" is not a type name
..\Include\my_register.h(352): error:  #757: variable "vu8" is not a type name
..\Include\my_register.h(353): error:  #757: variable "vu8" is not a type name
compiling TIM6.c...
..\Include\my_register.h(137): error:  #20: identifier "exetern" is undefined
..\Include\my_register.h(137): error:  #101: "vu8" has already been declared in the current scope
..\Include\my_register.h(137): error:  #65: expected a ";"
..\Include\my_register.h(138): error:  #757: variable "vu8" is not a type name
..\Include\my_register.h(139): error:  #757: variable "vu8" is not a type name
..\Include\my_register.h(140): error:  #757: variable "vu8" is not a type name
..\Include\my_register.h(141): error:  #757: variable "vu8" is not a type name
..\Include\my_register.h(142): error:  #757: variable "vu8" is not a type name
..\Include\my_register.h(143): error:  #757: variable "vu8" is not a type name
..\Include\my_register.h(144): error:  #757: variable "vu8" is not a type name
..\Include\my_register.h(352): error:  #757: variable "vu8" is not a type name
..\Include\my_register.h(353): error:  #757: variable "vu8" is not a type name
..\drive\TIM6.c(181): error:  #20: identifier "r_stable" is undefined
compiling usart.c...
..\Include\my_register.h(137): error:  #20: identifier "exetern" is undefined
..\Include\my_register.h(137): error:  #101: "vu8" has already been declared in the current scope
..\Include\my_register.h(137): error:  #65: expected a ";"
..\Include\my_register.h(138): error:  #757: variable "vu8" is not a type name
..\Include\my_register.h(139): error:  #757: variable "vu8" is not a type name
..\Include\my_register.h(140): error:  #757: variable "vu8" is not a type name
..\Include\my_register.h(141): error:  #757: variable "vu8" is not a type name
..\Include\my_register.h(142): error:  #757: variable "vu8" is not a type name
..\Include\my_register.h(143): error:  #757: variable "vu8" is not a type name
..\Include\my_register.h(144): error:  #757: variable "vu8" is not a type name
..\Include\my_register.h(352): error:  #757: variable "vu8" is not a type name
..\Include\my_register.h(353): error:  #757: variable "vu8" is not a type name
..\drive\usart.c(26): error:  #757: variable "vu8" is not a type name
..\drive\usart.c(27): error:  #757: variable "vu8" is not a type name
..\drive\usart.c(28): error:  #757: variable "vu8" is not a type name
..\drive\usart.c(29): error:  #757: variable "vu8" is not a type name
..\drive\usart.c(30): error:  #757: variable "vu8" is not a type name
..\drive\usart.c(87): error:  #757: variable "vu8" is not a type name
compiling TM1650.c...
..\Include\my_register.h(137): error:  #20: identifier "exetern" is undefined
..\Include\my_register.h(137): error:  #101: "vu8" has already been declared in the current scope
..\Include\my_register.h(137): error:  #65: expected a ";"
..\Include\my_register.h(138): error:  #757: variable "vu8" is not a type name
..\Include\my_register.h(139): error:  #757: variable "vu8" is not a type name
..\Include\my_register.h(140): error:  #757: variable "vu8" is not a type name
..\Include\my_register.h(141): error:  #757: variable "vu8" is not a type name
..\Include\my_register.h(142): error:  #757: variable "vu8" is not a type name
..\Include\my_register.h(143): error:  #757: variable "vu8" is not a type name
..\Include\my_register.h(144): error:  #757: variable "vu8" is not a type name
..\Include\my_register.h(352): error:  #757: variable "vu8" is not a type name
..\Include\my_register.h(353): error:  #757: variable "vu8" is not a type name
..\Include\tm1650.h(11): error:  #757: variable "vu8" is not a type name
..\Include\tm1650.h(12): error:  #757: variable "vu8" is not a type name
..\Include\tm1650.h(13): error:  #757: variable "vu8" is not a type name
..\Include\tm1650.h(16): error:  #757: variable "vu8" is not a type name
..\Include\tm1650.h(16): error:  #757: variable "vu8" is not a type name
..\Include\tm1650.h(18): error:  #757: variable "vu8" is not a type name
..\Include\tm1650.h(19): error:  #757: variable "vu8" is not a type name
..\Include\tm1650.h(19): error:  #757: variable "vu8" is not a type name
..\drive\TM1650.c(53): error:  #65: expected a ";"
..\drive\TM1650.c(54): error:  #20: identifier "i" is undefined
..\drive\TM1650.c(93): error:  #757: variable "vu8" is not a type name
..\drive\TM1650.c(95): error:  #65: expected a ";"
..\drive\TM1650.c(98): error:  #20: identifier "i" is undefined
..\drive\TM1650.c(126): error:  #757: variable "vu8" is not a type name
..\drive\TM1650.c(128): error:  #65: expected a ";"
..\drive\TM1650.c(129): error:  #65: expected a ";"
..\drive\TM1650.c(132): error:  #20: identifier "value" is undefined
..\drive\TM1650.c(133): error:  #20: identifier "i" is undefined
compiling clock.c...
..\Include\my_register.h(137): error:  #20: identifier "exetern" is undefined
..\Include\my_register.h(137): error:  #101: "vu8" has already been declared in the current scope
..\Include\my_register.h(137): error:  #65: expected a ";"
..\Include\my_register.h(138): error:  #757: variable "vu8" is not a type name
..\Include\my_register.h(139): error:  #757: variable "vu8" is not a type name
..\Include\my_register.h(140): error:  #757: variable "vu8" is not a type name
..\Include\my_register.h(141): error:  #757: variable "vu8" is not a type name
..\Include\my_register.h(142): error:  #757: variable "vu8" is not a type name
..\Include\my_register.h(143): error:  #757: variable "vu8" is not a type name
..\Include\my_register.h(144): error:  #757: variable "vu8" is not a type name
..\Include\my_register.h(352): error:  #757: variable "vu8" is not a type name
..\Include\my_register.h(353): error:  #757: variable "vu8" is not a type name
..\drive\clock.c(11): error:  #757: variable "vu8" is not a type name
compiling GUIDRV_Template.c...
..\Include\my_register.h(137): error:  #20: identifier "exetern" is undefined
..\Include\my_register.h(137): error:  #101: "vu8" has already been declared in the current scope
..\Include\my_register.h(137): error:  #65: expected a ";"
..\Include\my_register.h(138): error:  #757: variable "vu8" is not a type name
..\Include\my_register.h(139): error:  #757: variable "vu8" is not a type name
..\Include\my_register.h(140): error:  #757: variable "vu8" is not a type name
..\Include\my_register.h(141): error:  #757: variable "vu8" is not a type name
..\Include\my_register.h(142): error:  #757: variable "vu8" is not a type name
..\Include\my_register.h(143): error:  #757: variable "vu8" is not a type name
..\Include\my_register.h(144): error:  #757: variable "vu8" is not a type name
..\Include\my_register.h(352): error:  #757: variable "vu8" is not a type name
..\Include\my_register.h(353): error:  #757: variable "vu8" is not a type name
..\STemWinLibrary522\Config\GUIDRV_Template.c(264): warning:  #177-D: variable "xPhys" was declared but never referenced
..\STemWinLibrary522\Config\GUIDRV_Template.c(264): warning:  #177-D: variable "yPhys" was declared but never referenced
..\STemWinLibrary522\Config\GUIDRV_Template.c(264): warning:  #177-D: variable "lphys" was declared but never referenced
compiling LCDConf_FlexColor_Template.c...
..\Include\my_register.h(137): error:  #20: identifier "exetern" is undefined
..\Include\my_register.h(137): error:  #101: "vu8" has already been declared in the current scope
..\Include\my_register.h(137): error:  #65: expected a ";"
..\Include\my_register.h(138): error:  #757: variable "vu8" is not a type name
..\Include\my_register.h(139): error:  #757: variable "vu8" is not a type name
..\Include\my_register.h(140): error:  #757: variable "vu8" is not a type name
..\Include\my_register.h(141): error:  #757: variable "vu8" is not a type name
..\Include\my_register.h(142): error:  #757: variable "vu8" is not a type name
..\Include\my_register.h(143): error:  #757: variable "vu8" is not a type name
..\Include\my_register.h(144): error:  #757: variable "vu8" is not a type name
..\Include\my_register.h(352): error:  #757: variable "vu8" is not a type name
..\Include\my_register.h(353): error:  #757: variable "vu8" is not a type name
compiling MainTask.c...
..\Include\my_register.h(137): error:  #20: identifier "exetern" is undefined
..\Include\my_register.h(137): error:  #101: "vu8" has already been declared in the current scope
..\Include\my_register.h(137): error:  #65: expected a ";"
..\Include\my_register.h(138): error:  #757: variable "vu8" is not a type name
..\Include\my_register.h(139): error:  #757: variable "vu8" is not a type name
..\Include\my_register.h(140): error:  #757: variable "vu8" is not a type name
..\Include\my_register.h(141): error:  #757: variable "vu8" is not a type name
..\Include\my_register.h(142): error:  #757: variable "vu8" is not a type name
..\Include\my_register.h(143): error:  #757: variable "vu8" is not a type name
..\Include\my_register.h(144): error:  #757: variable "vu8" is not a type name
..\Include\my_register.h(352): error:  #757: variable "vu8" is not a type name
..\Include\my_register.h(353): error:  #757: variable "vu8" is not a type name
..\Include\key.h(21): error:  #757: variable "vu8" is not a type name
..\Include\tm1650.h(11): error:  #757: variable "vu8" is not a type name
..\Include\tm1650.h(12): error:  #757: variable "vu8" is not a type name
..\Include\tm1650.h(13): error:  #757: variable "vu8" is not a type name
..\Include\tm1650.h(16): error:  #757: variable "vu8" is not a type name
..\Include\tm1650.h(16): error:  #757: variable "vu8" is not a type name
..\Include\tm1650.h(18): error:  #757: variable "vu8" is not a type name
..\Include\tm1650.h(19): error:  #757: variable "vu8" is not a type name
..\Include\tm1650.h(19): error:  #757: variable "vu8" is not a type name
compiling menu.c...
..\Include\my_register.h(137): error:  #20: identifier "exetern" is undefined
..\Include\my_register.h(137): error:  #101: "vu8" has already been declared in the current scope
..\Include\my_register.h(137): error:  #65: expected a ";"
..\Include\my_register.h(138): error:  #757: variable "vu8" is not a type name
..\Include\my_register.h(139): error:  #757: variable "vu8" is not a type name
..\Include\my_register.h(140): error:  #757: variable "vu8" is not a type name
..\Include\my_register.h(141): error:  #757: variable "vu8" is not a type name
..\Include\my_register.h(142): error:  #757: variable "vu8" is not a type name
..\Include\my_register.h(143): error:  #757: variable "vu8" is not a type name
..\Include\my_register.h(144): error:  #757: variable "vu8" is not a type name
..\Include\my_register.h(352): error:  #757: variable "vu8" is not a type name
..\Include\my_register.h(353): error:  #757: variable "vu8" is not a type name
compiling R_Face.c...
..\Include\my_register.h(137): error:  #20: identifier "exetern" is undefined
..\Include\my_register.h(137): error:  #101: "vu8" has already been declared in the current scope
..\Include\my_register.h(137): error:  #65: expected a ";"
..\Include\my_register.h(138): error:  #757: variable "vu8" is not a type name
..\Include\my_register.h(139): error:  #757: variable "vu8" is not a type name
..\Include\my_register.h(140): error:  #757: variable "vu8" is not a type name
..\Include\my_register.h(141): error:  #757: variable "vu8" is not a type name
..\Include\my_register.h(142): error:  #757: variable "vu8" is not a type name
..\Include\my_register.h(143): error:  #757: variable "vu8" is not a type name
..\Include\my_register.h(144): error:  #757: variable "vu8" is not a type name
..\Include\my_register.h(352): error:  #757: variable "vu8" is not a type name
..\Include\my_register.h(353): error:  #757: variable "vu8" is not a type name
..\Include\key.h(21): error:  #757: variable "vu8" is not a type name
..\Include\tm1650.h(11): error:  #757: variable "vu8" is not a type name
..\Include\tm1650.h(12): error:  #757: variable "vu8" is not a type name
..\Include\tm1650.h(13): error:  #757: variable "vu8" is not a type name
..\Include\tm1650.h(16): error:  #757: variable "vu8" is not a type name
..\Include\tm1650.h(16): error:  #757: variable "vu8" is not a type name
..\Include\tm1650.h(18): error:  #757: variable "vu8" is not a type name
..\Include\tm1650.h(19): error:  #757: variable "vu8" is not a type name
..\Include\tm1650.h(19): error:  #757: variable "vu8" is not a type name
..\APP\R_Face.c(24): error:  #757: variable "vu8" is not a type name
..\APP\R_Face.c(25): error:  #757: variable "vu8" is not a type name
..\APP\R_Face.c(26): error:  #757: variable "vu8" is not a type name
..\APP\R_Face.c(27): error:  #757: variable "vu8" is not a type name
..\APP\R_Face.c(28): error:  #757: variable "vu8" is not a type name
..\APP\R_Face.c(29): error:  #757: variable "vu8" is not a type name
..\APP\R_Face.c(30): error:  #757: variable "vu8" is not a type name
..\APP\R_Face.c(31): error:  #757: variable "vu8" is not a type name
..\APP\R_Face.c(36): error:  #757: variable "vu8" is not a type name
compiling load_Face.c...
..\Include\my_register.h(137): error:  #20: identifier "exetern" is undefined
..\Include\my_register.h(137): error:  #101: "vu8" has already been declared in the current scope
..\Include\my_register.h(137): error:  #65: expected a ";"
..\Include\my_register.h(138): error:  #757: variable "vu8" is not a type name
..\Include\my_register.h(139): error:  #757: variable "vu8" is not a type name
..\Include\my_register.h(140): error:  #757: variable "vu8" is not a type name
..\Include\my_register.h(141): error:  #757: variable "vu8" is not a type name
..\Include\my_register.h(142): error:  #757: variable "vu8" is not a type name
..\Include\my_register.h(143): error:  #757: variable "vu8" is not a type name
..\Include\my_register.h(144): error:  #757: variable "vu8" is not a type name
..\Include\my_register.h(352): error:  #757: variable "vu8" is not a type name
..\Include\my_register.h(353): error:  #757: variable "vu8" is not a type name
..\APP\load_Face.c(265): warning:  #1-D: last line of file ends without a newline
compiling STARTER.c...
..\Include\my_register.h(137): error:  #20: identifier "exetern" is undefined
..\Include\my_register.h(137): error:  #101: "vu8" has already been declared in the current scope
..\Include\my_register.h(137): error:  #65: expected a ";"
..\Include\my_register.h(138): error:  #757: variable "vu8" is not a type name
..\Include\my_register.h(139): error:  #757: variable "vu8" is not a type name
..\Include\my_register.h(140): error:  #757: variable "vu8" is not a type name
..\Include\my_register.h(141): error:  #757: variable "vu8" is not a type name
..\Include\my_register.h(142): error:  #757: variable "vu8" is not a type name
..\Include\my_register.h(143): error:  #757: variable "vu8" is not a type name
..\Include\my_register.h(144): error:  #757: variable "vu8" is not a type name
..\Include\my_register.h(352): error:  #757: variable "vu8" is not a type name
..\Include\my_register.h(353): error:  #757: variable "vu8" is not a type name
D:\外发资料\电池综合测试仪 2.1\APP\STARTER.c(25): error:  #757: variable "vu8" is not a type name
Target not created
Build target 'JK_BTSET'
compiling main.c...
..\Include\my_register.h(137): error:  #20: identifier "exetern" is undefined
..\Include\my_register.h(137): error:  #101: "vu8" has already been declared in the current scope
..\Include\my_register.h(137): error:  #65: expected a ";"
..\Include\my_register.h(138): error:  #757: variable "vu8" is not a type name
..\Include\my_register.h(139): error:  #757: variable "vu8" is not a type name
..\Include\my_register.h(140): error:  #757: variable "vu8" is not a type name
..\Include\my_register.h(141): error:  #757: variable "vu8" is not a type name
..\Include\my_register.h(142): error:  #757: variable "vu8" is not a type name
..\Include\my_register.h(143): error:  #757: variable "vu8" is not a type name
..\Include\my_register.h(144): error:  #757: variable "vu8" is not a type name
..\Include\my_register.h(352): error:  #757: variable "vu8" is not a type name
..\Include\my_register.h(353): error:  #757: variable "vu8" is not a type name
..\Include\IIC_24C01.h(11): error:  #757: variable "vu8" is not a type name
..\Include\IIC_24C01.h(12): error:  #757: variable "vu8" is not a type name
..\Include\IIC_24C01.h(13): error:  #757: variable "vu8" is not a type name
..\Include\IIC_24C01.h(16): error:  #757: variable "vu8" is not a type name
..\Include\IIC_24C01.h(16): error:  #757: variable "vu8" is not a type name
..\Include\flash.h(13): error:  #757: variable "vu8" is not a type name
..\Include\flash.h(13): error:  #757: variable "vu8" is not a type name
..\Include\flash.h(14): error:  #757: variable "vu8" is not a type name
..\Include\flash.h(14): error:  #757: variable "vu8" is not a type name
..\Include\tm1650.h(11): error:  #757: variable "vu8" is not a type name
..\Include\tm1650.h(12): error:  #757: variable "vu8" is not a type name
..\Include\tm1650.h(13): error:  #757: variable "vu8" is not a type name
..\Include\tm1650.h(16): error:  #757: variable "vu8" is not a type name
..\Include\tm1650.h(16): error:  #757: variable "vu8" is not a type name
..\Include\tm1650.h(18): error:  #757: variable "vu8" is not a type name
..\Include\tm1650.h(19): error:  #757: variable "vu8" is not a type name
..\Include\tm1650.h(19): error:  #757: variable "vu8" is not a type name
..\User\main.c(54): warning:  #223-D: function "TIM3_Int_Init" declared implicitly
compiling stm32f4xx_it.c...
..\Include\my_register.h(137): error:  #20: identifier "exetern" is undefined
..\Include\my_register.h(137): error:  #101: "vu8" has already been declared in the current scope
..\Include\my_register.h(137): error:  #65: expected a ";"
..\Include\my_register.h(138): error:  #757: variable "vu8" is not a type name
..\Include\my_register.h(139): error:  #757: variable "vu8" is not a type name
..\Include\my_register.h(140): error:  #757: variable "vu8" is not a type name
..\Include\my_register.h(141): error:  #757: variable "vu8" is not a type name
..\Include\my_register.h(142): error:  #757: variable "vu8" is not a type name
..\Include\my_register.h(143): error:  #757: variable "vu8" is not a type name
..\Include\my_register.h(144): error:  #757: variable "vu8" is not a type name
..\Include\my_register.h(352): error:  #757: variable "vu8" is not a type name
..\Include\my_register.h(353): error:  #757: variable "vu8" is not a type name
compiling adc.c...
..\Include\my_register.h(137): error:  #20: identifier "exetern" is undefined
..\Include\my_register.h(137): error:  #101: "vu8" has already been declared in the current scope
..\Include\my_register.h(137): error:  #65: expected a ";"
..\Include\my_register.h(138): error:  #757: variable "vu8" is not a type name
..\Include\my_register.h(139): error:  #757: variable "vu8" is not a type name
..\Include\my_register.h(140): error:  #757: variable "vu8" is not a type name
..\Include\my_register.h(141): error:  #757: variable "vu8" is not a type name
..\Include\my_register.h(142): error:  #757: variable "vu8" is not a type name
..\Include\my_register.h(143): error:  #757: variable "vu8" is not a type name
..\Include\my_register.h(144): error:  #757: variable "vu8" is not a type name
..\Include\my_register.h(352): error:  #757: variable "vu8" is not a type name
..\Include\my_register.h(353): error:  #757: variable "vu8" is not a type name
..\drive\adc.c(149): error:  #757: variable "vu8" is not a type name
..\drive\adc.c(150): error:  #65: expected a ";"
..\drive\adc.c(151): error:  #268: declaration may not appear after executable statement in block
..\drive\adc.c(151): error:  #757: variable "vu8" is not a type name
..\drive\adc.c(152): error:  #268: declaration may not appear after executable statement in block
..\drive\adc.c(152): error:  #757: variable "vu8" is not a type name
..\drive\adc.c(153): error:  #268: declaration may not appear after executable statement in block
..\drive\adc.c(189): error:  #20: identifier "count" is undefined
compiling AT24C01.c...
..\Include\my_register.h(137): error:  #20: identifier "exetern" is undefined
..\Include\my_register.h(137): error:  #101: "vu8" has already been declared in the current scope
..\Include\my_register.h(137): error:  #65: expected a ";"
..\Include\my_register.h(138): error:  #757: variable "vu8" is not a type name
..\Include\my_register.h(139): error:  #757: variable "vu8" is not a type name
..\Include\my_register.h(140): error:  #757: variable "vu8" is not a type name
..\Include\my_register.h(141): error:  #757: variable "vu8" is not a type name
..\Include\my_register.h(142): error:  #757: variable "vu8" is not a type name
..\Include\my_register.h(143): error:  #757: variable "vu8" is not a type name
..\Include\my_register.h(144): error:  #757: variable "vu8" is not a type name
..\Include\my_register.h(352): error:  #757: variable "vu8" is not a type name
..\Include\my_register.h(353): error:  #757: variable "vu8" is not a type name
..\Include\IIC_24C01.h(11): error:  #757: variable "vu8" is not a type name
..\Include\IIC_24C01.h(12): error:  #757: variable "vu8" is not a type name
..\Include\IIC_24C01.h(13): error:  #757: variable "vu8" is not a type name
..\Include\IIC_24C01.h(16): error:  #757: variable "vu8" is not a type name
..\Include\IIC_24C01.h(16): error:  #757: variable "vu8" is not a type name
..\Include\AT24C01.h(24): error:  #757: variable "vu8" is not a type name
..\Include\AT24C01.h(25): error:  #757: variable "vu8" is not a type name
..\Include\AT24C01.h(25): error:  #757: variable "vu8" is not a type name
..\Include\AT24C01.h(26): error:  #757: variable "vu8" is not a type name
..\Include\AT24C01.h(26): error:  #757: variable "vu8" is not a type name
..\Include\AT24C01.h(28): error:  #757: variable "vu8" is not a type name
..\Include\AT24C01.h(29): error:  #757: variable "vu8" is not a type name
..\Include\AT24C01.h(29): error:  #757: variable "vu8" is not a type name
..\drive\AT24C01.c(19): error:  #757: variable "vu8" is not a type name
..\drive\AT24C01.c(43): error:  #757: variable "vu8" is not a type name
..\drive\AT24C01.c(43): error:  #757: variable "vu8" is not a type name
..\drive\AT24C01.c(62): error:  #18: expected a ")"
..\drive\AT24C01.c(117): error:  #757: variable "vu8" is not a type name
compiling BEEP.c...
..\Include\my_register.h(137): error:  #20: identifier "exetern" is undefined
..\Include\my_register.h(137): error:  #101: "vu8" has already been declared in the current scope
..\Include\my_register.h(137): error:  #65: expected a ";"
..\Include\my_register.h(138): error:  #757: variable "vu8" is not a type name
..\Include\my_register.h(139): error:  #757: variable "vu8" is not a type name
..\Include\my_register.h(140): error:  #757: variable "vu8" is not a type name
..\Include\my_register.h(141): error:  #757: variable "vu8" is not a type name
..\Include\my_register.h(142): error:  #757: variable "vu8" is not a type name
..\Include\my_register.h(143): error:  #757: variable "vu8" is not a type name
..\Include\my_register.h(144): error:  #757: variable "vu8" is not a type name
..\Include\my_register.h(352): error:  #757: variable "vu8" is not a type name
..\Include\my_register.h(353): error:  #757: variable "vu8" is not a type name
..\drive\BEEP.c(24): error:  #757: variable "vu8" is not a type name
compiling bsp_SysTick.c...
..\Include\my_register.h(137): error:  #20: identifier "exetern" is undefined
..\Include\my_register.h(137): error:  #101: "vu8" has already been declared in the current scope
..\Include\my_register.h(137): error:  #65: expected a ";"
..\Include\my_register.h(138): error:  #757: variable "vu8" is not a type name
..\Include\my_register.h(139): error:  #757: variable "vu8" is not a type name
..\Include\my_register.h(140): error:  #757: variable "vu8" is not a type name
..\Include\my_register.h(141): error:  #757: variable "vu8" is not a type name
..\Include\my_register.h(142): error:  #757: variable "vu8" is not a type name
..\Include\my_register.h(143): error:  #757: variable "vu8" is not a type name
..\Include\my_register.h(144): error:  #757: variable "vu8" is not a type name
..\Include\my_register.h(352): error:  #757: variable "vu8" is not a type name
..\Include\my_register.h(353): error:  #757: variable "vu8" is not a type name
compiling flash.c...
..\Include\my_register.h(137): error:  #20: identifier "exetern" is undefined
..\Include\my_register.h(137): error:  #101: "vu8" has already been declared in the current scope
..\Include\my_register.h(137): error:  #65: expected a ";"
..\Include\my_register.h(138): error:  #757: variable "vu8" is not a type name
..\Include\my_register.h(139): error:  #757: variable "vu8" is not a type name
..\Include\my_register.h(140): error:  #757: variable "vu8" is not a type name
..\Include\my_register.h(141): error:  #757: variable "vu8" is not a type name
..\Include\my_register.h(142): error:  #757: variable "vu8" is not a type name
..\Include\my_register.h(143): error:  #757: variable "vu8" is not a type name
..\Include\my_register.h(144): error:  #757: variable "vu8" is not a type name
..\Include\my_register.h(352): error:  #757: variable "vu8" is not a type name
..\Include\my_register.h(353): error:  #757: variable "vu8" is not a type name
..\Include\AT24C01.h(24): error:  #757: variable "vu8" is not a type name
..\Include\AT24C01.h(25): error:  #757: variable "vu8" is not a type name
..\Include\AT24C01.h(25): error:  #757: variable "vu8" is not a type name
..\Include\AT24C01.h(26): error:  #757: variable "vu8" is not a type name
..\Include\AT24C01.h(26): error:  #757: variable "vu8" is not a type name
..\Include\AT24C01.h(28): error:  #757: variable "vu8" is not a type name
..\Include\AT24C01.h(29): error:  #757: variable "vu8" is not a type name
..\Include\AT24C01.h(29): error:  #757: variable "vu8" is not a type name
..\drive\flash.c(26): error:  #65: expected a ";"
..\drive\flash.c(28): error:  #20: identifier "data_8bit" is undefined
..\drive\flash.c(306): error:  #65: expected a ";"
..\drive\flash.c(308): error:  #20: identifier "data_8bit" is undefined
..\drive\flash.c(320): error:  #65: expected a ";"
..\drive\flash.c(322): error:  #20: identifier "data_8bit" is undefined
compiling GPIO.c...
..\Include\my_register.h(137): error:  #20: identifier "exetern" is undefined
..\Include\my_register.h(137): error:  #101: "vu8" has already been declared in the current scope
..\Include\my_register.h(137): error:  #65: expected a ";"
..\Include\my_register.h(138): error:  #757: variable "vu8" is not a type name
..\Include\my_register.h(139): error:  #757: variable "vu8" is not a type name
..\Include\my_register.h(140): error:  #757: variable "vu8" is not a type name
..\Include\my_register.h(141): error:  #757: variable "vu8" is not a type name
..\Include\my_register.h(142): error:  #757: variable "vu8" is not a type name
..\Include\my_register.h(143): error:  #757: variable "vu8" is not a type name
..\Include\my_register.h(144): error:  #757: variable "vu8" is not a type name
..\Include\my_register.h(352): error:  #757: variable "vu8" is not a type name
..\Include\my_register.h(353): error:  #757: variable "vu8" is not a type name
compiling IIC_24C01.c...
..\Include\my_register.h(137): error:  #20: identifier "exetern" is undefined
..\Include\my_register.h(137): error:  #101: "vu8" has already been declared in the current scope
..\Include\my_register.h(137): error:  #65: expected a ";"
..\Include\my_register.h(138): error:  #757: variable "vu8" is not a type name
..\Include\my_register.h(139): error:  #757: variable "vu8" is not a type name
..\Include\my_register.h(140): error:  #757: variable "vu8" is not a type name
..\Include\my_register.h(141): error:  #757: variable "vu8" is not a type name
..\Include\my_register.h(142): error:  #757: variable "vu8" is not a type name
..\Include\my_register.h(143): error:  #757: variable "vu8" is not a type name
..\Include\my_register.h(144): error:  #757: variable "vu8" is not a type name
..\Include\my_register.h(352): error:  #757: variable "vu8" is not a type name
..\Include\my_register.h(353): error:  #757: variable "vu8" is not a type name
..\Include\IIC_24C01.h(11): error:  #757: variable "vu8" is not a type name
..\Include\IIC_24C01.h(12): error:  #757: variable "vu8" is not a type name
..\Include\IIC_24C01.h(13): error:  #757: variable "vu8" is not a type name
..\Include\IIC_24C01.h(16): error:  #757: variable "vu8" is not a type name
..\Include\IIC_24C01.h(16): error:  #757: variable "vu8" is not a type name
..\drive\IIC_24C01.c(55): error:  #65: expected a ";"
..\drive\IIC_24C01.c(66): error:  #20: identifier "i" is undefined
..\drive\IIC_24C01.c(114): error:  #757: variable "vu8" is not a type name
..\drive\IIC_24C01.c(116): error:  #65: expected a ";"
..\drive\IIC_24C01.c(119): error:  #20: identifier "i" is undefined
..\drive\IIC_24C01.c(150): error:  #757: variable "vu8" is not a type name
..\drive\IIC_24C01.c(152): error:  #65: expected a ";"
..\drive\IIC_24C01.c(153): error:  #65: expected a ";"
..\drive\IIC_24C01.c(156): error:  #20: identifier "value" is undefined
..\drive\IIC_24C01.c(157): error:  #20: identifier "i" is undefined
..\drive\IIC_24C01.c(180): error:  #757: variable "vu8" is not a type name
..\drive\IIC_24C01.c(182): error:  #65: expected a ";"
..\drive\IIC_24C01.c(190): error:  #20: identifier "re" is undefined
compiling key.c...
..\Include\my_register.h(137): error:  #20: identifier "exetern" is undefined
..\Include\my_register.h(137): error:  #101: "vu8" has already been declared in the current scope
..\Include\my_register.h(137): error:  #65: expected a ";"
..\Include\my_register.h(138): error:  #757: variable "vu8" is not a type name
..\Include\my_register.h(139): error:  #757: variable "vu8" is not a type name
..\Include\my_register.h(140): error:  #757: variable "vu8" is not a type name
..\Include\my_register.h(141): error:  #757: variable "vu8" is not a type name
..\Include\my_register.h(142): error:  #757: variable "vu8" is not a type name
..\Include\my_register.h(143): error:  #757: variable "vu8" is not a type name
..\Include\my_register.h(144): error:  #757: variable "vu8" is not a type name
..\Include\my_register.h(352): error:  #757: variable "vu8" is not a type name
..\Include\my_register.h(353): error:  #757: variable "vu8" is not a type name
..\Include\flash.h(13): error:  #757: variable "vu8" is not a type name
..\Include\flash.h(13): error:  #757: variable "vu8" is not a type name
..\Include\flash.h(14): error:  #757: variable "vu8" is not a type name
..\Include\flash.h(14): error:  #757: variable "vu8" is not a type name
..\Include\key.h(21): error:  #757: variable "vu8" is not a type name
..\drive\key.c(40): error:  #757: variable "vu8" is not a type name
..\drive\key.c(41): error:  #757: variable "vu8" is not a type name
..\drive\key.c(42): error:  #757: variable "vu8" is not a type name
..\drive\key.c(43): error:  #757: variable "vu8" is not a type name
..\drive\key.c(44): error:  #757: variable "vu8" is not a type name
..\drive\key.c(45): error:  #757: variable "vu8" is not a type name
..\drive\key.c(46): error:  #757: variable "vu8" is not a type name
..\drive\key.c(47): error:  #757: variable "vu8" is not a type name
..\drive\key.c(48): error:  #757: variable "vu8" is not a type name
..\drive\key.c(50): error:  #757: variable "vu8" is not a type name
..\drive\key.c(52): error:  #757: variable "vu8" is not a type name
..\drive\key.c(53): error:  #757: variable "vu8" is not a type name
..\drive\key.c(54): error:  #757: variable "vu8" is not a type name
compiling modbus.c...
..\Include\my_register.h(137): error:  #20: identifier "exetern" is undefined
..\Include\my_register.h(137): error:  #101: "vu8" has already been declared in the current scope
..\Include\my_register.h(137): error:  #65: expected a ";"
..\Include\my_register.h(138): error:  #757: variable "vu8" is not a type name
..\Include\my_register.h(139): error:  #757: variable "vu8" is not a type name
..\Include\my_register.h(140): error:  #757: variable "vu8" is not a type name
..\Include\my_register.h(141): error:  #757: variable "vu8" is not a type name
..\Include\my_register.h(142): error:  #757: variable "vu8" is not a type name
..\Include\my_register.h(143): error:  #757: variable "vu8" is not a type name
..\Include\my_register.h(144): error:  #757: variable "vu8" is not a type name
..\Include\my_register.h(352): error:  #757: variable "vu8" is not a type name
..\Include\my_register.h(353): error:  #757: variable "vu8" is not a type name
..\Include\flash.h(13): error:  #757: variable "vu8" is not a type name
..\Include\flash.h(13): error:  #757: variable "vu8" is not a type name
..\Include\flash.h(14): error:  #757: variable "vu8" is not a type name
..\Include\flash.h(14): error:  #757: variable "vu8" is not a type name
..\drive\modbus.c(28): error:  #757: variable "vu8" is not a type name
..\drive\modbus.c(40): error:  #757: variable "vu8" is not a type name
..\drive\modbus.c(42): error:  #757: variable "vu8" is not a type name
..\drive\modbus.c(42): error:  #757: variable "vu8" is not a type name
..\drive\modbus.c(52): error:  #65: expected a ";"
..\drive\modbus.c(53): error:  #268: declaration may not appear after executable statement in block
..\drive\modbus.c(64): error:  #20: identifier "i" is undefined
..\drive\modbus.c(82): error:  #65: expected a ";"
..\drive\modbus.c(83): error:  #65: expected a ";"
..\drive\modbus.c(84): error:  #268: declaration may not appear after executable statement in block
..\drive\modbus.c(85): error:  #268: declaration may not appear after executable statement in block
..\drive\modbus.c(95): error:  #20: identifier "var8" is undefined
..\drive\modbus.c(100): error:  #20: identifier "a" is undefined
..\drive\modbus.c(120): error:  #20: identifier "var8" is undefined
compiling ssd1963.c...
..\Include\my_register.h(137): error:  #20: identifier "exetern" is undefined
..\Include\my_register.h(137): error:  #101: "vu8" has already been declared in the current scope
..\Include\my_register.h(137): error:  #65: expected a ";"
..\Include\my_register.h(138): error:  #757: variable "vu8" is not a type name
..\Include\my_register.h(139): error:  #757: variable "vu8" is not a type name
..\Include\my_register.h(140): error:  #757: variable "vu8" is not a type name
..\Include\my_register.h(141): error:  #757: variable "vu8" is not a type name
..\Include\my_register.h(142): error:  #757: variable "vu8" is not a type name
..\Include\my_register.h(143): error:  #757: variable "vu8" is not a type name
..\Include\my_register.h(144): error:  #757: variable "vu8" is not a type name
..\Include\my_register.h(352): error:  #757: variable "vu8" is not a type name
..\Include\my_register.h(353): error:  #757: variable "vu8" is not a type name
..\drive\ssd1963.c(22): error:  #757: variable "vu8" is not a type name
..\drive\ssd1963.c(29): error:  #757: variable "vu8" is not a type name
..\drive\ssd1963.c(168): warning:  #550-D: variable "FSMC_NORSRAMTimingInitStructure" was set but never used
compiling TIM1.c...
..\Include\my_register.h(137): error:  #20: identifier "exetern" is undefined
..\Include\my_register.h(137): error:  #101: "vu8" has already been declared in the current scope
..\Include\my_register.h(137): error:  #65: expected a ";"
..\Include\my_register.h(138): error:  #757: variable "vu8" is not a type name
..\Include\my_register.h(139): error:  #757: variable "vu8" is not a type name
..\Include\my_register.h(140): error:  #757: variable "vu8" is not a type name
..\Include\my_register.h(141): error:  #757: variable "vu8" is not a type name
..\Include\my_register.h(142): error:  #757: variable "vu8" is not a type name
..\Include\my_register.h(143): error:  #757: variable "vu8" is not a type name
..\Include\my_register.h(144): error:  #757: variable "vu8" is not a type name
..\Include\my_register.h(352): error:  #757: variable "vu8" is not a type name
..\Include\my_register.h(353): error:  #757: variable "vu8" is not a type name
compiling TIM2.c...
..\Include\my_register.h(137): error:  #20: identifier "exetern" is undefined
..\Include\my_register.h(137): error:  #101: "vu8" has already been declared in the current scope
..\Include\my_register.h(137): error:  #65: expected a ";"
..\Include\my_register.h(138): error:  #757: variable "vu8" is not a type name
..\Include\my_register.h(139): error:  #757: variable "vu8" is not a type name
..\Include\my_register.h(140): error:  #757: variable "vu8" is not a type name
..\Include\my_register.h(141): error:  #757: variable "vu8" is not a type name
..\Include\my_register.h(142): error:  #757: variable "vu8" is not a type name
..\Include\my_register.h(143): error:  #757: variable "vu8" is not a type name
..\Include\my_register.h(144): error:  #757: variable "vu8" is not a type name
..\Include\my_register.h(352): error:  #757: variable "vu8" is not a type name
..\Include\my_register.h(353): error:  #757: variable "vu8" is not a type name
compiling TIM6.c...
..\Include\my_register.h(137): error:  #20: identifier "exetern" is undefined
..\Include\my_register.h(137): error:  #101: "vu8" has already been declared in the current scope
..\Include\my_register.h(137): error:  #65: expected a ";"
..\Include\my_register.h(138): error:  #757: variable "vu8" is not a type name
..\Include\my_register.h(139): error:  #757: variable "vu8" is not a type name
..\Include\my_register.h(140): error:  #757: variable "vu8" is not a type name
..\Include\my_register.h(141): error:  #757: variable "vu8" is not a type name
..\Include\my_register.h(142): error:  #757: variable "vu8" is not a type name
..\Include\my_register.h(143): error:  #757: variable "vu8" is not a type name
..\Include\my_register.h(144): error:  #757: variable "vu8" is not a type name
..\Include\my_register.h(352): error:  #757: variable "vu8" is not a type name
..\Include\my_register.h(353): error:  #757: variable "vu8" is not a type name
..\drive\TIM6.c(181): error:  #20: identifier "r_stable" is undefined
compiling usart.c...
..\Include\my_register.h(137): error:  #20: identifier "exetern" is undefined
..\Include\my_register.h(137): error:  #101: "vu8" has already been declared in the current scope
..\Include\my_register.h(137): error:  #65: expected a ";"
..\Include\my_register.h(138): error:  #757: variable "vu8" is not a type name
..\Include\my_register.h(139): error:  #757: variable "vu8" is not a type name
..\Include\my_register.h(140): error:  #757: variable "vu8" is not a type name
..\Include\my_register.h(141): error:  #757: variable "vu8" is not a type name
..\Include\my_register.h(142): error:  #757: variable "vu8" is not a type name
..\Include\my_register.h(143): error:  #757: variable "vu8" is not a type name
..\Include\my_register.h(144): error:  #757: variable "vu8" is not a type name
..\Include\my_register.h(352): error:  #757: variable "vu8" is not a type name
..\Include\my_register.h(353): error:  #757: variable "vu8" is not a type name
..\drive\usart.c(26): error:  #757: variable "vu8" is not a type name
..\drive\usart.c(27): error:  #757: variable "vu8" is not a type name
..\drive\usart.c(28): error:  #757: variable "vu8" is not a type name
..\drive\usart.c(29): error:  #757: variable "vu8" is not a type name
..\drive\usart.c(30): error:  #757: variable "vu8" is not a type name
..\drive\usart.c(87): error:  #757: variable "vu8" is not a type name
compiling TM1650.c...
..\Include\my_register.h(137): error:  #20: identifier "exetern" is undefined
..\Include\my_register.h(137): error:  #101: "vu8" has already been declared in the current scope
..\Include\my_register.h(137): error:  #65: expected a ";"
..\Include\my_register.h(138): error:  #757: variable "vu8" is not a type name
..\Include\my_register.h(139): error:  #757: variable "vu8" is not a type name
..\Include\my_register.h(140): error:  #757: variable "vu8" is not a type name
..\Include\my_register.h(141): error:  #757: variable "vu8" is not a type name
..\Include\my_register.h(142): error:  #757: variable "vu8" is not a type name
..\Include\my_register.h(143): error:  #757: variable "vu8" is not a type name
..\Include\my_register.h(144): error:  #757: variable "vu8" is not a type name
..\Include\my_register.h(352): error:  #757: variable "vu8" is not a type name
..\Include\my_register.h(353): error:  #757: variable "vu8" is not a type name
..\Include\tm1650.h(11): error:  #757: variable "vu8" is not a type name
..\Include\tm1650.h(12): error:  #757: variable "vu8" is not a type name
..\Include\tm1650.h(13): error:  #757: variable "vu8" is not a type name
..\Include\tm1650.h(16): error:  #757: variable "vu8" is not a type name
..\Include\tm1650.h(16): error:  #757: variable "vu8" is not a type name
..\Include\tm1650.h(18): error:  #757: variable "vu8" is not a type name
..\Include\tm1650.h(19): error:  #757: variable "vu8" is not a type name
..\Include\tm1650.h(19): error:  #757: variable "vu8" is not a type name
..\drive\TM1650.c(53): error:  #65: expected a ";"
..\drive\TM1650.c(54): error:  #20: identifier "i" is undefined
..\drive\TM1650.c(93): error:  #757: variable "vu8" is not a type name
..\drive\TM1650.c(95): error:  #65: expected a ";"
..\drive\TM1650.c(98): error:  #20: identifier "i" is undefined
..\drive\TM1650.c(126): error:  #757: variable "vu8" is not a type name
..\drive\TM1650.c(128): error:  #65: expected a ";"
..\drive\TM1650.c(129): error:  #65: expected a ";"
..\drive\TM1650.c(132): error:  #20: identifier "value" is undefined
..\drive\TM1650.c(133): error:  #20: identifier "i" is undefined
compiling clock.c...
..\Include\my_register.h(137): error:  #20: identifier "exetern" is undefined
..\Include\my_register.h(137): error:  #101: "vu8" has already been declared in the current scope
..\Include\my_register.h(137): error:  #65: expected a ";"
..\Include\my_register.h(138): error:  #757: variable "vu8" is not a type name
..\Include\my_register.h(139): error:  #757: variable "vu8" is not a type name
..\Include\my_register.h(140): error:  #757: variable "vu8" is not a type name
..\Include\my_register.h(141): error:  #757: variable "vu8" is not a type name
..\Include\my_register.h(142): error:  #757: variable "vu8" is not a type name
..\Include\my_register.h(143): error:  #757: variable "vu8" is not a type name
..\Include\my_register.h(144): error:  #757: variable "vu8" is not a type name
..\Include\my_register.h(352): error:  #757: variable "vu8" is not a type name
..\Include\my_register.h(353): error:  #757: variable "vu8" is not a type name
..\drive\clock.c(11): error:  #757: variable "vu8" is not a type name
compiling GUIDRV_Template.c...
..\Include\my_register.h(137): error:  #20: identifier "exetern" is undefined
..\Include\my_register.h(137): error:  #101: "vu8" has already been declared in the current scope
..\Include\my_register.h(137): error:  #65: expected a ";"
..\Include\my_register.h(138): error:  #757: variable "vu8" is not a type name
..\Include\my_register.h(139): error:  #757: variable "vu8" is not a type name
..\Include\my_register.h(140): error:  #757: variable "vu8" is not a type name
..\Include\my_register.h(141): error:  #757: variable "vu8" is not a type name
..\Include\my_register.h(142): error:  #757: variable "vu8" is not a type name
..\Include\my_register.h(143): error:  #757: variable "vu8" is not a type name
..\Include\my_register.h(144): error:  #757: variable "vu8" is not a type name
..\Include\my_register.h(352): error:  #757: variable "vu8" is not a type name
..\Include\my_register.h(353): error:  #757: variable "vu8" is not a type name
..\STemWinLibrary522\Config\GUIDRV_Template.c(264): warning:  #177-D: variable "xPhys" was declared but never referenced
..\STemWinLibrary522\Config\GUIDRV_Template.c(264): warning:  #177-D: variable "yPhys" was declared but never referenced
..\STemWinLibrary522\Config\GUIDRV_Template.c(264): warning:  #177-D: variable "lphys" was declared but never referenced
compiling LCDConf_FlexColor_Template.c...
..\Include\my_register.h(137): error:  #20: identifier "exetern" is undefined
..\Include\my_register.h(137): error:  #101: "vu8" has already been declared in the current scope
..\Include\my_register.h(137): error:  #65: expected a ";"
..\Include\my_register.h(138): error:  #757: variable "vu8" is not a type name
..\Include\my_register.h(139): error:  #757: variable "vu8" is not a type name
..\Include\my_register.h(140): error:  #757: variable "vu8" is not a type name
..\Include\my_register.h(141): error:  #757: variable "vu8" is not a type name
..\Include\my_register.h(142): error:  #757: variable "vu8" is not a type name
..\Include\my_register.h(143): error:  #757: variable "vu8" is not a type name
..\Include\my_register.h(144): error:  #757: variable "vu8" is not a type name
..\Include\my_register.h(352): error:  #757: variable "vu8" is not a type name
..\Include\my_register.h(353): error:  #757: variable "vu8" is not a type name
compiling MainTask.c...
..\Include\my_register.h(137): error:  #20: identifier "exetern" is undefined
..\Include\my_register.h(137): error:  #101: "vu8" has already been declared in the current scope
..\Include\my_register.h(137): error:  #65: expected a ";"
..\Include\my_register.h(138): error:  #757: variable "vu8" is not a type name
..\Include\my_register.h(139): error:  #757: variable "vu8" is not a type name
..\Include\my_register.h(140): error:  #757: variable "vu8" is not a type name
..\Include\my_register.h(141): error:  #757: variable "vu8" is not a type name
..\Include\my_register.h(142): error:  #757: variable "vu8" is not a type name
..\Include\my_register.h(143): error:  #757: variable "vu8" is not a type name
..\Include\my_register.h(144): error:  #757: variable "vu8" is not a type name
..\Include\my_register.h(352): error:  #757: variable "vu8" is not a type name
..\Include\my_register.h(353): error:  #757: variable "vu8" is not a type name
..\Include\key.h(21): error:  #757: variable "vu8" is not a type name
..\Include\tm1650.h(11): error:  #757: variable "vu8" is not a type name
..\Include\tm1650.h(12): error:  #757: variable "vu8" is not a type name
..\Include\tm1650.h(13): error:  #757: variable "vu8" is not a type name
..\Include\tm1650.h(16): error:  #757: variable "vu8" is not a type name
..\Include\tm1650.h(16): error:  #757: variable "vu8" is not a type name
..\Include\tm1650.h(18): error:  #757: variable "vu8" is not a type name
..\Include\tm1650.h(19): error:  #757: variable "vu8" is not a type name
..\Include\tm1650.h(19): error:  #757: variable "vu8" is not a type name
compiling menu.c...
..\Include\my_register.h(137): error:  #20: identifier "exetern" is undefined
..\Include\my_register.h(137): error:  #101: "vu8" has already been declared in the current scope
..\Include\my_register.h(137): error:  #65: expected a ";"
..\Include\my_register.h(138): error:  #757: variable "vu8" is not a type name
..\Include\my_register.h(139): error:  #757: variable "vu8" is not a type name
..\Include\my_register.h(140): error:  #757: variable "vu8" is not a type name
..\Include\my_register.h(141): error:  #757: variable "vu8" is not a type name
..\Include\my_register.h(142): error:  #757: variable "vu8" is not a type name
..\Include\my_register.h(143): error:  #757: variable "vu8" is not a type name
..\Include\my_register.h(144): error:  #757: variable "vu8" is not a type name
..\Include\my_register.h(352): error:  #757: variable "vu8" is not a type name
..\Include\my_register.h(353): error:  #757: variable "vu8" is not a type name
compiling R_Face.c...
..\Include\my_register.h(137): error:  #20: identifier "exetern" is undefined
..\Include\my_register.h(137): error:  #101: "vu8" has already been declared in the current scope
..\Include\my_register.h(137): error:  #65: expected a ";"
..\Include\my_register.h(138): error:  #757: variable "vu8" is not a type name
..\Include\my_register.h(139): error:  #757: variable "vu8" is not a type name
..\Include\my_register.h(140): error:  #757: variable "vu8" is not a type name
..\Include\my_register.h(141): error:  #757: variable "vu8" is not a type name
..\Include\my_register.h(142): error:  #757: variable "vu8" is not a type name
..\Include\my_register.h(143): error:  #757: variable "vu8" is not a type name
..\Include\my_register.h(144): error:  #757: variable "vu8" is not a type name
..\Include\my_register.h(352): error:  #757: variable "vu8" is not a type name
..\Include\my_register.h(353): error:  #757: variable "vu8" is not a type name
..\Include\key.h(21): error:  #757: variable "vu8" is not a type name
..\Include\tm1650.h(11): error:  #757: variable "vu8" is not a type name
..\Include\tm1650.h(12): error:  #757: variable "vu8" is not a type name
..\Include\tm1650.h(13): error:  #757: variable "vu8" is not a type name
..\Include\tm1650.h(16): error:  #757: variable "vu8" is not a type name
..\Include\tm1650.h(16): error:  #757: variable "vu8" is not a type name
..\Include\tm1650.h(18): error:  #757: variable "vu8" is not a type name
..\Include\tm1650.h(19): error:  #757: variable "vu8" is not a type name
..\Include\tm1650.h(19): error:  #757: variable "vu8" is not a type name
..\APP\R_Face.c(24): error:  #757: variable "vu8" is not a type name
..\APP\R_Face.c(25): error:  #757: variable "vu8" is not a type name
..\APP\R_Face.c(26): error:  #757: variable "vu8" is not a type name
..\APP\R_Face.c(27): error:  #757: variable "vu8" is not a type name
..\APP\R_Face.c(28): error:  #757: variable "vu8" is not a type name
..\APP\R_Face.c(29): error:  #757: variable "vu8" is not a type name
..\APP\R_Face.c(30): error:  #757: variable "vu8" is not a type name
..\APP\R_Face.c(31): error:  #757: variable "vu8" is not a type name
..\APP\R_Face.c(36): error:  #757: variable "vu8" is not a type name
compiling load_Face.c...
..\Include\my_register.h(137): error:  #20: identifier "exetern" is undefined
..\Include\my_register.h(137): error:  #101: "vu8" has already been declared in the current scope
..\Include\my_register.h(137): error:  #65: expected a ";"
..\Include\my_register.h(138): error:  #757: variable "vu8" is not a type name
[...]
* JLink Info: Found Cortex-M4 r0p1, Little endian.
 
Target info:
------------
Device: STM32F407VE
VTarget = 3.317V
State of Pins: 
TCK: 0, TDI: 0, TDO: 0, TMS: 1, TRES: 1, TRST: 1
Hardware-Breakpoints: 6
Software-Breakpoints: 8192
Watchpoints:          4
JTAG speed: 3000 kHz
 
Erase Done.
Programming Done.
Verify OK.
Build target 'JK_BTSET'
compiling main.c...
compiling key.c...
..\drive\key.c(808): warning:  #223-D: function "SET_OP_LEFT" declared implicitly
..\drive\key.c(817): warning:  #223-D: function "SYS_INFO_LEFT" declared implicitly
..\drive\key.c(825): warning:  #223-D: function "CDC_OP_LEFT" declared implicitly
..\drive\key.c(838): warning:  #223-D: function "SET_OP_RIGHT" declared implicitly
..\drive\key.c(847): warning:  #223-D: function "SYS_INFO_RIGHT" declared implicitly
..\drive\key.c(855): warning:  #223-D: function "CDC_OP_RIGHT" declared implicitly
..\drive\key.c(870): warning:  #223-D: function "MENU_OP_UP" declared implicitly
..\drive\key.c(882): warning:  #223-D: function "SET_OP_UP" declared implicitly
..\drive\key.c(891): warning:  #223-D: function "OC_OP_UP" declared implicitly
..\drive\key.c(900): warning:  #223-D: function "CDC_OP_UP" declared implicitly
..\drive\key.c(909): warning:  #223-D: function "SYS_INFO_UP" declared implicitly
..\drive\key.c(926): warning:  #223-D: function "MENU_OP_DOWN" declared implicitly
..\drive\key.c(938): warning:  #223-D: function "SET_OP_DOWN" declared implicitly
..\drive\key.c(947): warning:  #223-D: function "OC_OP_DOWN" declared implicitly
..\drive\key.c(955): warning:  #223-D: function "CDC_OP_DOWN" declared implicitly
..\drive\key.c(964): warning:  #223-D: function "SYS_INFO_DOWN" declared implicitly
..\drive\key.c(981): warning:  #223-D: function "MENU_SET" declared implicitly
..\drive\key.c(988): warning:  #223-D: function "PARA_SET" declared implicitly
..\drive\key.c(997): warning:  #223-D: function "OC_SET" declared implicitly
..\drive\key.c(1005): warning:  #223-D: function "LOAD_SET" declared implicitly
..\drive\key.c(1012): warning:  #223-D: function "CDC_SET" declared implicitly
..\drive\key.c(1019): warning:  #223-D: function "CFM_PASS" declared implicitly
..\drive\key.c(1096): warning:  #223-D: function "CreateCDC" declared implicitly
..\drive\key.c(1351): warning:  #223-D: function "CreateCDC" declared implicitly
..\drive\key.c(1379): warning:  #223-D: function "Createsysinfo" declared implicitly
compiling ssd1963.c...
..\drive\ssd1963.c(168): warning:  #550-D: variable "FSMC_NORSRAMTimingInitStructure" was set but never used
compiling GUIDRV_Template.c...
..\STemWinLibrary522\Config\GUIDRV_Template.c(264): warning:  #177-D: variable "xPhys" was declared but never referenced
..\STemWinLibrary522\Config\GUIDRV_Template.c(264): warning:  #177-D: variable "yPhys" was declared but never referenced
..\STemWinLibrary522\Config\GUIDRV_Template.c(264): warning:  #177-D: variable "lphys" was declared but never referenced
compiling LCDConf_FlexColor_Template.c...
compiling MainTask.c...
linking...
Program Size: Code=149248 RO-data=59000 RW-data=2160 ZI-data=34536  
FromELF: creating hex file...
"..\Output\JK_BTSET.axf" - 0 Error(s), 29 Warning(s).
Build target 'JK_BTSET'
compiling MainTask.c...
linking...
Program Size: Code=149256 RO-data=59000 RW-data=2160 ZI-data=34536  
FromELF: creating hex file...
"..\Output\JK_BTSET.axf" - 0 Error(s), 0 Warning(s).
Load "..\\Output\\JK_BTSET.AXF" 
* JLink Info: Device "STM32F407VE" selected (512 KB flash, 128 KB RAM).
Set JLink Project File to "D:\5530\5530rebiuld\Project\JLinkSettings.ini"
 
JLink info:
------------
DLL: V4.40c, compiled Jan 24 2012 09:30:33
Firmware: J-Link V9 compiled Apr 20 2018 16:47:26
Hardware: V9.40
S/N : 59401576 
Feature(s) : RDI, GDB, FlashDL, FlashBP, JFlash 
 
* JLink Info: Found SWD-DP with ID 0x2BA01477
* JLink Info: TPIU fitted.
* JLink Info: ETM fitted.
* JLink Info:   FPUnit: 6 code (BP) slots and 2 literal slots
* JLink Info: Found Cortex-M4 r0p1, Little endian.
ROMTableAddr = 0xE00FF003
* JLink Info: Found SWD-DP with ID 0x2BA01477
* JLink Info: TPIU fitted.
* JLink Info: ETM fitted.
* JLink Info:   FPUnit: 6 code (BP) slots and 2 literal slots
* JLink Info: Found Cortex-M4 r0p1, Little endian.
 
Target info:
------------
Device: STM32F407VE
VTarget = 3.316V
State of Pins: 
TCK: 0, TDI: 0, TDO: 0, TMS: 1, TRES: 1, TRST: 1
Hardware-Breakpoints: 6
Software-Breakpoints: 8192
Watchpoints:          4
JTAG speed: 3000 kHz
 
Erase Done.
Programming Done.
Verify OK.
Build target 'JK_BTSET'
compiling MainTask.c...
linking...
Program Size: Code=149224 RO-data=59000 RW-data=2160 ZI-data=34536  
FromELF: creating hex file...
"..\Output\JK_BTSET.axf" - 0 Error(s), 0 Warning(s).
Load "..\\Output\\JK_BTSET.AXF" 
* JLink Info: Device "STM32F407VE" selected (512 KB flash, 128 KB RAM).
Set JLink Project File to "D:\5530\5530rebiuld\Project\JLinkSettings.ini"
 
JLink info:
------------
DLL: V4.40c, compiled Jan 24 2012 09:30:33
Firmware: J-Link V9 compiled Apr 20 2018 16:47:26
Hardware: V9.40
S/N : 59401576 
Feature(s) : RDI, GDB, FlashDL, FlashBP, JFlash 
 
Load "..\\Output\\JK_BTSET.AXF" 
* JLink Info: Device "STM32F407VE" selected (512 KB flash, 128 KB RAM).
Set JLink Project File to "D:\5530\5530rebiuld\Project\JLinkSettings.ini"
 
JLink info:
------------
DLL: V4.40c, compiled Jan 24 2012 09:30:33
Firmware: J-Link V9 compiled Apr 20 2018 16:47:26
Hardware: V9.40
S/N : 59401576 
Feature(s) : RDI, GDB, FlashDL, FlashBP, JFlash 
 
Load "..\\Output\\JK_BTSET.AXF" 
* JLink Info: Device "STM32F407VE" selected (512 KB flash, 128 KB RAM).
Set JLink Project File to "D:\5530\5530rebiuld\Project\JLinkSettings.ini"
 
JLink info:
------------
DLL: V4.40c, compiled Jan 24 2012 09:30:33
Firmware: J-Link V9 compiled Apr 20 2018 16:47:26
Hardware: V9.40
S/N : 59401576 
Feature(s) : RDI, GDB, FlashDL, FlashBP, JFlash 
 
Build target 'JK_BTSET'
linking...
Program Size: Code=149224 RO-data=59000 RW-data=2160 ZI-data=34536  
FromELF: creating hex file...
"..\Output\JK_BTSET.axf" - 0 Error(s), 0 Warning(s).
Load "..\\Output\\JK_BTSET.AXF" 
* JLink Info: Device "STM32F407VE" selected (512 KB flash, 128 KB RAM).
Set JLink Project File to "D:\5530\5530rebiuld\Project\JLinkSettings.ini"
 
JLink info:
------------
DLL: V4.40c, compiled Jan 24 2012 09:30:33
Firmware: J-Link V9 compiled Apr 20 2018 16:47:26
Hardware: V9.40
S/N : 59401576 
Feature(s) : RDI, GDB, FlashDL, FlashBP, JFlash 
 
Load "..\\Output\\JK_BTSET.AXF" 
* JLink Info: Device "STM32F407VE" selected (512 KB flash, 128 KB RAM).
Set JLink Project File to "D:\5530\5530rebiuld\Project\JLinkSettings.ini"
 
JLink info:
------------
DLL: V4.40c, compiled Jan 24 2012 09:30:33
Firmware: J-Link V9 compiled Apr 20 2018 16:47:26
Hardware: V9.40
S/N : 59401576 
Feature(s) : RDI, GDB, FlashDL, FlashBP, JFlash 
 
Build target 'JK_BTSET'
linking...
Program Size: Code=149224 RO-data=59000 RW-data=2160 ZI-data=34536  
FromELF: creating hex file...
"..\Output\JK_BTSET.axf" - 0 Error(s), 0 Warning(s).
Load "..\\Output\\JK_BTSET.AXF" 
* JLink Info: Device "STM32F407VE" selected (512 KB flash, 128 KB RAM).
Set JLink Project File to "D:\5530\5530rebiuld\Project\JLinkSettings.ini"
 
JLink info:
------------
DLL: V4.40c, compiled Jan 24 2012 09:30:33
Firmware: J-Link V9 compiled Apr 20 2018 16:47:26
Hardware: V9.40
S/N : 59401576 
Feature(s) : RDI, GDB, FlashDL, FlashBP, JFlash 
 
Build target 'JK_BTSET'
linking...
Program Size: Code=149224 RO-data=59000 RW-data=2160 ZI-data=34536  
FromELF: creating hex file...
"..\Output\JK_BTSET.axf" - 0 Error(s), 0 Warning(s).
Load "..\\Output\\JK_BTSET.AXF" 
* JLink Info: Device "STM32F407VE" selected (512 KB flash, 128 KB RAM).
Set JLink Project File to "D:\5530\5530rebiuld\Project\JLinkSettings.ini"
 
JLink info:
------------
DLL: V4.40c, compiled Jan 24 2012 09:30:33
Firmware: J-Link V9 compiled Apr 20 2018 16:47:26
Hardware: V9.40
S/N : 59401576 
Feature(s) : RDI, GDB, FlashDL, FlashBP, JFlash 
 
* JLink Info: Found SWD-DP with ID 0x2BA01477
* JLink Info: TPIU fitted.
* JLink Info: ETM fitted.
* JLink Info:   FPUnit: 6 code (BP) slots and 2 literal slots
* JLink Info: Found Cortex-M4 r0p1, Little endian.
ROMTableAddr = 0xE00FF003
* JLink Info: Found SWD-DP with ID 0x2BA01477
* JLink Info: TPIU fitted.
* JLink Info: ETM fitted.
* JLink Info:   FPUnit: 6 code (BP) slots and 2 literal slots
* JLink Info: Found Cortex-M4 r0p1, Little endian.
 
Target info:
------------
Device: STM32F407VE
VTarget = 3.304V
State of Pins: 
TCK: 0, TDI: 0, TDO: 0, TMS: 1, TRES: 1, TRST: 1
Hardware-Breakpoints: 6
Software-Breakpoints: 8192
Watchpoints:          4
JTAG speed: 3000 kHz
 
Erase Done.
Programming Done.
Verify OK.
Build target 'JK_BTSET'
linking...
Program Size: Code=149224 RO-data=59000 RW-data=2160 ZI-data=34536  
FromELF: creating hex file...
"..\Output\JK_BTSET.axf" - 0 Error(s), 0 Warning(s).
Build target 'JK_BTSET'
compiling TIM6.c...
..\drive\TIM6.c(80): warning:  #260-D: explicit type is missing ("int" assumed)
..\drive\TIM6.c(86): warning:  #223-D: function "sLCD_WR_REG" declared implicitly
..\drive\TIM6.c(87): error:  #20: identifier "read1963" is undefined
..\drive\TIM6.c(87): warning:  #223-D: function "sLCD_Read_Data" declared implicitly
..\drive\TIM6.c(92): warning:  #223-D: function "LCD_Initializtion" declared implicitly
..\drive\TIM6.c(93): warning:  #223-D: function "GUI_Init" declared implicitly
..\drive\TIM6.c(94): warning:  #223-D: function "GUI_Clear" declared implicitly
compiling MainTask.c...
Target not created
Build target 'JK_BTSET'
compiling TIM6.c...
..\drive\TIM6.c(80): warning:  #260-D: explicit type is missing ("int" assumed)
..\drive\TIM6.c(81): warning:  #260-D: explicit type is missing ("int" assumed)
..\drive\TIM6.c(87): warning:  #223-D: function "sLCD_WR_REG" declared implicitly
..\drive\TIM6.c(88): warning:  #223-D: function "sLCD_Read_Data" declared implicitly
..\drive\TIM6.c(93): warning:  #223-D: function "LCD_Initializtion" declared implicitly
..\drive\TIM6.c(94): warning:  #223-D: function "GUI_Init" declared implicitly
..\drive\TIM6.c(95): warning:  #223-D: function "GUI_Clear" declared implicitly
linking...
Program Size: Code=149248 RO-data=59000 RW-data=2168 ZI-data=34536  
FromELF: creating hex file...
"..\Output\JK_BTSET.axf" - 0 Error(s), 7 Warning(s).
Load "..\\Output\\JK_BTSET.AXF" 
* JLink Info: Device "STM32F407VE" selected (512 KB flash, 128 KB RAM).
Set JLink Project File to "D:\5530\5530rebiuld\Project\JLinkSettings.ini"
 
JLink info:
------------
DLL: V4.40c, compiled Jan 24 2012 09:30:33
Firmware: J-Link V9 compiled Apr 20 2018 16:47:26
Hardware: V9.40
S/N : 59401576 
Feature(s) : RDI, GDB, FlashDL, FlashBP, JFlash 
 
Build target 'JK_BTSET'
linking...
Program Size: Code=149248 RO-data=59000 RW-data=2168 ZI-data=34536  
FromELF: creating hex file...
"..\Output\JK_BTSET.axf" - 0 Error(s), 0 Warning(s).
Load "..\\Output\\JK_BTSET.AXF" 
* JLink Info: Device "STM32F407VE" selected (512 KB flash, 128 KB RAM).
Set JLink Project File to "D:\5530\5530rebiuld\Project\JLinkSettings.ini"
 
JLink info:
------------
DLL: V4.40c, compiled Jan 24 2012 09:30:33
Firmware: J-Link V9 compiled Apr 20 2018 16:47:26
Hardware: V9.40
S/N : 59401576 
Feature(s) : RDI, GDB, FlashDL, FlashBP, JFlash 
 
* JLink Info: Found SWD-DP with ID 0x2BA01477
* JLink Info: TPIU fitted.
* JLink Info: ETM fitted.
* JLink Info:   FPUnit: 6 code (BP) slots and 2 literal slots
* JLink Info: Found Cortex-M4 r0p1, Little endian.
ROMTableAddr = 0xE00FF003
* JLink Info: Found SWD-DP with ID 0x2BA01477
* JLink Info: TPIU fitted.
* JLink Info: ETM fitted.
* JLink Info:   FPUnit: 6 code (BP) slots and 2 literal slots
* JLink Info: Found Cortex-M4 r0p1, Little endian.
 
Target info:
------------
Device: STM32F407VE
VTarget = 3.309V
State of Pins: 
TCK: 0, TDI: 0, TDO: 0, TMS: 1, TRES: 1, TRST: 1
Hardware-Breakpoints: 6
Software-Breakpoints: 8192
Watchpoints:          4
JTAG speed: 3000 kHz
 
Erase Done.
Programming Done.
Verify OK.
Build target 'JK_BTSET'
compiling TIM6.c...
..\drive\TIM6.c(80): warning:  #260-D: explicit type is missing ("int" assumed)
..\drive\TIM6.c(81): warning:  #260-D: explicit type is missing ("int" assumed)
..\drive\TIM6.c(82): warning:  #260-D: explicit type is missing ("int" assumed)
..\drive\TIM6.c(90): warning:  #223-D: function "sLCD_WR_REG" declared implicitly
..\drive\TIM6.c(91): warning:  #223-D: function "sLCD_Read_Data" declared implicitly
..\drive\TIM6.c(99): warning:  #223-D: function "LCD_Initializtion" declared implicitly
..\drive\TIM6.c(100): warning:  #223-D: function "GUI_Init" declared implicitly
..\drive\TIM6.c(101): warning:  #223-D: function "GUI_Clear" declared implicitly
linking...
Program Size: Code=149264 RO-data=59000 RW-data=2172 ZI-data=34532  
FromELF: creating hex file...
"..\Output\JK_BTSET.axf" - 0 Error(s), 8 Warning(s).
Load "..\\Output\\JK_BTSET.AXF" 
* JLink Info: Device "STM32F407VE" selected (512 KB flash, 128 KB RAM).
Set JLink Project File to "D:\5530\5530rebiuld\Project\JLinkSettings.ini"
 
JLink info:
------------
DLL: V4.40c, compiled Jan 24 2012 09:30:33
Firmware: J-Link V9 compiled Apr 20 2018 16:47:26
Hardware: V9.40
S/N : 59401576 
Feature(s) : RDI, GDB, FlashDL, FlashBP, JFlash 
 
* JLink Info: Found SWD-DP with ID 0x2BA01477
* JLink Info: TPIU fitted.
* JLink Info: ETM fitted.
* JLink Info:   FPUnit: 6 code (BP) slots and 2 literal slots
* JLink Info: Found Cortex-M4 r0p1, Little endian.
ROMTableAddr = 0xE00FF003
* JLink Info: Found SWD-DP with ID 0x2BA01477
* JLink Info: TPIU fitted.
* JLink Info: ETM fitted.
* JLink Info:   FPUnit: 6 code (BP) slots and 2 literal slots
* JLink Info: Found Cortex-M4 r0p1, Little endian.
 
Target info:
------------
Device: STM32F407VE
VTarget = 3.314V
State of Pins: 
TCK: 0, TDI: 0, TDO: 0, TMS: 1, TRES: 1, TRST: 1
Hardware-Breakpoints: 6
Software-Breakpoints: 8192
Watchpoints:          4
JTAG speed: 3000 kHz
 
Erase Done.
Programming Done.
Verify OK.
Build target 'JK_BTSET'
compiling TIM6.c...
..\drive\TIM6.c(80): warning:  #260-D: explicit type is missing ("int" assumed)
..\drive\TIM6.c(81): warning:  #260-D: explicit type is missing ("int" assumed)
..\drive\TIM6.c(82): warning:  #260-D: explicit type is missing ("int" assumed)
..\drive\TIM6.c(90): warning:  #223-D: function "sLCD_WR_REG" declared implicitly
..\drive\TIM6.c(91): warning:  #223-D: function "sLCD_Read_Data" declared implicitly
..\drive\TIM6.c(100): warning:  #223-D: function "LCD_Initializtion" declared implicitly
..\drive\TIM6.c(101): warning:  #223-D: function "GUI_Init" declared implicitly
..\drive\TIM6.c(102): warning:  #223-D: function "GUI_Clear" declared implicitly
linking...
Program Size: Code=149264 RO-data=59000 RW-data=2172 ZI-data=34532  
FromELF: creating hex file...
"..\Output\JK_BTSET.axf" - 0 Error(s), 8 Warning(s).
Build target 'JK_BTSET'
compiling key.c...
..\drive\key.c(808): warning:  #223-D: function "SET_OP_LEFT" declared implicitly
..\drive\key.c(817): warning:  #223-D: function "SYS_INFO_LEFT" declared implicitly
..\drive\key.c(825): warning:  #223-D: function "CDC_OP_LEFT" declared implicitly
..\drive\key.c(838): warning:  #223-D: function "SET_OP_RIGHT" declared implicitly
..\drive\key.c(847): warning:  #223-D: function "SYS_INFO_RIGHT" declared implicitly
..\drive\key.c(855): warning:  #223-D: function "CDC_OP_RIGHT" declared implicitly
..\drive\key.c(870): warning:  #223-D: function "MENU_OP_UP" declared implicitly
..\drive\key.c(882): warning:  #223-D: function "SET_OP_UP" declared implicitly
..\drive\key.c(891): warning:  #223-D: function "OC_OP_UP" declared implicitly
..\drive\key.c(900): warning:  #223-D: function "CDC_OP_UP" declared implicitly
..\drive\key.c(909): warning:  #223-D: function "SYS_INFO_UP" declared implicitly
..\drive\key.c(926): warning:  #223-D: function "MENU_OP_DOWN" declared implicitly
..\drive\key.c(938): warning:  #223-D: function "SET_OP_DOWN" declared implicitly
..\drive\key.c(947): warning:  #223-D: function "OC_OP_DOWN" declared implicitly
..\drive\key.c(955): warning:  #223-D: function "CDC_OP_DOWN" declared implicitly
..\drive\key.c(964): warning:  #223-D: function "SYS_INFO_DOWN" declared implicitly
..\drive\key.c(981): warning:  #223-D: function "MENU_SET" declared implicitly
..\drive\key.c(988): warning:  #223-D: function "PARA_SET" declared implicitly
..\drive\key.c(997): warning:  #223-D: function "OC_SET" declared implicitly
..\drive\key.c(1005): warning:  #223-D: function "LOAD_SET" declared implicitly
..\drive\key.c(1012): warning:  #223-D: function "CDC_SET" declared implicitly
..\drive\key.c(1019): warning:  #223-D: function "CFM_PASS" declared implicitly
..\drive\key.c(1096): warning:  #223-D: function "CreateCDC" declared implicitly
..\drive\key.c(1351): warning:  #223-D: function "CreateCDC" declared implicitly
..\drive\key.c(1379): warning:  #223-D: function "Createsysinfo" declared implicitly
compiling GUI_X.c...
linking...
Program Size: Code=149256 RO-data=59000 RW-data=2172 ZI-data=34532  
FromELF: creating hex file...
"..\Output\JK_BTSET.axf" - 0 Error(s), 25 Warning(s).
Load "..\\Output\\JK_BTSET.AXF" 
* JLink Info: Device "STM32F407VE" selected (512 KB flash, 128 KB RAM).
Set JLink Project File to "D:\5530\5530rebiuld\Project\JLinkSettings.ini"
 
JLink info:
------------
DLL: V4.40c, compiled Jan 24 2012 09:30:33
Firmware: J-Link V9 compiled Apr 20 2018 16:47:26
Hardware: V9.40
S/N : 59401576 
Feature(s) : RDI, GDB, FlashDL, FlashBP, JFlash 
 
* JLink Info: Found SWD-DP with ID 0x2BA01477
* JLink Info: TPIU fitted.
* JLink Info: ETM fitted.
* JLink Info:   FPUnit: 6 code (BP) slots and 2 literal slots
* JLink Info: Found Cortex-M4 r0p1, Little endian.
ROMTableAddr = 0xE00FF003
* JLink Info: Found SWD-DP with ID 0x2BA01477
* JLink Info: TPIU fitted.
* JLink Info: ETM fitted.
* JLink Info:   FPUnit: 6 code (BP) slots and 2 literal slots
* JLink Info: Found Cortex-M4 r0p1, Little endian.
 
Target info:
------------
Device: STM32F407VE
VTarget = 3.324V
State of Pins: 
TCK: 0, TDI: 0, TDO: 0, TMS: 1, TRES: 1, TRST: 1
Hardware-Breakpoints: 6
Software-Breakpoints: 8192
Watchpoints:          4
JTAG speed: 3000 kHz
 
Erase Done.
Programming Done.
Verify OK.
Build target 'JK_BTSET'
linking...
Program Size: Code=149256 RO-data=59000 RW-data=2172 ZI-data=34532  
FromELF: creating hex file...
"..\Output\JK_BTSET.axf" - 0 Error(s), 0 Warning(s).
Load "..\\Output\\JK_BTSET.AXF" 
* JLink Info: Device "STM32F407VE" selected (512 KB flash, 128 KB RAM).
Set JLink Project File to "D:\5530\5530rebiuld\Project\JLinkSettings.ini"
 
JLink info:
------------
DLL: V4.40c, compiled Jan 24 2012 09:30:33
Firmware: J-Link V9 compiled Apr 20 2018 16:47:26
Hardware: V9.40
S/N : 59401576 
Feature(s) : RDI, GDB, FlashDL, FlashBP, JFlash 
 
Build target 'JK_BTSET'
linking...
Program Size: Code=149256 RO-data=59000 RW-data=2172 ZI-data=34532  
FromELF: creating hex file...
"..\Output\JK_BTSET.axf" - 0 Error(s), 0 Warning(s).
Load "..\\Output\\JK_BTSET.AXF" 
* JLink Info: Device "STM32F407VE" selected (512 KB flash, 128 KB RAM).
Set JLink Project File to "D:\5530\5530rebiuld\Project\JLinkSettings.ini"
 
JLink info:
------------
DLL: V4.40c, compiled Jan 24 2012 09:30:33
Firmware: J-Link V9 compiled Apr 20 2018 16:47:26
Hardware: V9.40
S/N : 59401576 
Feature(s) : RDI, GDB, FlashDL, FlashBP, JFlash 
 
* JLink Info: Found SWD-DP with ID 0x2BA01477
* JLink Info: TPIU fitted.
* JLink Info: ETM fitted.
* JLink Info:   FPUnit: 6 code (BP) slots and 2 literal slots
* JLink Info: Found Cortex-M4 r0p1, Little endian.
ROMTableAddr = 0xE00FF003
* JLink Info: Found SWD-DP with ID 0x2BA01477
* JLink Info: TPIU fitted.
* JLink Info: ETM fitted.
* JLink Info:   FPUnit: 6 code (BP) slots and 2 literal slots
* JLink Info: Found Cortex-M4 r0p1, Little endian.
 
Target info:
------------
Device: STM32F407VE
VTarget = 3.283V
State of Pins: 
TCK: 0, TDI: 0, TDO: 0, TMS: 1, TRES: 1, TRST: 1
Hardware-Breakpoints: 6
Software-Breakpoints: 8192
Watchpoints:          4
JTAG speed: 3000 kHz
 
Erase Done.
Programming Done.
Verify OK.
