<html>
<body>
<pre>
<h1>礦ision Build Log</h1>
<h2>Project:</h2>
D:\5530\5530rebiuld\Project\JK_BTSET.uvproj
Project File Date:  09/28/2018

<h2>Output:</h2>
Build target 'JK_BTSET'
compiling system_stm32f4xx.c...
compiling misc.c...
compiling stm32f4xx_adc.c...
compiling stm32f4xx_can.c...
compiling stm32f4xx_crc.c...
compiling stm32f4xx_cryp.c...
compiling stm32f4xx_cryp_aes.c...
compiling stm32f4xx_cryp_des.c...
compiling stm32f4xx_cryp_tdes.c...
compiling stm32f4xx_dac.c...
compiling stm32f4xx_dbgmcu.c...
compiling stm32f4xx_dcmi.c...
compiling stm32f4xx_dma.c...
compiling stm32f4xx_dma2d.c...
compiling stm32f4xx_exti.c...
compiling stm32f4xx_flash.c...
compiling stm32f4xx_flash_ramfunc.c...
compiling stm32f4xx_fsmc.c...
compiling stm32f4xx_gpio.c...
compiling stm32f4xx_hash.c...
compiling stm32f4xx_hash_md5.c...
compiling stm32f4xx_hash_sha1.c...
compiling stm32f4xx_i2c.c...
compiling stm32f4xx_iwdg.c...
compiling stm32f4xx_ltdc.c...
compiling stm32f4xx_pwr.c...
compiling stm32f4xx_rcc.c...
compiling stm32f4xx_rng.c...
compiling stm32f4xx_rtc.c...
compiling stm32f4xx_sai.c...
compiling stm32f4xx_sdio.c...
compiling stm32f4xx_spi.c...
compiling stm32f4xx_syscfg.c...
compiling stm32f4xx_tim.c...
compiling stm32f4xx_usart.c...
compiling stm32f4xx_wwdg.c...
compiling main.c...
compiling stm32f4xx_it.c...
..\User\stm32f4xx_it.c(275): warning:  #223-D: function "memcpy" declared implicitly
..\User\stm32f4xx_it.c(359): warning:  #177-D: variable "crec" was declared but never referenced
..\User\stm32f4xx_it.c(360): warning:  #177-D: variable "csend" was declared but never referenced
..\User\stm32f4xx_it.c(361): warning:  #177-D: variable "sendbuf" was declared but never referenced
..\User\stm32f4xx_it.c(362): warning:  #177-D: variable "sendlen" was declared but never referenced
..\User\stm32f4xx_it.c(363): warning:  #177-D: variable "recrc" was declared but never referenced
..\User\stm32f4xx_it.c(364): warning:  #177-D: variable "scrc" was declared but never referenced
..\User\stm32f4xx_it.c(365): warning:  #177-D: variable "i" was declared but never referenced
..\User\stm32f4xx_it.c(477): warning: C3017W: num may be used before being set
compiling adc.c...
compiling AT24C01.c...
compiling BEEP.c...
compiling bsp_SysTick.c...
compiling DAC.c...
compiling flash.c...
compiling GPIO.c...
compiling IIC_24C01.c...
compiling iwdg.c...
compiling key.c...
..\drive\key.c(364): warning:  #223-D: function "Rhigh_cal" declared implicitly
..\drive\key.c(422): warning:  #223-D: function "Rhigh_cal" declared implicitly
..\drive\key.c(823): warning:  #223-D: function "SET_OP_LEFT" declared implicitly
..\drive\key.c(832): warning:  #223-D: function "SYS_INFO_LEFT" declared implicitly
..\drive\key.c(840): warning:  #223-D: function "CDC_OP_LEFT" declared implicitly
..\drive\key.c(853): warning:  #223-D: function "SET_OP_RIGHT" declared implicitly
..\drive\key.c(862): warning:  #223-D: function "SYS_INFO_RIGHT" declared implicitly
..\drive\key.c(870): warning:  #223-D: function "CDC_OP_RIGHT" declared implicitly
..\drive\key.c(885): warning:  #223-D: function "MENU_OP_UP" declared implicitly
..\drive\key.c(897): warning:  #223-D: function "SET_OP_UP" declared implicitly
..\drive\key.c(906): warning:  #223-D: function "OC_OP_UP" declared implicitly
..\drive\key.c(915): warning:  #223-D: function "CDC_OP_UP" declared implicitly
..\drive\key.c(924): warning:  #223-D: function "SYS_INFO_UP" declared implicitly
..\drive\key.c(941): warning:  #223-D: function "MENU_OP_DOWN" declared implicitly
..\drive\key.c(953): warning:  #223-D: function "SET_OP_DOWN" declared implicitly
..\drive\key.c(962): warning:  #223-D: function "OC_OP_DOWN" declared implicitly
..\drive\key.c(970): warning:  #223-D: function "CDC_OP_DOWN" declared implicitly
..\drive\key.c(979): warning:  #223-D: function "SYS_INFO_DOWN" declared implicitly
..\drive\key.c(996): warning:  #223-D: function "MENU_SET" declared implicitly
..\drive\key.c(1003): warning:  #223-D: function "PARA_SET" declared implicitly
..\drive\key.c(1012): warning:  #223-D: function "OC_SET" declared implicitly
..\drive\key.c(1020): warning:  #223-D: function "LOAD_SET" declared implicitly
..\drive\key.c(1027): warning:  #223-D: function "CDC_SET" declared implicitly
..\drive\key.c(1034): warning:  #223-D: function "CFM_PASS" declared implicitly
..\drive\key.c(1111): warning:  #223-D: function "CreateCDC" declared implicitly
..\drive\key.c(1366): warning:  #223-D: function "CreateCDC" declared implicitly
..\drive\key.c(1394): warning:  #223-D: function "Createsysinfo" declared implicitly
compiling modbus.c...
compiling ssd1963.c...
..\drive\ssd1963.c(168): warning:  #550-D: variable "FSMC_NORSRAMTimingInitStructure" was set but never used
compiling TIM1.c...
compiling TIM2.c...
compiling TIM6.c...
..\drive\TIM6.c(89): warning:  #260-D: explicit type is missing ("int" assumed)
..\drive\TIM6.c(90): warning:  #260-D: explicit type is missing ("int" assumed)
..\drive\TIM6.c(91): warning:  #260-D: explicit type is missing ("int" assumed)
..\drive\TIM6.c(103): warning:  #223-D: function "LCD_Initializtion" declared implicitly
..\drive\TIM6.c(104): warning:  #223-D: function "GUI_Init" declared implicitly
..\drive\TIM6.c(107): warning:  #223-D: function "ResetPow" declared implicitly
..\drive\TIM6.c(109): warning:  #223-D: function "ResetCDC" declared implicitly
..\drive\TIM6.c(111): warning:  #223-D: function "ResetR" declared implicitly
..\drive\TIM6.c(113): warning:  #223-D: function "ResetLoad" declared implicitly
..\drive\TIM6.c(115): warning:  #223-D: function "ResetG" declared implicitly
..\drive\TIM6.c(117): warning:  #223-D: function "ResetSET" declared implicitly
..\drive\TIM6.c(90): warning:  #177-D: variable "read1963" was declared but never referenced
..\drive\TIM6.c(91): warning:  #177-D: variable "scancount" was declared but never referenced
..\drive\TIM6.c(332): warning:  #223-D: function "UART_Action" declared implicitly
..\drive\TIM6.c(267): warning:  #177-D: variable "addr" was declared but never referenced
compiling usart.c...
compiling TM1650.c...
compiling clock.c...
compiling GUI_X.c...
compiling GUIConf.c...
compiling GUIDRV_Template.c...
..\STemWinLibrary522\Config\GUIDRV_Template.c(264): warning:  #177-D: variable "xPhys" was declared but never referenced
..\STemWinLibrary522\Config\GUIDRV_Template.c(264): warning:  #177-D: variable "yPhys" was declared but never referenced
..\STemWinLibrary522\Config\GUIDRV_Template.c(264): warning:  #177-D: variable "lphys" was declared but never referenced
compiling LCDConf_FlexColor_Template.c...
compiling MainTask.c...
..\STemWinLibrary522\emWinTask\MainTask.c(62): warning:  #223-D: function "CreateSTARTER" declared implicitly
compiling menu.c...
compiling R_Face.c...
..\APP\R_Face.c(266): warning:  #1035-D: single-precision operand implicitly converted to double-precision
..\APP\R_Face.c(301): warning:  #1035-D: single-precision operand implicitly converted to double-precision
..\APP\R_Face.c(306): warning:  #1035-D: single-precision operand implicitly converted to double-precision
..\APP\R_Face.c(323): warning:  #1035-D: single-precision operand implicitly converted to double-precision
..\APP\R_Face.c(328): warning:  #1035-D: single-precision operand implicitly converted to double-precision
..\APP\R_Face.c(407): warning:  #181-D: argument is incompatible with corresponding format string conversion
..\APP\R_Face.c(436): warning:  #1035-D: single-precision operand implicitly converted to double-precision
..\APP\R_Face.c(571): warning:  #181-D: argument is incompatible with corresponding format string conversion
..\APP\R_Face.c(599): warning:  #1035-D: single-precision operand implicitly converted to double-precision
..\APP\R_Face.c(667): warning:  #1035-D: single-precision operand implicitly converted to double-precision
..\APP\R_Face.c(667): warning:  #1035-D: single-precision operand implicitly converted to double-precision
..\APP\R_Face.c(688): warning:  #1035-D: single-precision operand implicitly converted to double-precision
..\APP\R_Face.c(688): warning:  #1035-D: single-precision operand implicitly converted to double-precision
..\APP\R_Face.c(709): warning:  #1035-D: single-precision operand implicitly converted to double-precision
..\APP\R_Face.c(709): warning:  #1035-D: single-precision operand implicitly converted to double-precision
..\APP\R_Face.c(730): warning:  #1035-D: single-precision operand implicitly converted to double-precision
..\APP\R_Face.c(730): warning:  #1035-D: single-precision operand implicitly converted to double-precision
..\APP\R_Face.c(751): warning:  #1035-D: single-precision operand implicitly converted to double-precision
..\APP\R_Face.c(751): warning:  #1035-D: single-precision operand implicitly converted to double-precision
..\APP\R_Face.c(178): warning:  #177-D: variable "short1" was declared but never referenced
..\APP\R_Face.c(178): warning:  #177-D: variable "short2" was declared but never referenced
..\APP\R_Face.c(1740): warning:  #1035-D: single-precision operand implicitly converted to double-precision
compiling load_Face.c...
compiling STARTER.c...
D:\外发资料\电池综合测试仪 2.1\APP\STARTER.c(98): warning:  #223-D: function "CreateR" declared implicitly
compiling graph.c...
compiling c_dc.c...
compiling settings.c...
compiling sysinfo.c...
..\APP\sysinfo.c(1436): warning:  #940-D: missing return statement at end of non-void function "CFM_PASS"
..\APP\sysinfo.c(1481): warning:  #223-D: function "Flash_Write_all" declared implicitly
..\APP\sysinfo.c(1532): warning:  #223-D: function "Flash_Write_all" declared implicitly
compiling HZ16.c...
compiling HZ12.c...
compiling EN40.c...
compiling HZ20S.c...
compiling HZ32.c...
compiling set_font.c...
compiling symbol.c...
compiling usb_core.c...
compiling usb_hcd.c...
compiling usb_hcd_int.c...
compiling usbh_core.c...
compiling usbh_hcs.c...
compiling usbh_ioreq.c...
compiling usbh_stdreq.c...
compiling usbh_msc_bot.c...
compiling usbh_msc_core.c...
compiling usbh_msc_scsi.c...
compiling usb_bsp.c...
compiling usbh_usr.c...
linking...
Program Size: Code=157722 RO-data=120202 RW-data=2232 ZI-data=34736  
FromELF: creating hex file...
"..\Output\JK_BTSET.axf" - 0 Error(s), 82 Warning(s).
Load "..\\Output\\JK_BTSET.AXF" 
* JLink Info: Device "STM32F407VE" selected (512 KB flash, 128 KB RAM).
Set JLink Project File to "D:\5530\5530rebiuld\Project\JLinkSettings.ini"
 
JLink info:
------------
DLL: V4.40c, compiled Jan 24 2012 09:30:33
Firmware: J-Link V9 compiled Apr 20 2018 16:47:26
Hardware: V9.40
S/N : 59401576 
Feature(s) : RDI, GDB, FlashDL, FlashBP, JFlash 
 
* JLink Info: Found SWD-DP with ID 0x2BA01477
* JLink Info: TPIU fitted.
* JLink Info: ETM fitted.
* JLink Info:   FPUnit: 6 code (BP) slots and 2 literal slots
* JLink Info: Found Cortex-M4 r0p1, Little endian.
ROMTableAddr = 0xE00FF003
* JLink Info: Found SWD-DP with ID 0x2BA01477
* JLink Info: TPIU fitted.
* JLink Info: ETM fitted.
* JLink Info:   FPUnit: 6 code (BP) slots and 2 literal slots
* JLink Info: Found Cortex-M4 r0p1, Little endian.
 
Target info:
------------
Device: STM32F407VE
VTarget = 3.287V
State of Pins: 
TCK: 0, TDI: 0, TDO: 0, TMS: 1, TRES: 1, TRST: 1
Hardware-Breakpoints: 6
Software-Breakpoints: 8192
Watchpoints:          4
JTAG speed: 3000 kHz
 
Erase Done.
Programming Done.
Verify OK.
Build target 'JK_BTSET'
compiling main.c...
..\User\main.c(53): warning:  #223-D: function "TIM5_Int_Init" declared implicitly
linking...
Program Size: Code=157830 RO-data=120202 RW-data=2232 ZI-data=34736  
FromELF: creating hex file...
"..\Output\JK_BTSET.axf" - 0 Error(s), 1 Warning(s).
Load "..\\Output\\JK_BTSET.AXF" 
* JLink Info: Device "STM32F407VE" selected (512 KB flash, 128 KB RAM).
Set JLink Project File to "D:\5530\5530rebiuld\Project\JLinkSettings.ini"
 
JLink info:
------------
DLL: V4.40c, compiled Jan 24 2012 09:30:33
Firmware: J-Link V9 compiled Apr 20 2018 16:47:26
Hardware: V9.40
S/N : 59401576 
Feature(s) : RDI, GDB, FlashDL, FlashBP, JFlash 
 
* JLink Info: Found SWD-DP with ID 0x2BA01477
* JLink Info: TPIU fitted.
* JLink Info: ETM fitted.
* JLink Info:   FPUnit: 6 code (BP) slots and 2 literal slots
* JLink Info: Found Cortex-M4 r0p1, Little endian.
ROMTableAddr = 0xE00FF003
* JLink Info: Found SWD-DP with ID 0x2BA01477
* JLink Info: TPIU fitted.
* JLink Info: ETM fitted.
* JLink Info:   FPUnit: 6 code (BP) slots and 2 literal slots
* JLink Info: Found Cortex-M4 r0p1, Little endian.
 
Target info:
------------
Device: STM32F407VE
VTarget = 3.287V
State of Pins: 
TCK: 0, TDI: 0, TDO: 0, TMS: 1, TRES: 1, TRST: 1
Hardware-Breakpoints: 6
Software-Breakpoints: 8192
Watchpoints:          4
JTAG speed: 3000 kHz
 
Erase Done.
Programming Done.
Verify OK.
Build target 'JK_BTSET'
compiling R_Face.c...
..\APP\R_Face.c(266): warning:  #1035-D: single-precision operand implicitly converted to double-precision
..\APP\R_Face.c(303): warning:  #1035-D: single-precision operand implicitly converted to double-precision
..\APP\R_Face.c(308): warning:  #1035-D: single-precision operand implicitly converted to double-precision
..\APP\R_Face.c(325): warning:  #1035-D: single-precision operand implicitly converted to double-precision
..\APP\R_Face.c(330): warning:  #1035-D: single-precision operand implicitly converted to double-precision
..\APP\R_Face.c(409): warning:  #181-D: argument is incompatible with corresponding format string conversion
..\APP\R_Face.c(438): warning:  #1035-D: single-precision operand implicitly converted to double-precision
..\APP\R_Face.c(573): warning:  #181-D: argument is incompatible with corresponding format string conversion
..\APP\R_Face.c(601): warning:  #1035-D: single-precision operand implicitly converted to double-precision
..\APP\R_Face.c(669): warning:  #1035-D: single-precision operand implicitly converted to double-precision
..\APP\R_Face.c(669): warning:  #1035-D: single-precision operand implicitly converted to double-precision
..\APP\R_Face.c(690): warning:  #1035-D: single-precision operand implicitly converted to double-precision
..\APP\R_Face.c(690): warning:  #1035-D: single-precision operand implicitly converted to double-precision
..\APP\R_Face.c(711): warning:  #1035-D: single-precision operand implicitly converted to double-precision
..\APP\R_Face.c(711): warning:  #1035-D: single-precision operand implicitly converted to double-precision
..\APP\R_Face.c(732): warning:  #1035-D: single-precision operand implicitly converted to double-precision
..\APP\R_Face.c(732): warning:  #1035-D: single-precision operand implicitly converted to double-precision
..\APP\R_Face.c(753): warning:  #1035-D: single-precision operand implicitly converted to double-precision
..\APP\R_Face.c(753): warning:  #1035-D: single-precision operand implicitly converted to double-precision
..\APP\R_Face.c(178): warning:  #177-D: variable "short1" was declared but never referenced
..\APP\R_Face.c(178): warning:  #177-D: variable "short2" was declared but never referenced
..\APP\R_Face.c(1742): warning:  #1035-D: single-precision operand implicitly converted to double-precision
linking...
Program Size: Code=157838 RO-data=120202 RW-data=2232 ZI-data=34736  
FromELF: creating hex file...
"..\Output\JK_BTSET.axf" - 0 Error(s), 22 Warning(s).
Build target 'JK_BTSET'
compiling sysinfo.c...
..\APP\sysinfo.c(1436): warning:  #940-D: missing return statement at end of non-void function "CFM_PASS"
..\APP\sysinfo.c(1481): warning:  #223-D: function "Flash_Write_all" declared implicitly
..\APP\sysinfo.c(1532): warning:  #223-D: function "Flash_Write_all" declared implicitly
linking...
Program Size: Code=157838 RO-data=120202 RW-data=2232 ZI-data=34736  
FromELF: creating hex file...
"..\Output\JK_BTSET.axf" - 0 Error(s), 3 Warning(s).
Build target 'JK_BTSET'
compiling stm32f4xx_it.c...
..\User\stm32f4xx_it.c(275): warning:  #223-D: function "memcpy" declared implicitly
..\User\stm32f4xx_it.c(359): warning:  #177-D: variable "crec" was declared but never referenced
..\User\stm32f4xx_it.c(360): warning:  #177-D: variable "csend" was declared but never referenced
..\User\stm32f4xx_it.c(361): warning:  #177-D: variable "sendbuf" was declared but never referenced
..\User\stm32f4xx_it.c(362): warning:  #177-D: variable "sendlen" was declared but never referenced
..\User\stm32f4xx_it.c(363): warning:  #177-D: variable "recrc" was declared but never referenced
..\User\stm32f4xx_it.c(364): warning:  #177-D: variable "scrc" was declared but never referenced
..\User\stm32f4xx_it.c(365): warning:  #177-D: variable "i" was declared but never referenced
..\User\stm32f4xx_it.c(477): warning: C3017W: num may be used before being set
compiling sysinfo.c...
..\APP\sysinfo.c(1437): warning:  #940-D: missing return statement at end of non-void function "CFM_PASS"
..\APP\sysinfo.c(1482): warning:  #223-D: function "Flash_Write_all" declared implicitly
..\APP\sysinfo.c(1533): warning:  #223-D: function "Flash_Write_all" declared implicitly
linking...
..\Output\JK_BTSET.axf: Error: L6218E: Undefined symbol oc_data (referred from stm32f4xx_it.o).
Target not created
Build target 'JK_BTSET'
compiling R_Face.c...
..\APP\R_Face.c(266): warning:  #1035-D: single-precision operand implicitly converted to double-precision
..\APP\R_Face.c(303): warning:  #1035-D: single-precision operand implicitly converted to double-precision
..\APP\R_Face.c(308): warning:  #1035-D: single-precision operand implicitly converted to double-precision
..\APP\R_Face.c(325): warning:  #1035-D: single-precision operand implicitly converted to double-precision
..\APP\R_Face.c(330): warning:  #1035-D: single-precision operand implicitly converted to double-precision
..\APP\R_Face.c(409): warning:  #181-D: argument is incompatible with corresponding format string conversion
..\APP\R_Face.c(438): warning:  #1035-D: single-precision operand implicitly converted to double-precision
..\APP\R_Face.c(573): warning:  #181-D: argument is incompatible with corresponding format string conversion
..\APP\R_Face.c(601): warning:  #1035-D: single-precision operand implicitly converted to double-precision
..\APP\R_Face.c(669): warning:  #1035-D: single-precision operand implicitly converted to double-precision
..\APP\R_Face.c(669): warning:  #1035-D: single-precision operand implicitly converted to double-precision
..\APP\R_Face.c(690): warning:  #1035-D: single-precision operand implicitly converted to double-precision
..\APP\R_Face.c(690): warning:  #1035-D: single-precision operand implicitly converted to double-precision
..\APP\R_Face.c(711): warning:  #1035-D: single-precision operand implicitly converted to double-precision
..\APP\R_Face.c(711): warning:  #1035-D: single-precision operand implicitly converted to double-precision
..\APP\R_Face.c(732): warning:  #1035-D: single-precision operand implicitly converted to double-precision
..\APP\R_Face.c(732): warning:  #1035-D: single-precision operand implicitly converted to double-precision
..\APP\R_Face.c(753): warning:  #1035-D: single-precision operand implicitly converted to double-precision
..\APP\R_Face.c(753): warning:  #1035-D: single-precision operand implicitly converted to double-precision
..\APP\R_Face.c(178): warning:  #177-D: variable "short1" was declared but never referenced
..\APP\R_Face.c(178): warning:  #177-D: variable "short2" was declared but never referenced
..\APP\R_Face.c(1742): warning:  #1035-D: single-precision operand implicitly converted to double-precision
linking...
Program Size: Code=157862 RO-data=120202 RW-data=2232 ZI-data=34736  
FromELF: creating hex file...
"..\Output\JK_BTSET.axf" - 0 Error(s), 22 Warning(s).
Build target 'JK_BTSET'
compiling stm32f4xx_it.c...
..\User\stm32f4xx_it.c(275): warning:  #223-D: function "memcpy" declared implicitly
..\User\stm32f4xx_it.c(359): warning:  #177-D: variable "crec" was declared but never referenced
..\User\stm32f4xx_it.c(360): warning:  #177-D: variable "csend" was declared but never referenced
..\User\stm32f4xx_it.c(361): warning:  #177-D: variable "sendbuf" was declared but never referenced
..\User\stm32f4xx_it.c(362): warning:  #177-D: variable "sendlen" was declared but never referenced
..\User\stm32f4xx_it.c(363): warning:  #177-D: variable "recrc" was declared but never referenced
..\User\stm32f4xx_it.c(364): warning:  #177-D: variable "scrc" was declared but never referenced
..\User\stm32f4xx_it.c(365): warning:  #177-D: variable "i" was declared but never referenced
..\User\stm32f4xx_it.c(477): warning: C3017W: num may be used before being set
compiling TIM6.c...
..\drive\TIM6.c(89): warning:  #260-D: explicit type is missing ("int" assumed)
..\drive\TIM6.c(90): warning:  #260-D: explicit type is missing ("int" assumed)
..\drive\TIM6.c(91): warning:  #260-D: explicit type is missing ("int" assumed)
..\drive\TIM6.c(114): warning:  #223-D: function "LCD_Initializtion" declared implicitly
..\drive\TIM6.c(115): warning:  #223-D: function "GUI_Init" declared implicitly
..\drive\TIM6.c(118): warning:  #223-D: function "ResetPow" declared implicitly
..\drive\TIM6.c(120): warning:  #223-D: function "ResetCDC" declared implicitly
..\drive\TIM6.c(122): warning:  #223-D: function "ResetR" declared implicitly
..\drive\TIM6.c(124): warning:  #223-D: function "ResetLoad" declared implicitly
..\drive\TIM6.c(126): warning:  #223-D: function "ResetG" declared implicitly
..\drive\TIM6.c(128): warning:  #223-D: function "ResetSET" declared implicitly
..\drive\TIM6.c(245): warning:  #223-D: function "Mode_SW_CONT" declared implicitly
..\drive\TIM6.c(249): warning:  #1035-D: single-precision operand implicitly converted to double-precision
..\drive\TIM6.c(277): warning:  #223-D: function "Mode_SW_CONT" declared implicitly
..\drive\TIM6.c(308): error:  #20: identifier "shortv" is undefined
..\drive\TIM6.c(310): warning:  #223-D: function "IO_OFF" declared implicitly
..\drive\TIM6.c(312): error:  #20: identifier "short_time" is undefined
..\drive\TIM6.c(318): error:  #20: identifier "short_time" is undefined
..\drive\TIM6.c(325): warning:  #223-D: function "Mode_SW_CONT" declared implicitly
..\drive\TIM6.c(335): warning:  #223-D: function "IO_OFF" declared implicitly
..\drive\TIM6.c(90): warning:  #177-D: variable "read1963" was declared but never referenced
..\drive\TIM6.c(91): warning:  #177-D: variable "scancount" was declared but never referenced
..\drive\TIM6.c(97): warning:  #177-D: variable "crec" was declared but never referenced
..\drive\TIM6.c(98): warning:  #177-D: variable "csend" was declared but never referenced
..\drive\TIM6.c(99): warning:  #177-D: variable "sendbuf" was declared but never referenced
..\drive\TIM6.c(100): warning:  #177-D: variable "sendlen" was declared but never referenced
..\drive\TIM6.c(101): warning:  #177-D: variable "recrc" was declared but never referenced
..\drive\TIM6.c(102): warning:  #177-D: variable "scrc" was declared but never referenced
..\drive\TIM6.c(441): warning:  #223-D: function "UART_Action" declared implicitly
..\drive\TIM6.c(376): warning:  #177-D: variable "addr" was declared but never referenced
Target not created
Build target 'JK_BTSET'
compiling stm32f4xx_it.c...
..\User\stm32f4xx_it.c(276): warning:  #223-D: function "memcpy" declared implicitly
..\User\stm32f4xx_it.c(360): warning:  #177-D: variable "crec" was declared but never referenced
..\User\stm32f4xx_it.c(361): warning:  #177-D: variable "csend" was declared but never referenced
..\User\stm32f4xx_it.c(362): warning:  #177-D: variable "sendbuf" was declared but never referenced
..\User\stm32f4xx_it.c(363): warning:  #177-D: variable "sendlen" was declared but never referenced
..\User\stm32f4xx_it.c(364): warning:  #177-D: variable "recrc" was declared but never referenced
..\User\stm32f4xx_it.c(365): warning:  #177-D: variable "scrc" was declared but never referenced
..\User\stm32f4xx_it.c(366): warning:  #177-D: variable "i" was declared but never referenced
..\User\stm32f4xx_it.c(479): warning: C3017W: num may be used before being set
compiling TIM6.c...
..\drive\TIM6.c(90): warning:  #260-D: explicit type is missing ("int" assumed)
..\drive\TIM6.c(91): warning:  #260-D: explicit type is missing ("int" assumed)
..\drive\TIM6.c(92): warning:  #260-D: explicit type is missing ("int" assumed)
..\drive\TIM6.c(115): warning:  #223-D: function "LCD_Initializtion" declared implicitly
..\drive\TIM6.c(116): warning:  #223-D: function "GUI_Init" declared implicitly
..\drive\TIM6.c(119): warning:  #223-D: function "ResetPow" declared implicitly
..\drive\TIM6.c(121): warning:  #223-D: function "ResetCDC" declared implicitly
..\drive\TIM6.c(123): warning:  #223-D: function "ResetR" declared implicitly
..\drive\TIM6.c(125): warning:  #223-D: function "ResetLoad" declared implicitly
..\drive\TIM6.c(127): warning:  #223-D: function "ResetG" declared implicitly
..\drive\TIM6.c(129): warning:  #223-D: function "ResetSET" declared implicitly
..\drive\TIM6.c(246): warning:  #223-D: function "Mode_SW_CONT" declared implicitly
..\drive\TIM6.c(250): warning:  #1035-D: single-precision operand implicitly converted to double-precision
..\drive\TIM6.c(278): warning:  #223-D: function "Mode_SW_CONT" declared implicitly
..\drive\TIM6.c(309): warning:  #1035-D: single-precision operand implicitly converted to double-precision
..\drive\TIM6.c(311): warning:  #223-D: function "IO_OFF" declared implicitly
..\drive\TIM6.c(313): error:  #20: identifier "short_time" is undefined
..\drive\TIM6.c(319): error:  #20: identifier "short_time" is undefined
..\drive\TIM6.c(326): warning:  #223-D: function "Mode_SW_CONT" declared implicitly
..\drive\TIM6.c(336): warning:  #223-D: function "IO_OFF" declared implicitly
..\drive\TIM6.c(91): warning:  #177-D: variable "read1963" was declared but never referenced
..\drive\TIM6.c(92): warning:  #177-D: variable "scancount" was declared but never referenced
..\drive\TIM6.c(98): warning:  #177-D: variable "crec" was declared but never referenced
..\drive\TIM6.c(99): warning:  #177-D: variable "csend" was declared but never referenced
..\drive\TIM6.c(100): warning:  #177-D: variable "sendbuf" was declared but never referenced
..\drive\TIM6.c(101): warning:  #177-D: variable "sendlen" was declared but never referenced
..\drive\TIM6.c(102): warning:  #177-D: variable "recrc" was declared but never referenced
..\drive\TIM6.c(103): warning:  #177-D: variable "scrc" was declared but never referenced
..\drive\TIM6.c(442): warning:  #223-D: function "UART_Action" declared implicitly
..\drive\TIM6.c(377): warning:  #177-D: variable "addr" was declared but never referenced
Target not created
Build target 'JK_BTSET'
compiling TIM6.c...
..\drive\TIM6.c(90): warning:  #260-D: explicit type is missing ("int" assumed)
..\drive\TIM6.c(91): warning:  #260-D: explicit type is missing ("int" assumed)
..\drive\TIM6.c(92): warning:  #260-D: explicit type is missing ("int" assumed)
..\drive\TIM6.c(115): warning:  #223-D: function "LCD_Initializtion" declared implicitly
..\drive\TIM6.c(116): warning:  #223-D: function "GUI_Init" declared implicitly
..\drive\TIM6.c(119): warning:  #223-D: function "ResetPow" declared implicitly
..\drive\TIM6.c(121): warning:  #223-D: function "ResetCDC" declared implicitly
..\drive\TIM6.c(123): warning:  #223-D: function "ResetR" declared implicitly
..\drive\TIM6.c(125): warning:  #223-D: function "ResetLoad" declared implicitly
..\drive\TIM6.c(127): warning:  #223-D: function "ResetG" declared implicitly
..\drive\TIM6.c(129): warning:  #223-D: function "ResetSET" declared implicitly
..\drive\TIM6.c(246): warning:  #223-D: function "Mode_SW_CONT" declared implicitly
..\drive\TIM6.c(250): warning:  #1035-D: single-precision operand implicitly converted to double-precision
..\drive\TIM6.c(278): warning:  #223-D: function "Mode_SW_CONT" declared implicitly
..\drive\TIM6.c(309): warning:  #1035-D: single-precision operand implicitly converted to double-precision
..\drive\TIM6.c(311): warning:  #223-D: function "IO_OFF" declared implicitly
..\drive\TIM6.c(313): error:  #20: identifier "short_time" is undefined
..\drive\TIM6.c(319): error:  #20: identifier "short_time" is undefined
..\drive\TIM6.c(326): warning:  #223-D: function "Mode_SW_CONT" declared implicitly
..\drive\TIM6.c(336): warning:  #223-D: function "IO_OFF" declared implicitly
..\drive\TIM6.c(91): warning:  #177-D: variable "read1963" was declared but never referenced
..\drive\TIM6.c(92): warning:  #177-D: variable "scancount" was declared but never referenced
..\drive\TIM6.c(98): warning:  #177-D: variable "crec" was declared but never referenced
..\drive\TIM6.c(99): warning:  #177-D: variable "csend" was declared but never referenced
..\drive\TIM6.c(100): warning:  #177-D: variable "sendbuf" was declared but never referenced
..\drive\TIM6.c(101): warning:  #177-D: variable "sendlen" was declared but never referenced
..\drive\TIM6.c(102): warning:  #177-D: variable "recrc" was declared but never referenced
..\drive\TIM6.c(103): warning:  #177-D: variable "scrc" was declared but never referenced
..\drive\TIM6.c(442): warning:  #223-D: function "UART_Action" declared implicitly
..\drive\TIM6.c(377): warning:  #177-D: variable "addr" was declared but never referenced
Target not created
Build target 'JK_BTSET'
compiling TIM6.c...
..\drive\TIM6.c(91): warning:  #260-D: explicit type is missing ("int" assumed)
..\drive\TIM6.c(92): warning:  #260-D: explicit type is missing ("int" assumed)
..\drive\TIM6.c(93): warning:  #260-D: explicit type is missing ("int" assumed)
..\drive\TIM6.c(116): warning:  #223-D: function "LCD_Initializtion" declared implicitly
..\drive\TIM6.c(117): warning:  #223-D: function "GUI_Init" declared implicitly
..\drive\TIM6.c(120): warning:  #223-D: function "ResetPow" declared implicitly
..\drive\TIM6.c(122): warning:  #223-D: function "ResetCDC" declared implicitly
..\drive\TIM6.c(124): warning:  #223-D: function "ResetR" declared implicitly
..\drive\TIM6.c(126): warning:  #223-D: function "ResetLoad" declared implicitly
..\drive\TIM6.c(128): warning:  #223-D: function "ResetG" declared implicitly
..\drive\TIM6.c(130): warning:  #223-D: function "ResetSET" declared implicitly
..\drive\TIM6.c(247): warning:  #223-D: function "Mode_SW_CONT" declared implicitly
..\drive\TIM6.c(251): warning:  #1035-D: single-precision operand implicitly converted to double-precision
..\drive\TIM6.c(279): warning:  #223-D: function "Mode_SW_CONT" declared implicitly
..\drive\TIM6.c(310): warning:  #1035-D: single-precision operand implicitly converted to double-precision
..\drive\TIM6.c(312): warning:  #223-D: function "IO_OFF" declared implicitly
..\drive\TIM6.c(327): warning:  #223-D: function "Mode_SW_CONT" declared implicitly
..\drive\TIM6.c(337): warning:  #223-D: function "IO_OFF" declared implicitly
..\drive\TIM6.c(92): warning:  #177-D: variable "read1963" was declared but never referenced
..\drive\TIM6.c(93): warning:  #177-D: variable "scancount" was declared but never referenced
..\drive\TIM6.c(99): warning:  #177-D: variable "crec" was declared but never referenced
..\drive\TIM6.c(100): warning:  #177-D: variable "csend" was declared but never referenced
..\drive\TIM6.c(101): warning:  #177-D: variable "sendbuf" was declared but never referenced
..\drive\TIM6.c(102): warning:  #177-D: variable "sendlen" was declared but never referenced
..\drive\TIM6.c(103): warning:  #177-D: variable "recrc" was declared but never referenced
..\drive\TIM6.c(104): warning:  #177-D: variable "scrc" was declared but never referenced
..\drive\TIM6.c(443): warning:  #223-D: function "UART_Action" declared implicitly
..\drive\TIM6.c(378): warning:  #177-D: variable "addr" was declared but never referenced
linking...
..\Output\JK_BTSET.axf: Error: L6218E: Undefined symbol IO_OFF (referred from tim6.o).
Target not created
Build target 'JK_BTSET'
compiling key.c...
..\drive\key.c(364): warning:  #223-D: function "Rhigh_cal" declared implicitly
..\drive\key.c(422): warning:  #223-D: function "Rhigh_cal" declared implicitly
..\drive\key.c(823): warning:  #223-D: function "SET_OP_LEFT" declared implicitly
..\drive\key.c(832): warning:  #223-D: function "SYS_INFO_LEFT" declared implicitly
..\drive\key.c(840): warning:  #223-D: function "CDC_OP_LEFT" declared implicitly
..\drive\key.c(853): warning:  #223-D: function "SET_OP_RIGHT" declared implicitly
..\drive\key.c(862): warning:  #223-D: function "SYS_INFO_RIGHT" declared implicitly
..\drive\key.c(870): warning:  #223-D: function "CDC_OP_RIGHT" declared implicitly
..\drive\key.c(885): warning:  #223-D: function "MENU_OP_UP" declared implicitly
..\drive\key.c(897): warning:  #223-D: function "SET_OP_UP" declared implicitly
..\drive\key.c(906): warning:  #223-D: function "OC_OP_UP" declared implicitly
..\drive\key.c(915): warning:  #223-D: function "CDC_OP_UP" declared implicitly
..\drive\key.c(924): warning:  #223-D: function "SYS_INFO_UP" declared implicitly
..\drive\key.c(941): warning:  #223-D: function "MENU_OP_DOWN" declared implicitly
..\drive\key.c(953): warning:  #223-D: function "SET_OP_DOWN" declared implicitly
..\drive\key.c(962): warning:  #223-D: function "OC_OP_DOWN" declared implicitly
..\drive\key.c(970): warning:  #223-D: function "CDC_OP_DOWN" declared implicitly
..\drive\key.c(979): warning:  #223-D: function "SYS_INFO_DOWN" declared implicitly
..\drive\key.c(996): warning:  #223-D: function "MENU_SET" declared implicitly
..\drive\key.c(1003): warning:  #223-D: function "PARA_SET" declared implicitly
..\drive\key.c(1012): warning:  #223-D: function "OC_SET" declared implicitly
..\drive\key.c(1020): warning:  #223-D: function "LOAD_SET" declared implicitly
..\drive\key.c(1027): warning:  #223-D: function "CDC_SET" declared implicitly
..\drive\key.c(1034): warning:  #223-D: function "CFM_PASS" declared implicitly
..\drive\key.c(1111): warning:  #223-D: function "CreateCDC" declared implicitly
..\drive\key.c(1366): warning:  #223-D: function "CreateCDC" declared implicitly
..\drive\key.c(1394): warning:  #223-D: function "Createsysinfo" declared implicitly
compiling TIM6.c...
..\drive\TIM6.c(91): warning:  #260-D: explicit type is missing ("int" assumed)
..\drive\TIM6.c(92): warning:  #260-D: explicit type is missing ("int" assumed)
..\drive\TIM6.c(93): warning:  #260-D: explicit type is missing ("int" assumed)
..\drive\TIM6.c(116): warning:  #223-D: function "LCD_Initializtion" declared implicitly
..\drive\TIM6.c(117): warning:  #223-D: function "GUI_Init" declared implicitly
..\drive\TIM6.c(120): warning:  #223-D: function "ResetPow" declared implicitly
..\drive\TIM6.c(122): warning:  #223-D: function "ResetCDC" declared implicitly
..\drive\TIM6.c(124): warning:  #223-D: function "ResetR" declared implicitly
..\drive\TIM6.c(126): warning:  #223-D: function "ResetLoad" declared implicitly
..\drive\TIM6.c(128): warning:  #223-D: function "ResetG" declared implicitly
..\drive\TIM6.c(130): warning:  #223-D: function "ResetSET" declared implicitly
..\drive\TIM6.c(247): warning:  #223-D: function "Mode_SW_CONT" declared implicitly
..\drive\TIM6.c(251): warning:  #1035-D: single-precision operand implicitly converted to double-precision
..\drive\TIM6.c(279): warning:  #223-D: function "Mode_SW_CONT" declared implicitly
..\drive\TIM6.c(310): warning:  #1035-D: single-precision operand implicitly converted to double-precision
..\drive\TIM6.c(313): warning:  #223-D: function "Mode_SW_CONT" declared implicitly
..\drive\TIM6.c(328): warning:  #223-D: function "Mode_SW_CONT" declared implicitly
..\drive\TIM6.c(339): warning:  #223-D: function "Mode_SW_CONT" declared implicitly
..\drive\TIM6.c(92): warning:  #177-D: variable "read1963" was declared but never referenced
..\drive\TIM6.c(93): warning:  #177-D: variable "scancount" was declared but never referenced
..\drive\TIM6.c(99): warning:  #177-D: variable "crec" was declared but never referenced
..\drive\TIM6.c(100): warning:  #177-D: variable "csend" was declared but never referenced
..\drive\TIM6.c(101): warning:  #177-D: variable "sendbuf" was declared but never referenced
..\drive\TIM6.c(102): warning:  #177-D: variable "sendlen" was declared but never referenced
..\drive\TIM6.c(103): warning:  #177-D: variable "recrc" was declared but never referenced
..\drive\TIM6.c(104): warning:  #177-D: variable "scrc" was declared but never referenced
..\drive\TIM6.c(445): warning:  #223-D: function "UART_Action" declared implicitly
..\drive\TIM6.c(380): warning:  #177-D: variable "addr" was declared but never referenced
linking...
Program Size: Code=158374 RO-data=120202 RW-data=2252 ZI-data=34740  
FromELF: creating hex file...
"..\Output\JK_BTSET.axf" - 0 Error(s), 55 Warning(s).
Load "..\\Output\\JK_BTSET.AXF" 
* JLink Info: Device "STM32F407VE" selected (512 KB flash, 128 KB RAM).
Set JLink Project File to "D:\5530\5530rebiuld\Project\JLinkSettings.ini"
 
JLink info:
------------
DLL: V4.40c, compiled Jan 24 2012 09:30:33
Firmware: J-Link V9 compiled Apr 20 2018 16:47:26
Hardware: V9.40
S/N : 59401576 
Feature(s) : RDI, GDB, FlashDL, FlashBP, JFlash 
 
Load "..\\Output\\JK_BTSET.AXF" 
* JLink Info: Device "STM32F407VE" selected (512 KB flash, 128 KB RAM).
Set JLink Project File to "D:\5530\5530rebiuld\Project\JLinkSettings.ini"
 
JLink info:
------------
DLL: V4.40c, compiled Jan 24 2012 09:30:33
Firmware: J-Link V9 compiled Apr 20 2018 16:47:26
Hardware: V9.40
S/N : 59401576 
Feature(s) : RDI, GDB, FlashDL, FlashBP, JFlash 
 
* JLink Info: Found SWD-DP with ID 0x2BA01477
* JLink Info: TPIU fitted.
* JLink Info: ETM fitted.
* JLink Info:   FPUnit: 6 code (BP) slots and 2 literal slots
* JLink Info: Found Cortex-M4 r0p1, Little endian.
ROMTableAddr = 0xE00FF003
* JLink Info: Found SWD-DP with ID 0x2BA01477
* JLink Info: TPIU fitted.
* JLink Info: ETM fitted.
* JLink Info:   FPUnit: 6 code (BP) slots and 2 literal slots
* JLink Info: Found Cortex-M4 r0p1, Little endian.
 
Target info:
------------
Device: STM32F407VE
VTarget = 3.288V
State of Pins: 
TCK: 0, TDI: 0, TDO: 0, TMS: 1, TRES: 1, TRST: 1
Hardware-Breakpoints: 6
Software-Breakpoints: 8192
Watchpoints:          4
JTAG speed: 3000 kHz
 
Erase Done.
Programming Done.
Verify OK.
Build target 'JK_BTSET'
linking...
Program Size: Code=158374 RO-data=120202 RW-data=2252 ZI-data=34740  
FromELF: creating hex file...
"..\Output\JK_BTSET.axf" - 0 Error(s), 0 Warning(s).
Load "..\\Output\\JK_BTSET.AXF" 
* JLink Info: Device "STM32F407VE" selected (512 KB flash, 128 KB RAM).
Set JLink Project File to "D:\5530\5530rebiuld\Project\JLinkSettings.ini"
 
JLink info:
------------
DLL: V4.40c, compiled Jan 24 2012 09:30:33
Firmware: J-Link V9 compiled Apr 20 2018 16:47:26
Hardware: V9.40
S/N : 59401576 
Feature(s) : RDI, GDB, FlashDL, FlashBP, JFlash 
 
Load "..\\Output\\JK_BTSET.AXF" 
* JLink Info: Device "STM32F407VE" selected (512 KB flash, 128 KB RAM).
Set JLink Project File to "D:\5530\5530rebiuld\Project\JLinkSettings.ini"
 
JLink info:
------------
DLL: V4.40c, compiled Jan 24 2012 09:30:33
Firmware: J-Link V9 compiled Apr 20 2018 16:47:26
Hardware: V9.40
S/N : 59401576 
Feature(s) : RDI, GDB, FlashDL, FlashBP, JFlash 
 
* JLink Info: Found SWD-DP with ID 0x2BA01477
* JLink Info: TPIU fitted.
* JLink Info: ETM fitted.
* JLink Info:   FPUnit: 6 code (BP) slots and 2 literal slots
* JLink Info: Found Cortex-M4 r0p1, Little endian.
ROMTableAddr = 0xE00FF003
* JLink Info: Found SWD-DP with ID 0x2BA01477
* JLink Info: TPIU fitted.
* JLink Info: ETM fitted.
* JLink Info:   FPUnit: 6 code (BP) slots and 2 literal slots
* JLink Info: Found Cortex-M4 r0p1, Little endian.
 
Target info:
------------
Device: STM32F407VE
VTarget = 3.274V
State of Pins: 
TCK: 0, TDI: 0, TDO: 0, TMS: 1, TRES: 1, TRST: 1
Hardware-Breakpoints: 6
Software-Breakpoints: 8192
Watchpoints:          4
JTAG speed: 3000 kHz
 
Erase Done.
Programming Done.
Verify OK.
Build target 'JK_BTSET'
linking...
Program Size: Code=158374 RO-data=120202 RW-data=2252 ZI-data=34740  
FromELF: creating hex file...
"..\Output\JK_BTSET.axf" - 0 Error(s), 0 Warning(s).
Load "..\\Output\\JK_BTSET.AXF" 
* JLink Info: Device "STM32F407VE" selected (512 KB flash, 128 KB RAM).
Set JLink Project File to "D:\5530\5530rebiuld\Project\JLinkSettings.ini"
 
JLink info:
------------
DLL: V4.40c, compiled Jan 24 2012 09:30:33
Firmware: J-Link V9 compiled Apr 20 2018 16:47:26
Hardware: V9.40
S/N : 59401576 
Feature(s) : RDI, GDB, FlashDL, FlashBP, JFlash 
 
* JLink Info: Found SWD-DP with ID 0x2BA01477
* JLink Info: TPIU fitted.
* JLink Info: ETM fitted.
* JLink Info:   FPUnit: 6 code (BP) slots and 2 literal slots
* JLink Info: Found Cortex-M4 r0p1, Little endian.
ROMTableAddr = 0xE00FF003
* JLink Info: Found SWD-DP with ID 0x2BA01477
* JLink Info: TPIU fitted.
* JLink Info: ETM fitted.
* JLink Info:   FPUnit: 6 code (BP) slots and 2 literal slots
* JLink Info: Found Cortex-M4 r0p1, Little endian.
 
Target info:
------------
Device: STM32F407VE
VTarget = 3.312V
State of Pins: 
TCK: 0, TDI: 0, TDO: 0, TMS: 1, TRES: 1, TRST: 1
Hardware-Breakpoints: 6
Software-Breakpoints: 8192
Watchpoints:          4
JTAG speed: 3000 kHz
 
Erase Done.
Programming Done.
Verify OK.
Build target 'JK_BTSET'
compiling stm32f4xx_it.c...
..\User\stm32f4xx_it.c(276): warning:  #223-D: function "memcpy" declared implicitly
..\User\stm32f4xx_it.c(360): warning:  #177-D: variable "crec" was declared but never referenced
..\User\stm32f4xx_it.c(361): warning:  #177-D: variable "csend" was declared but never referenced
..\User\stm32f4xx_it.c(362): warning:  #177-D: variable "sendbuf" was declared but never referenced
..\User\stm32f4xx_it.c(363): warning:  #177-D: variable "sendlen" was declared but never referenced
..\User\stm32f4xx_it.c(364): warning:  #177-D: variable "recrc" was declared but never referenced
..\User\stm32f4xx_it.c(365): warning:  #177-D: variable "scrc" was declared but never referenced
..\User\stm32f4xx_it.c(366): warning:  #177-D: variable "i" was declared but never referenced
..\User\stm32f4xx_it.c(479): warning: C3017W: num may be used before being set
linking...
Program Size: Code=158358 RO-data=120202 RW-data=2252 ZI-data=34740  
FromELF: creating hex file...
"..\Output\JK_BTSET.axf" - 0 Error(s), 9 Warning(s).
Build target 'JK_BTSET'
linking...
Program Size: Code=158358 RO-data=120202 RW-data=2252 ZI-data=34740  
FromELF: creating hex file...
"..\Output\JK_BTSET.axf" - 0 Error(s), 0 Warning(s).
Load "..\\Output\\JK_BTSET.AXF" 
* JLink Info: Device "STM32F407VE" selected (512 KB flash, 128 KB RAM).
Set JLink Project File to "D:\5530\5530rebiuld\Project\JLinkSettings.ini"
 
JLink info:
------------
DLL: V4.40c, compiled Jan 24 2012 09:30:33
Firmware: J-Link V9 compiled Apr 20 2018 16:47:26
Hardware: V9.40
S/N : 59401576 
Feature(s) : RDI, GDB, FlashDL, FlashBP, JFlash 
 
Load "..\\Output\\JK_BTSET.AXF" 
* JLink Info: Device "STM32F407VE" selected (512 KB flash, 128 KB RAM).
Set JLink Project File to "D:\5530\5530rebiuld\Project\JLinkSettings.ini"
 
JLink info:
------------
DLL: V4.40c, compiled Jan 24 2012 09:30:33
Firmware: J-Link V9 compiled Apr 20 2018 16:47:26
Hardware: V9.40
S/N : 59401576 
Feature(s) : RDI, GDB, FlashDL, FlashBP, JFlash 
 
* JLink Info: Found SWD-DP with ID 0x2BA01477
* JLink Info: TPIU fitted.
* JLink Info: ETM fitted.
* JLink Info:   FPUnit: 6 code (BP) slots and 2 literal slots
* JLink Info: Found Cortex-M4 r0p1, Little endian.
ROMTableAddr = 0xE00FF003
* JLink Info: Found SWD-DP with ID 0x2BA01477
* JLink Info: TPIU fitted.
* JLink Info: ETM fitted.
* JLink Info:   FPUnit: 6 code (BP) slots and 2 literal slots
* JLink Info: Found Cortex-M4 r0p1, Little endian.
 
Target info:
------------
Device: STM32F407VE
VTarget = 3.332V
State of Pins: 
TCK: 0, TDI: 0, TDO: 0, TMS: 1, TRES: 1, TRST: 1
Hardware-Breakpoints: 6
Software-Breakpoints: 8192
Watchpoints:          4
JTAG speed: 3000 kHz
 
Erase Done.
Programming Done.
Verify OK.
Build target 'JK_BTSET'
compiling TIM6.c...
..\drive\TIM6.c(91): warning:  #260-D: explicit type is missing ("int" assumed)
..\drive\TIM6.c(92): warning:  #260-D: explicit type is missing ("int" assumed)
..\drive\TIM6.c(93): warning:  #260-D: explicit type is missing ("int" assumed)
..\drive\TIM6.c(116): warning:  #223-D: function "LCD_Initializtion" declared implicitly
..\drive\TIM6.c(117): warning:  #223-D: function "GUI_Init" declared implicitly
..\drive\TIM6.c(120): warning:  #223-D: function "ResetPow" declared implicitly
..\drive\TIM6.c(122): warning:  #223-D: function "ResetCDC" declared implicitly
..\drive\TIM6.c(124): warning:  #223-D: function "ResetR" declared implicitly
..\drive\TIM6.c(126): warning:  #223-D: function "ResetLoad" declared implicitly
..\drive\TIM6.c(128): warning:  #223-D: function "ResetG" declared implicitly
..\drive\TIM6.c(130): warning:  #223-D: function "ResetSET" declared implicitly
..\drive\TIM6.c(247): warning:  #223-D: function "Mode_SW_CONT" declared implicitly
..\drive\TIM6.c(251): warning:  #1035-D: single-precision operand implicitly converted to double-precision
..\drive\TIM6.c(279): warning:  #223-D: function "Mode_SW_CONT" declared implicitly
..\drive\TIM6.c(309): warning:  #223-D: function "Mode_SW_CONT" declared implicitly
..\drive\TIM6.c(312): warning:  #1035-D: single-precision operand implicitly converted to double-precision
..\drive\TIM6.c(330): warning:  #223-D: function "Mode_SW_CONT" declared implicitly
..\drive\TIM6.c(341): warning:  #223-D: function "Mode_SW_CONT" declared implicitly
..\drive\TIM6.c(92): warning:  #177-D: variable "read1963" was declared but never referenced
..\drive\TIM6.c(93): warning:  #177-D: variable "scancount" was declared but never referenced
..\drive\TIM6.c(99): warning:  #177-D: variable "crec" was declared but never referenced
..\drive\TIM6.c(100): warning:  #177-D: variable "csend" was declared but never referenced
..\drive\TIM6.c(101): warning:  #177-D: variable "sendbuf" was declared but never referenced
..\drive\TIM6.c(102): warning:  #177-D: variable "sendlen" was declared but never referenced
..\drive\TIM6.c(103): warning:  #177-D: variable "recrc" was declared but never referenced
..\drive\TIM6.c(104): warning:  #177-D: variable "scrc" was declared but never referenced
..\drive\TIM6.c(447): warning:  #223-D: function "UART_Action" declared implicitly
..\drive\TIM6.c(382): warning:  #177-D: variable "addr" was declared but never referenced
linking...
Program Size: Code=158382 RO-data=120202 RW-data=2252 ZI-data=34740  
FromELF: creating hex file...
"..\Output\JK_BTSET.axf" - 0 Error(s), 28 Warning(s).
Build target 'JK_BTSET'
compiling main.c...
linking...
Program Size: Code=158282 RO-data=120202 RW-data=2252 ZI-data=34740  
FromELF: creating hex file...
"..\Output\JK_BTSET.axf" - 0 Error(s), 0 Warning(s).
Build target 'JK_BTSET'
compiling MainTask.c...
linking...
Program Size: Code=157002 RO-data=59542 RW-data=2228 ZI-data=34692  
FromELF: creating hex file...
"..\Output\JK_BTSET.axf" - 0 Error(s), 0 Warning(s).
Load "..\\Output\\JK_BTSET.AXF" 
* JLink Info: Device "STM32F407VE" selected (512 KB flash, 128 KB RAM).
Set JLink Project File to "D:\5530\5530rebiuld\Project\JLinkSettings.ini"
 
JLink info:
------------
DLL: V4.40c, compiled Jan 24 2012 09:30:33
Firmware: J-Link V9 compiled Apr 20 2018 16:47:26
Hardware: V9.40
S/N : 59401576 
Feature(s) : RDI, GDB, FlashDL, FlashBP, JFlash 
 
* JLink Info: Found SWD-DP with ID 0x2BA01477
* JLink Info: TPIU fitted.
* JLink Info: ETM fitted.
* JLink Info:   FPUnit: 6 code (BP) slots and 2 literal slots
* JLink Info: Found Cortex-M4 r0p1, Little endian.
ROMTableAddr = 0xE00FF003
* JLink Info: Found SWD-DP with ID 0x2BA01477
* JLink Info: TPIU fitted.
* JLink Info: ETM fitted.
* JLink Info:   FPUnit: 6 code (BP) slots and 2 literal slots
* JLink Info: Found Cortex-M4 r0p1, Little endian.
 
Target info:
------------
Device: STM32F407VE
VTarget = 3.335V
State of Pins: 
TCK: 0, TDI: 0, TDO: 0, TMS: 1, TRES: 1, TRST: 1
Hardware-Breakpoints: 6
Software-Breakpoints: 8192
Watchpoints:          4
JTAG speed: 3000 kHz
 
Erase Done.
Programming Done.
Verify OK.
Build target 'JK_BTSET'
compiling menu.c...
compiling R_Face.c...
..\APP\R_Face.c(266): warning:  #1035-D: single-precision operand implicitly converted to double-precision
..\APP\R_Face.c(303): warning:  #1035-D: single-precision operand implicitly converted to double-precision
..\APP\R_Face.c(308): warning:  #1035-D: single-precision operand implicitly converted to double-precision
..\APP\R_Face.c(325): warning:  #1035-D: single-precision operand implicitly converted to double-precision
..\APP\R_Face.c(330): warning:  #1035-D: single-precision operand implicitly converted to double-precision
..\APP\R_Face.c(409): warning:  #181-D: argument is incompatible with corresponding format string conversion
..\APP\R_Face.c(438): warning:  #1035-D: single-precision operand implicitly converted to double-precision
..\APP\R_Face.c(573): warning:  #181-D: argument is incompatible with corresponding format string conversion
..\APP\R_Face.c(601): warning:  #1035-D: single-precision operand implicitly converted to double-precision
..\APP\R_Face.c(669): warning:  #1035-D: single-precision operand implicitly converted to double-precision
..\APP\R_Face.c(669): warning:  #1035-D: single-precision operand implicitly converted to double-precision
..\APP\R_Face.c(690): warning:  #1035-D: single-precision operand implicitly converted to double-precision
..\APP\R_Face.c(690): warning:  #1035-D: single-precision operand implicitly converted to double-precision
..\APP\R_Face.c(711): warning:  #1035-D: single-precision operand implicitly converted to double-precision
..\APP\R_Face.c(711): warning:  #1035-D: single-precision operand implicitly converted to double-precision
..\APP\R_Face.c(732): warning:  #1035-D: single-precision operand implicitly converted to double-precision
..\APP\R_Face.c(732): warning:  #1035-D: single-precision operand implicitly converted to double-precision
..\APP\R_Face.c(753): warning:  #1035-D: single-precision operand implicitly converted to double-precision
..\APP\R_Face.c(753): warning:  #1035-D: single-precision operand implicitly converted to double-precision
..\APP\R_Face.c(178): warning:  #177-D: variable "short1" was declared but never referenced
..\APP\R_Face.c(178): warning:  #177-D: variable "short2" was declared but never referenced
..\APP\R_Face.c(1742): warning:  #1035-D: single-precision operand implicitly converted to double-precision
compiling load_Face.c...
compiling graph.c...
compiling c_dc.c...
compiling settings.c...
linking...
Program Size: Code=156878 RO-data=59542 RW-data=2228 ZI-data=34692  
FromELF: creating hex file...
"..\Output\JK_BTSET.axf" - 0 Error(s), 22 Warning(s).
Load "..\\Output\\JK_BTSET.AXF" 
* JLink Info: Device "STM32F407VE" selected (512 KB flash, 128 KB RAM).
Set JLink Project File to "D:\5530\5530rebiuld\Project\JLinkSettings.ini"
 
JLink info:
------------
DLL: V4.40c, compiled Jan 24 2012 09:30:33
Firmware: J-Link V9 compiled Apr 20 2018 16:47:26
Hardware: V9.40
S/N : 59401576 
Feature(s) : RDI, GDB, FlashDL, FlashBP, JFlash 
 
* JLink Info: Found SWD-DP with ID 0x2BA01477
* JLink Info: TPIU fitted.
* JLink Info: ETM fitted.
* JLink Info:   FPUnit: 6 code (BP) slots and 2 literal slots
* JLink Info: Found Cortex-M4 r0p1, Little endian.
ROMTableAddr = 0xE00FF003
* JLink Info: Found SWD-DP with ID 0x2BA01477
* JLink Info: TPIU fitted.
* JLink Info: ETM fitted.
* JLink Info:   FPUnit: 6 code (BP) slots and 2 literal slots
* JLink Info: Found Cortex-M4 r0p1, Little endian.
 
Target info:
------------
Device: STM32F407VE
VTarget = 3.332V
State of Pins: 
TCK: 0, TDI: 0, TDO: 0, TMS: 1, TRES: 1, TRST: 1
Hardware-Breakpoints: 6
Software-Breakpoints: 8192
Watchpoints:          4
JTAG speed: 3000 kHz
 
Erase Done.
Programming Done.
Verify OK.
Build target 'JK_BTSET'
linking...
Program Size: Code=156878 RO-data=59542 RW-data=2228 ZI-data=34692  
FromELF: creating hex file...
"..\Output\JK_BTSET.axf" - 0 Error(s), 0 Warning(s).
Build target 'JK_BTSET'
compiling sysinfo.c...
..\APP\sysinfo.c(1437): warning:  #940-D: missing return statement at end of non-void function "CFM_PASS"
..\APP\sysinfo.c(1482): warning:  #223-D: function "Flash_Write_all" declared implicitly
..\APP\sysinfo.c(1533): warning:  #223-D: function "Flash_Write_all" declared implicitly
linking...
Program Size: Code=156858 RO-data=59542 RW-data=2228 ZI-data=34692  
FromELF: creating hex file...
"..\Output\JK_BTSET.axf" - 0 Error(s), 3 Warning(s).
Load "..\\Output\\JK_BTSET.AXF" 
* JLink Info: Device "STM32F407VE" selected (512 KB flash, 128 KB RAM).
Set JLink Project File to "D:\5530\5530rebiuld\Project\JLinkSettings.ini"
 
JLink info:
------------
DLL: V4.40c, compiled Jan 24 2012 09:30:33
Firmware: J-Link V9 compiled Apr 20 2018 16:47:26
Hardware: V9.40
S/N : 59401576 
Feature(s) : RDI, GDB, FlashDL, FlashBP, JFlash 
 
* JLink Info: Found SWD-DP with ID 0x2BA01477
* JLink Info: TPIU fitted.
* JLink Info: ETM fitted.
* JLink Info:   FPUnit: 6 code (BP) slots and 2 literal slots
* JLink Info: Found Cortex-M4 r0p1, Little endian.
ROMTableAddr = 0xE00FF003
* JLink Info: Found SWD-DP with ID 0x2BA01477
* JLink Info: TPIU fitted.
* JLink Info: ETM fitted.
* JLink Info:   FPUnit: 6 code (BP) slots and 2 literal slots
* JLink Info: Found Cortex-M4 r0p1, Little endian.
 
Target info:
------------
Device: STM32F407VE
VTarget = 3.333V
State of Pins: 
TCK: 0, TDI: 0, TDO: 0, TMS: 1, TRES: 1, TRST: 1
Hardware-Breakpoints: 6
Software-Breakpoints: 8192
Watchpoints:          4
JTAG speed: 3000 kHz
 
Erase Done.
Programming Done.
Verify OK.
Build target 'JK_BTSET'
compiling sysinfo.c...
..\APP\sysinfo.c(1437): warning:  #940-D: missing return statement at end of non-void function "CFM_PASS"
..\APP\sysinfo.c(1482): warning:  #223-D: function "Flash_Write_all" declared implicitly
..\APP\sysinfo.c(1533): warning:  #223-D: function "Flash_Write_all" declared implicitly
linking...
Program Size: Code=156858 RO-data=59542 RW-data=2228 ZI-data=34692  
FromELF: creating hex file...
"..\Output\JK_BTSET.axf" - 0 Error(s), 3 Warning(s).
Build target 'JK_BTSET'
linking...
Program Size: Code=156858 RO-data=59542 RW-data=2228 ZI-data=34692  
FromELF: creating hex file...
"..\Output\JK_BTSET.axf" - 0 Error(s), 0 Warning(s).
Build target 'JK_BTSET'
compiling settings.c...
linking...
Program Size: Code=156858 RO-data=59542 RW-data=2228 ZI-data=34692  
FromELF: creating hex file...
"..\Output\JK_BTSET.axf" - 0 Error(s), 0 Warning(s).
Load "..\\Output\\JK_BTSET.AXF" 
* JLink Info: Device "STM32F407VE" selected (512 KB flash, 128 KB RAM).
Set JLink Project File to "D:\5530\5530rebiuld\Project\JLinkSettings.ini"
 
JLink info:
------------
DLL: V4.40c, compiled Jan 24 2012 09:30:33
Firmware: J-Link V9 compiled Apr 20 2018 16:47:26
Hardware: V9.40
S/N : 59401576 
Feature(s) : RDI, GDB, FlashDL, FlashBP, JFlash 
 
* JLink Info: Found SWD-DP with ID 0x2BA01477
* JLink Info: TPIU fitted.
* JLink Info: ETM fitted.
* JLink Info:   FPUnit: 6 code (BP) slots and 2 literal slots
* JLink Info: Found Cortex-M4 r0p1, Little endian.
ROMTableAddr = 0xE00FF003
* JLink Info: Found SWD-DP with ID 0x2BA01477
* JLink Info: TPIU fitted.
* JLink Info: ETM fitted.
* JLink Info:   FPUnit: 6 code (BP) slots and 2 literal slots
* JLink Info: Found Cortex-M4 r0p1, Little endian.
 
Target info:
------------
Device: STM32F407VE
VTarget = 3.333V
State of Pins: 
TCK: 0, TDI: 0, TDO: 0, TMS: 1, TRES: 1, TRST: 1
Hardware-Breakpoints: 6
Software-Breakpoints: 8192
Watchpoints:          4
JTAG speed: 3000 kHz
 
Erase Done.
Programming Done.
Verify OK.
