<!doctype html public "-//w3c//dtd html 4.0 transitional//en">
<html><head>
<title>Static Call Graph - [..\Output\JK_BTSET.axf]</title></head>
<body><HR>
<H1>Static Call Graph for image ..\Output\JK_BTSET.axf</H1><HR>
<BR><P>#&#060CALLGRAPH&#062# ARM Linker, 4.1 [Build 894]: Last Updated: Sat Sep 29 15:47:03 2018
<BR><P>
<H3>Maximum Stack Usage =        688 bytes + Unknown(Functions without stacksize, Cycles, Untraceable Function Pointers)</H3><H3>
Call chain for Maximum Stack Depth:</H3>
__rt_entry_main &rArr; main &rArr; MainTask &rArr; GUI_Delay &rArr; GUI_Exec &rArr; GUI_Exec1 &rArr; WM_Exec &rArr; _DrawNext &rArr; WM__Paint &rArr; GUI_MEMDEV_Draw &rArr; GUI_MEMDEV_CopyToLCD &rArr; GUI_MEMDEV_CopyToLCDAt &rArr; GUI_MEMDEV__WriteToActiveOpaque &rArr; _WriteToActiveOpaque_8 &rArr; GUI_ALLOC_AllocNoInit &rArr; _Alloc &rArr; _InitOnce &rArr; _EnlargeBlocks &rArr;  _Alloc (Cycle)
<P>
<H3>
Functions with no stack information
</H3><UL>
 <LI><a href="#[199]">__user_initial_stackheap</a>
</UL>
</UL>
<P>
<H3>
Mutually Recursive functions
</H3> <LI><a href="#[48]">ADC_IRQHandler</a>&nbsp;&nbsp;&nbsp;&rArr;&nbsp;&nbsp;&nbsp;<a href="#[48]">ADC_IRQHandler</a><BR>
 <LI><a href="#[42a]">WM__InvalidateRect</a>&nbsp;&nbsp;&nbsp;&rArr;&nbsp;&nbsp;&nbsp;<a href="#[42a]">WM__InvalidateRect</a><BR>
 <LI><a href="#[408]">WM_InvalidateWindowAndDescsEx</a>&nbsp;&nbsp;&nbsp;&rArr;&nbsp;&nbsp;&nbsp;<a href="#[408]">WM_InvalidateWindowAndDescsEx</a><BR>
 <LI><a href="#[402]">WM__InvalidateDrawAndDescs</a>&nbsp;&nbsp;&nbsp;&rArr;&nbsp;&nbsp;&nbsp;<a href="#[402]">WM__InvalidateDrawAndDescs</a><BR>
 <LI><a href="#[40d]">WM__SendMessage</a>&nbsp;&nbsp;&nbsp;&rArr;&nbsp;&nbsp;&nbsp;<a href="#[1ba]">WM_DefaultProc</a><BR>
 <LI><a href="#[40e]">WM_ResizeWindow</a>&nbsp;&nbsp;&nbsp;&rArr;&nbsp;&nbsp;&nbsp;<a href="#[3c3]">WM__UpdateChildPositions</a><BR>
 <LI><a href="#[42b]">_MoveDescendents</a>&nbsp;&nbsp;&nbsp;&rArr;&nbsp;&nbsp;&nbsp;<a href="#[42b]">_MoveDescendents</a><BR>
 <LI><a href="#[3f0]">WM__ForEachDesc</a>&nbsp;&nbsp;&nbsp;&rArr;&nbsp;&nbsp;&nbsp;<a href="#[3f0]">WM__ForEachDesc</a><BR>
 <LI><a href="#[459]">_EnlargeBlocks</a>&nbsp;&nbsp;&nbsp;&rArr;&nbsp;&nbsp;&nbsp;<a href="#[259]">_Alloc</a><BR>
 <LI><a href="#[45c]">_Findy1</a>&nbsp;&nbsp;&nbsp;&rArr;&nbsp;&nbsp;&nbsp;<a href="#[45c]">_Findy1</a><BR>
 <LI><a href="#[45e]">_Findx1</a>&nbsp;&nbsp;&nbsp;&rArr;&nbsp;&nbsp;&nbsp;<a href="#[45e]">_Findx1</a><BR>
 <LI><a href="#[45d]">_Findx0</a>&nbsp;&nbsp;&nbsp;&rArr;&nbsp;&nbsp;&nbsp;<a href="#[45d]">_Findx0</a><BR>
 <LI><a href="#[30]">BusFault_Handler</a>&nbsp;&nbsp;&nbsp;&rArr;&nbsp;&nbsp;&nbsp;<a href="#[30]">BusFault_Handler</a><BR>
 <LI><a href="#[3fc]">_GetDialogItem</a>&nbsp;&nbsp;&nbsp;&rArr;&nbsp;&nbsp;&nbsp;<a href="#[3fc]">_GetDialogItem</a><BR>
 <LI><a href="#[3f3]">_GetDialogItem</a>&nbsp;&nbsp;&nbsp;&rArr;&nbsp;&nbsp;&nbsp;<a href="#[3f3]">_GetDialogItem</a><BR>
 <LI><a href="#[2e]">HardFault_Handler</a>&nbsp;&nbsp;&nbsp;&rArr;&nbsp;&nbsp;&nbsp;<a href="#[2e]">HardFault_Handler</a><BR>
 <LI><a href="#[2f]">MemManage_Handler</a>&nbsp;&nbsp;&nbsp;&rArr;&nbsp;&nbsp;&nbsp;<a href="#[2f]">MemManage_Handler</a><BR>
 <LI><a href="#[3ea]">_DeleteAllChildren</a>&nbsp;&nbsp;&nbsp;&rArr;&nbsp;&nbsp;&nbsp;<a href="#[275]">WM_DeleteWindow</a><BR>
 <LI><a href="#[407]">WM_InvalidateWindowAndDescs</a>&nbsp;&nbsp;&nbsp;&rArr;&nbsp;&nbsp;&nbsp;<a href="#[407]">WM_InvalidateWindowAndDescs</a><BR>
 <LI><a href="#[31]">UsageFault_Handler</a>&nbsp;&nbsp;&nbsp;&rArr;&nbsp;&nbsp;&nbsp;<a href="#[31]">UsageFault_Handler</a><BR>
 <LI><a href="#[42f]">_PaintTransChildren</a>&nbsp;&nbsp;&nbsp;&rArr;&nbsp;&nbsp;&nbsp;<a href="#[42f]">_PaintTransChildren</a><BR>
</UL>
<P>
<H3>
Function Pointers
</H3><UL>
 <LI><a href="#[48]">ADC_IRQHandler</a> from startup_stm32f40_41xxx.o(.text) referenced from startup_stm32f40_41xxx.o(RESET)
 <LI><a href="#[8d]">BUTTON_Callback</a> from button.o(i.BUTTON_Callback) referenced from button.o(i.BUTTON_CreateUser)
 <LI><a href="#[e5]">BUTTON_CreateIndirect</a> from button_createindirect.o(i.BUTTON_CreateIndirect) referenced 30 times from menu.o(.constdata)
 <LI><a href="#[b8]">BUTTON_DrawSkinFlex</a> from button_skinflex.o(i.BUTTON_DrawSkinFlex) referenced from maintask.o(i.MainTask)
 <LI><a href="#[30]">BusFault_Handler</a> from stm32f4xx_it.o(i.BusFault_Handler) referenced from startup_stm32f40_41xxx.o(RESET)
 <LI><a href="#[4a]">CAN1_RX0_IRQHandler</a> from startup_stm32f40_41xxx.o(.text) referenced from startup_stm32f40_41xxx.o(RESET)
 <LI><a href="#[4b]">CAN1_RX1_IRQHandler</a> from startup_stm32f40_41xxx.o(.text) referenced from startup_stm32f40_41xxx.o(RESET)
 <LI><a href="#[4c]">CAN1_SCE_IRQHandler</a> from startup_stm32f40_41xxx.o(.text) referenced from startup_stm32f40_41xxx.o(RESET)
 <LI><a href="#[49]">CAN1_TX_IRQHandler</a> from startup_stm32f40_41xxx.o(.text) referenced from startup_stm32f40_41xxx.o(RESET)
 <LI><a href="#[76]">CAN2_RX0_IRQHandler</a> from startup_stm32f40_41xxx.o(.text) referenced from startup_stm32f40_41xxx.o(RESET)
 <LI><a href="#[77]">CAN2_RX1_IRQHandler</a> from startup_stm32f40_41xxx.o(.text) referenced from startup_stm32f40_41xxx.o(RESET)
 <LI><a href="#[78]">CAN2_SCE_IRQHandler</a> from startup_stm32f40_41xxx.o(.text) referenced from startup_stm32f40_41xxx.o(RESET)
 <LI><a href="#[75]">CAN2_TX_IRQHandler</a> from startup_stm32f40_41xxx.o(.text) referenced from startup_stm32f40_41xxx.o(RESET)
 <LI><a href="#[b9]">CHECKBOX_DrawSkinFlex</a> from checkbox_skinflex.o(i.CHECKBOX_DrawSkinFlex) referenced from maintask.o(i.MainTask)
 <LI><a href="#[1e]">CHECKBOX__GetButtonSize</a> from checkbox.o(i.CHECKBOX__GetButtonSize) referenced 2 times from checkbox.o(.data)
 <LI><a href="#[85]">CRYP_IRQHandler</a> from startup_stm32f40_41xxx.o(.text) referenced from startup_stm32f40_41xxx.o(RESET)
 <LI><a href="#[84]">DCMI_IRQHandler</a> from startup_stm32f40_41xxx.o(.text) referenced from startup_stm32f40_41xxx.o(RESET)
 <LI><a href="#[41]">DMA1_Stream0_IRQHandler</a> from startup_stm32f40_41xxx.o(.text) referenced from startup_stm32f40_41xxx.o(RESET)
 <LI><a href="#[42]">DMA1_Stream1_IRQHandler</a> from startup_stm32f40_41xxx.o(.text) referenced from startup_stm32f40_41xxx.o(RESET)
 <LI><a href="#[43]">DMA1_Stream2_IRQHandler</a> from startup_stm32f40_41xxx.o(.text) referenced from startup_stm32f40_41xxx.o(RESET)
 <LI><a href="#[44]">DMA1_Stream3_IRQHandler</a> from startup_stm32f40_41xxx.o(.text) referenced from startup_stm32f40_41xxx.o(RESET)
 <LI><a href="#[45]">DMA1_Stream4_IRQHandler</a> from startup_stm32f40_41xxx.o(.text) referenced from startup_stm32f40_41xxx.o(RESET)
 <LI><a href="#[46]">DMA1_Stream5_IRQHandler</a> from startup_stm32f40_41xxx.o(.text) referenced from startup_stm32f40_41xxx.o(RESET)
 <LI><a href="#[47]">DMA1_Stream6_IRQHandler</a> from startup_stm32f40_41xxx.o(.text) referenced from startup_stm32f40_41xxx.o(RESET)
 <LI><a href="#[65]">DMA1_Stream7_IRQHandler</a> from startup_stm32f40_41xxx.o(.text) referenced from startup_stm32f40_41xxx.o(RESET)
 <LI><a href="#[6e]">DMA2_Stream0_IRQHandler</a> from stm32f4xx_it.o(i.DMA2_Stream0_IRQHandler) referenced from startup_stm32f40_41xxx.o(RESET)
 <LI><a href="#[6f]">DMA2_Stream1_IRQHandler</a> from startup_stm32f40_41xxx.o(.text) referenced from startup_stm32f40_41xxx.o(RESET)
 <LI><a href="#[70]">DMA2_Stream2_IRQHandler</a> from startup_stm32f40_41xxx.o(.text) referenced from startup_stm32f40_41xxx.o(RESET)
 <LI><a href="#[71]">DMA2_Stream3_IRQHandler</a> from startup_stm32f40_41xxx.o(.text) referenced from startup_stm32f40_41xxx.o(RESET)
 <LI><a href="#[72]">DMA2_Stream4_IRQHandler</a> from startup_stm32f40_41xxx.o(.text) referenced from startup_stm32f40_41xxx.o(RESET)
 <LI><a href="#[7a]">DMA2_Stream5_IRQHandler</a> from startup_stm32f40_41xxx.o(.text) referenced from startup_stm32f40_41xxx.o(RESET)
 <LI><a href="#[7b]">DMA2_Stream6_IRQHandler</a> from startup_stm32f40_41xxx.o(.text) referenced from startup_stm32f40_41xxx.o(RESET)
 <LI><a href="#[7c]">DMA2_Stream7_IRQHandler</a> from startup_stm32f40_41xxx.o(.text) referenced from startup_stm32f40_41xxx.o(RESET)
 <LI><a href="#[ba]">DROPDOWN_DrawSkinFlex</a> from dropdown_skinflex.o(i.DROPDOWN_DrawSkinFlex) referenced from maintask.o(i.MainTask)
 <LI><a href="#[33]">DebugMon_Handler</a> from stm32f4xx_it.o(i.DebugMon_Handler) referenced from startup_stm32f40_41xxx.o(RESET)
 <LI><a href="#[73]">ETH_IRQHandler</a> from startup_stm32f40_41xxx.o(.text) referenced from startup_stm32f40_41xxx.o(RESET)
 <LI><a href="#[74]">ETH_WKUP_IRQHandler</a> from startup_stm32f40_41xxx.o(.text) referenced from startup_stm32f40_41xxx.o(RESET)
 <LI><a href="#[3c]">EXTI0_IRQHandler</a> from startup_stm32f40_41xxx.o(.text) referenced from startup_stm32f40_41xxx.o(RESET)
 <LI><a href="#[5e]">EXTI15_10_IRQHandler</a> from startup_stm32f40_41xxx.o(.text) referenced from startup_stm32f40_41xxx.o(RESET)
 <LI><a href="#[3d]">EXTI1_IRQHandler</a> from startup_stm32f40_41xxx.o(.text) referenced from startup_stm32f40_41xxx.o(RESET)
 <LI><a href="#[3e]">EXTI2_IRQHandler</a> from startup_stm32f40_41xxx.o(.text) referenced from startup_stm32f40_41xxx.o(RESET)
 <LI><a href="#[3f]">EXTI3_IRQHandler</a> from startup_stm32f40_41xxx.o(.text) referenced from startup_stm32f40_41xxx.o(RESET)
 <LI><a href="#[40]">EXTI4_IRQHandler</a> from startup_stm32f40_41xxx.o(.text) referenced from startup_stm32f40_41xxx.o(RESET)
 <LI><a href="#[4d]">EXTI9_5_IRQHandler</a> from startup_stm32f40_41xxx.o(.text) referenced from startup_stm32f40_41xxx.o(RESET)
 <LI><a href="#[3a]">FLASH_IRQHandler</a> from startup_stm32f40_41xxx.o(.text) referenced from startup_stm32f40_41xxx.o(RESET)
 <LI><a href="#[87]">FPU_IRQHandler</a> from startup_stm32f40_41xxx.o(.text) referenced from startup_stm32f40_41xxx.o(RESET)
 <LI><a href="#[f]">FRAMEWIN_DrawSkinFlex</a> from framewin_skinflex.o(i.FRAMEWIN_DrawSkinFlex) referenced 2 times from framewin_skin.o(.data)
 <LI><a href="#[f]">FRAMEWIN_DrawSkinFlex</a> from framewin_skinflex.o(i.FRAMEWIN_DrawSkinFlex) referenced from maintask.o(i.MainTask)
 <LI><a href="#[ce]">FRAMEWIN_OwnerDraw</a> from framewin_skinclassic.o(i.FRAMEWIN_OwnerDraw) referenced from framewin_skinclassic.o(i._Create)
 <LI><a href="#[1f]">FRAMEWIN__GetBorderSize</a> from framewin.o(i.FRAMEWIN__GetBorderSize) referenced 2 times from framewin.o(.data)
 <LI><a href="#[66]">FSMC_IRQHandler</a> from startup_stm32f40_41xxx.o(.text) referenced from startup_stm32f40_41xxx.o(RESET)
 <LI><a href="#[96]">GRAPH_Callback</a> from graph.o(i.GRAPH_Callback) referenced from graph.o(i.GRAPH_CreateUser)
 <LI><a href="#[e7]">GRAPH_CreateIndirect</a> from graph_createindirect.o(i.GRAPH_CreateIndirect) referenced from graph.o(.constdata)
 <LI><a href="#[b6]">GUIDRV_FlexColor_SetFunc66720</a> from guidrv_flexcolor_func66720.o(i.GUIDRV_FlexColor_SetFunc66720) referenced from lcdconf_flexcolor_template.o(i.LCD_X_Config)
 <LI><a href="#[b5]">GUIDRV_FlexColor_SetMode16bppC0B16</a> from guidrv_flexcolor_16bpp_c0b16.o(i.GUIDRV_FlexColor_SetMode16bppC0B16) referenced from lcdconf_flexcolor_template.o(i.LCD_X_Config)
 <LI><a href="#[a3]">GUIDRV_FlexColor__GetPixelIndexNoCache</a> from guidrv_flexcolor.o(i.GUIDRV_FlexColor__GetPixelIndexNoCache) referenced from guidrv_flexcolor_16bpp_c0b16.o(i.GUIDRV_FlexColor_SetMode16bppC0B16)
 <LI><a href="#[a7]">GUIDRV_FlexColor__SetLog2Phys</a> from guidrv_flexcolor.o(i.GUIDRV_FlexColor__SetLog2Phys) referenced from guidrv_flexcolor.o(i.GUIDRV_FlexColor__InitOnce)
 <LI><a href="#[a4]">GUIDRV_FlexColor__SetPixelIndexNoCache</a> from guidrv_flexcolor.o(i.GUIDRV_FlexColor__SetPixelIndexNoCache) referenced from guidrv_flexcolor_16bpp_c0b16.o(i.GUIDRV_FlexColor_SetMode16bppC0B16)
 <LI><a href="#[119]">GUIMONO_DispChar</a> from gui_charm.o(i.GUIMONO_DispChar) referenced 2 times from f6x8.o(.constdata)
 <LI><a href="#[11a]">GUIMONO_GetCharDistX</a> from gui_charm.o(i.GUIMONO_GetCharDistX) referenced 2 times from f6x8.o(.constdata)
 <LI><a href="#[11b]">GUIMONO_GetFontInfo</a> from gui_charm.o(i.GUIMONO_GetFontInfo) referenced 2 times from f6x8.o(.constdata)
 <LI><a href="#[11c]">GUIMONO_IsInFont</a> from gui_charm.o(i.GUIMONO_IsInFont) referenced 2 times from f6x8.o(.constdata)
 <LI><a href="#[e8]">GUIPROP_DispChar</a> from gui_charp.o(i.GUIPROP_DispChar) referenced 6 times from hz16.o(.constdata)
 <LI><a href="#[ec]">GUIPROP_EXT_DispChar</a> from gui_charpext.o(i.GUIPROP_EXT_DispChar) referenced 5 times from en40.o(.constdata)
 <LI><a href="#[ed]">GUIPROP_EXT_GetCharDistX</a> from gui_charpext.o(i.GUIPROP_EXT_GetCharDistX) referenced 5 times from en40.o(.constdata)
 <LI><a href="#[f0]">GUIPROP_EXT_GetCharInfo</a> from gui_charpext.o(i.GUIPROP_EXT_GetCharInfo) referenced 5 times from en40.o(.constdata)
 <LI><a href="#[ee]">GUIPROP_EXT_GetFontInfo</a> from gui_charpext.o(i.GUIPROP_EXT_GetFontInfo) referenced 5 times from en40.o(.constdata)
 <LI><a href="#[ef]">GUIPROP_EXT_IsInFont</a> from gui_charpext.o(i.GUIPROP_EXT_IsInFont) referenced 5 times from en40.o(.constdata)
 <LI><a href="#[4]">GUIPROP_EXT__ClearLine</a> from gui_encext.o(i.GUIPROP_EXT__ClearLine) referenced 2 times from gui_encext.o(.data)
 <LI><a href="#[f8]">GUIPROP_EXT__DispLine</a> from gui_encext.o(i.GUIPROP_EXT__DispLine) referenced from gui_encext.o(.constdata)
 <LI><a href="#[e9]">GUIPROP_GetCharDistX</a> from gui_charp.o(i.GUIPROP_GetCharDistX) referenced 6 times from hz16.o(.constdata)
 <LI><a href="#[ea]">GUIPROP_GetFontInfo</a> from gui_charp.o(i.GUIPROP_GetFontInfo) referenced 6 times from hz16.o(.constdata)
 <LI><a href="#[eb]">GUIPROP_IsInFont</a> from gui_charp.o(i.GUIPROP_IsInFont) referenced 6 times from hz16.o(.constdata)
 <LI><a href="#[c1]">GUI_DrawGradientH</a> from gui_drawgradient.o(i.GUI_DrawGradientH) referenced from scrollbar_skinflex.o(i.SCROLLBAR_DrawSkinFlex)
 <LI><a href="#[c4]">GUI_DrawGradientV</a> from gui_drawgradient.o(i.GUI_DrawGradientV) referenced from scrollbar_skinflex.o(i.SCROLLBAR_DrawSkinFlex)
 <LI><a href="#[da]">GUI_MEMDEV_Paint1Static</a> from guidev_staticdevices.o(i.GUI_MEMDEV_Paint1Static) referenced from wm.o(i._Paint1)
 <LI><a href="#[d7]">GUI_MEMDEV__WriteToActiveAlpha</a> from guidev_writetoactivealpha.o(i.GUI_MEMDEV__WriteToActiveAlpha) referenced from guidev_32.o(i._GetDevFunc)
 <LI><a href="#[d6]">GUI_MEMDEV__WriteToActiveOpaque</a> from guidev_writetoactiveopaque.o(i.GUI_MEMDEV__WriteToActiveOpaque) referenced from guidev_16.o(i._GetDevFunc)
 <LI><a href="#[ab]">GUI_TIMER_Exec</a> from gui_timer.o(i.GUI_TIMER_Exec) referenced from gui_timer.o(i.GUI_TIMER_Create)
 <LI><a href="#[146]">GUI_USAGE_BM_AddHLine</a> from guidev_usagebm.o(i.GUI_USAGE_BM_AddHLine) referenced from guidev_usagebm.o(.constdata)
 <LI><a href="#[145]">GUI_USAGE_BM_AddPixel</a> from guidev_usagebm.o(i.GUI_USAGE_BM_AddPixel) referenced from guidev_usagebm.o(.constdata)
 <LI><a href="#[147]">GUI_USAGE_BM_Clear</a> from guidev_usagebm.o(i.GUI_USAGE_BM_Clear) referenced from guidev_usagebm.o(.constdata)
 <LI><a href="#[149]">GUI_USAGE_BM_GetNextDirty</a> from guidev_usagebm.o(i.GUI_USAGE_BM_GetNextDirty) referenced from guidev_usagebm.o(.constdata)
 <LI><a href="#[1d]">GUI_X_ExecIdle</a> from gui_x.o(i.GUI_X_ExecIdle) referenced 2 times from gui_waitevent.o(.data)
 <LI><a href="#[21]">GUI__MixColors</a> from gui__alpha.o(i.GUI__MixColors) referenced 2 times from gui__alpha.o(.data)
 <LI><a href="#[22]">GUI__MixColorsBulk</a> from gui__alpha.o(i.GUI__MixColorsBulk) referenced 2 times from gui__alpha.o(.data)
 <LI><a href="#[86]">HASH_RNG_IRQHandler</a> from startup_stm32f40_41xxx.o(.text) referenced from startup_stm32f40_41xxx.o(RESET)
 <LI><a href="#[bd]">HEADER_DrawSkinFlex</a> from header_skinflex.o(i.HEADER_DrawSkinFlex) referenced from maintask.o(i.MainTask)
 <LI><a href="#[2e]">HardFault_Handler</a> from stm32f4xx_it.o(i.HardFault_Handler) referenced from startup_stm32f40_41xxx.o(RESET)
 <LI><a href="#[56]">I2C1_ER_IRQHandler</a> from startup_stm32f40_41xxx.o(.text) referenced from startup_stm32f40_41xxx.o(RESET)
 <LI><a href="#[55]">I2C1_EV_IRQHandler</a> from startup_stm32f40_41xxx.o(.text) referenced from startup_stm32f40_41xxx.o(RESET)
 <LI><a href="#[58]">I2C2_ER_IRQHandler</a> from startup_stm32f40_41xxx.o(.text) referenced from startup_stm32f40_41xxx.o(RESET)
 <LI><a href="#[57]">I2C2_EV_IRQHandler</a> from startup_stm32f40_41xxx.o(.text) referenced from startup_stm32f40_41xxx.o(RESET)
 <LI><a href="#[7f]">I2C3_ER_IRQHandler</a> from startup_stm32f40_41xxx.o(.text) referenced from startup_stm32f40_41xxx.o(RESET)
 <LI><a href="#[7e]">I2C3_EV_IRQHandler</a> from startup_stm32f40_41xxx.o(.text) referenced from startup_stm32f40_41xxx.o(RESET)
 <LI><a href="#[a9]">LCD_DrawHLine</a> from lcd.o(i.LCD_DrawHLine) referenced from gui_core.o(.constdata)
 <LI><a href="#[a9]">LCD_DrawHLine</a> from lcd.o(i.LCD_DrawHLine) referenced from gui_drawgradient.o(i.GUI_DrawGradientV)
 <LI><a href="#[f6]">LCD_DrawPixel</a> from lcd.o(i.LCD_DrawPixel) referenced from gui_core.o(.constdata)
 <LI><a href="#[a8]">LCD_DrawVLine</a> from lcd.o(i.LCD_DrawVLine) referenced from gui_drawgradient.o(i.GUI_DrawGradientH)
 <LI><a href="#[3]">LCD_GetpPalConvTableBM</a> from lcd_color.o(i.LCD_GetpPalConvTableBM) referenced 2 times from gui_core.o(.data)
 <LI><a href="#[d0]">LCD_Index2Color_565</a> from guicc_565_index2color.o(i.LCD_Index2Color_565) referenced from gui_drawbitmap_565.o(.constdata)
 <LI><a href="#[d0]">LCD_Index2Color_565</a> from guicc_565_index2color.o(i.LCD_Index2Color_565) referenced from gui_drawbitmap_565.o(i._DrawBitmap)
 <LI><a href="#[ae]">LCD_Index2Color_888</a> from guicc_888_index2color.o(i.LCD_Index2Color_888) referenced from gui__alpha.o(i.GUI__DoAlphaBlending)
 <LI><a href="#[aa]">LCD_Index2Color_8888</a> from guicc_8888_index2color.o(i.LCD_Index2Color_8888) referenced from guicc_8888.o(.constdata)
 <LI><a href="#[aa]">LCD_Index2Color_8888</a> from guicc_8888_index2color.o(i.LCD_Index2Color_8888) referenced from guidev_writetoactivealpha.o(i.GUI_MEMDEV__WriteToActiveAlpha)
 <LI><a href="#[aa]">LCD_Index2Color_8888</a> from guicc_8888_index2color.o(i.LCD_Index2Color_8888) referenced from gui__alpha.o(i.GUI__DoAlphaBlending)
 <LI><a href="#[f2]">LCD_Index2Color_M565</a> from guicc_m565_index2color.o(i.LCD_Index2Color_M565) referenced from guicc_m565.o(.constdata)
 <LI><a href="#[b4]">LcdReadDataMultiple</a> from lcdconf_flexcolor_template.o(i.LcdReadDataMultiple) referenced from lcdconf_flexcolor_template.o(i.LCD_X_Config)
 <LI><a href="#[b2]">LcdWriteData</a> from lcdconf_flexcolor_template.o(i.LcdWriteData) referenced from lcdconf_flexcolor_template.o(i.LCD_X_Config)
 <LI><a href="#[b3]">LcdWriteDataMultiple</a> from lcdconf_flexcolor_template.o(i.LcdWriteDataMultiple) referenced from lcdconf_flexcolor_template.o(i.LCD_X_Config)
 <LI><a href="#[b1]">LcdWriteReg</a> from lcdconf_flexcolor_template.o(i.LcdWriteReg) referenced from lcdconf_flexcolor_template.o(i.LCD_X_Config)
 <LI><a href="#[2f]">MemManage_Handler</a> from stm32f4xx_it.o(i.MemManage_Handler) referenced from startup_stm32f40_41xxx.o(RESET)
 <LI><a href="#[2d]">NMI_Handler</a> from stm32f4xx_it.o(i.NMI_Handler) referenced from startup_stm32f40_41xxx.o(RESET)
 <LI><a href="#[79]">OTG_FS_IRQHandler</a> from usbh_usr.o(i.OTG_FS_IRQHandler) referenced from startup_stm32f40_41xxx.o(RESET)
 <LI><a href="#[60]">OTG_FS_WKUP_IRQHandler</a> from startup_stm32f40_41xxx.o(.text) referenced from startup_stm32f40_41xxx.o(RESET)
 <LI><a href="#[81]">OTG_HS_EP1_IN_IRQHandler</a> from startup_stm32f40_41xxx.o(.text) referenced from startup_stm32f40_41xxx.o(RESET)
 <LI><a href="#[80]">OTG_HS_EP1_OUT_IRQHandler</a> from startup_stm32f40_41xxx.o(.text) referenced from startup_stm32f40_41xxx.o(RESET)
 <LI><a href="#[83]">OTG_HS_IRQHandler</a> from startup_stm32f40_41xxx.o(.text) referenced from startup_stm32f40_41xxx.o(RESET)
 <LI><a href="#[82]">OTG_HS_WKUP_IRQHandler</a> from startup_stm32f40_41xxx.o(.text) referenced from startup_stm32f40_41xxx.o(RESET)
 <LI><a href="#[b7]">PROGBAR_DrawSkinFlex</a> from progbar_skinflex.o(i.PROGBAR_DrawSkinFlex) referenced from maintask.o(i.MainTask)
 <LI><a href="#[37]">PVD_IRQHandler</a> from startup_stm32f40_41xxx.o(.text) referenced from startup_stm32f40_41xxx.o(RESET)
 <LI><a href="#[34]">PendSV_Handler</a> from stm32f4xx_it.o(i.PendSV_Handler) referenced from startup_stm32f40_41xxx.o(RESET)
 <LI><a href="#[be]">RADIO_DrawSkinFlex</a> from radio_skinflex.o(i.RADIO_DrawSkinFlex) referenced from maintask.o(i.MainTask)
 <LI><a href="#[20]">RADIO__GetButtonSize</a> from radio.o(i.RADIO__GetButtonSize) referenced 2 times from radio.o(.data)
 <LI><a href="#[3b]">RCC_IRQHandler</a> from startup_stm32f40_41xxx.o(.text) referenced from startup_stm32f40_41xxx.o(RESET)
 <LI><a href="#[5f]">RTC_Alarm_IRQHandler</a> from startup_stm32f40_41xxx.o(.text) referenced from startup_stm32f40_41xxx.o(RESET)
 <LI><a href="#[39]">RTC_WKUP_IRQHandler</a> from startup_stm32f40_41xxx.o(.text) referenced from startup_stm32f40_41xxx.o(RESET)
 <LI><a href="#[2c]">Reset_Handler</a> from startup_stm32f40_41xxx.o(.text) referenced from startup_stm32f40_41xxx.o(RESET)
 <LI><a href="#[bf]">SCROLLBAR_Callback</a> from scrollbar.o(i.SCROLLBAR_Callback) referenced from scrollbar.o(i.SCROLLBAR_CreateUser)
 <LI><a href="#[bb]">SCROLLBAR_DrawSkinFlex</a> from scrollbar_skinflex.o(i.SCROLLBAR_DrawSkinFlex) referenced from maintask.o(i.MainTask)
 <LI><a href="#[67]">SDIO_IRQHandler</a> from startup_stm32f40_41xxx.o(.text) referenced from startup_stm32f40_41xxx.o(RESET)
 <LI><a href="#[bc]">SLIDER_DrawSkinFlex</a> from slider_skinflex.o(i.SLIDER_DrawSkinFlex) referenced from maintask.o(i.MainTask)
 <LI><a href="#[59]">SPI1_IRQHandler</a> from startup_stm32f40_41xxx.o(.text) referenced from startup_stm32f40_41xxx.o(RESET)
 <LI><a href="#[5a]">SPI2_IRQHandler</a> from startup_stm32f40_41xxx.o(.text) referenced from startup_stm32f40_41xxx.o(RESET)
 <LI><a href="#[69]">SPI3_IRQHandler</a> from startup_stm32f40_41xxx.o(.text) referenced from startup_stm32f40_41xxx.o(RESET)
 <LI><a href="#[32]">SVC_Handler</a> from stm32f4xx_it.o(i.SVC_Handler) referenced from startup_stm32f40_41xxx.o(RESET)
 <LI><a href="#[35]">SysTick_Handler</a> from stm32f4xx_it.o(i.SysTick_Handler) referenced from startup_stm32f40_41xxx.o(RESET)
 <LI><a href="#[88]">SystemInit</a> from system_stm32f4xx.o(i.SystemInit) referenced from startup_stm32f40_41xxx.o(.text)
 <LI><a href="#[38]">TAMP_STAMP_IRQHandler</a> from startup_stm32f40_41xxx.o(.text) referenced from startup_stm32f40_41xxx.o(RESET)
 <LI><a href="#[c6]">TEXT_Callback</a> from text.o(i.TEXT_Callback) referenced from text.o(i.TEXT_CreateUser)
 <LI><a href="#[e6]">TEXT_CreateIndirect</a> from text_createindirect.o(i.TEXT_CreateIndirect) referenced 117 times from menu.o(.constdata)
 <LI><a href="#[4e]">TIM1_BRK_TIM9_IRQHandler</a> from startup_stm32f40_41xxx.o(.text) referenced from startup_stm32f40_41xxx.o(RESET)
 <LI><a href="#[51]">TIM1_CC_IRQHandler</a> from startup_stm32f40_41xxx.o(.text) referenced from startup_stm32f40_41xxx.o(RESET)
 <LI><a href="#[50]">TIM1_TRG_COM_TIM11_IRQHandler</a> from startup_stm32f40_41xxx.o(.text) referenced from startup_stm32f40_41xxx.o(RESET)
 <LI><a href="#[4f]">TIM1_UP_TIM10_IRQHandler</a> from startup_stm32f40_41xxx.o(.text) referenced from startup_stm32f40_41xxx.o(RESET)
 <LI><a href="#[52]">TIM2_IRQHandler</a> from startup_stm32f40_41xxx.o(.text) referenced from startup_stm32f40_41xxx.o(RESET)
 <LI><a href="#[53]">TIM3_IRQHandler</a> from tim6.o(i.TIM3_IRQHandler) referenced from startup_stm32f40_41xxx.o(RESET)
 <LI><a href="#[54]">TIM4_IRQHandler</a> from startup_stm32f40_41xxx.o(.text) referenced from startup_stm32f40_41xxx.o(RESET)
 <LI><a href="#[68]">TIM5_IRQHandler</a> from startup_stm32f40_41xxx.o(.text) referenced from startup_stm32f40_41xxx.o(RESET)
 <LI><a href="#[6c]">TIM6_DAC_IRQHandler</a> from stm32f4xx_it.o(i.TIM6_DAC_IRQHandler) referenced from startup_stm32f40_41xxx.o(RESET)
 <LI><a href="#[6d]">TIM7_IRQHandler</a> from startup_stm32f40_41xxx.o(.text) referenced from startup_stm32f40_41xxx.o(RESET)
 <LI><a href="#[61]">TIM8_BRK_TIM12_IRQHandler</a> from startup_stm32f40_41xxx.o(.text) referenced from startup_stm32f40_41xxx.o(RESET)
 <LI><a href="#[64]">TIM8_CC_IRQHandler</a> from startup_stm32f40_41xxx.o(.text) referenced from startup_stm32f40_41xxx.o(RESET)
 <LI><a href="#[63]">TIM8_TRG_COM_TIM14_IRQHandler</a> from startup_stm32f40_41xxx.o(.text) referenced from startup_stm32f40_41xxx.o(RESET)
 <LI><a href="#[62]">TIM8_UP_TIM13_IRQHandler</a> from startup_stm32f40_41xxx.o(.text) referenced from startup_stm32f40_41xxx.o(RESET)
 <LI><a href="#[6a]">UART4_IRQHandler</a> from startup_stm32f40_41xxx.o(.text) referenced from startup_stm32f40_41xxx.o(RESET)
 <LI><a href="#[6b]">UART5_IRQHandler</a> from startup_stm32f40_41xxx.o(.text) referenced from startup_stm32f40_41xxx.o(RESET)
 <LI><a href="#[5b]">USART1_IRQHandler</a> from stm32f4xx_it.o(i.USART1_IRQHandler) referenced from startup_stm32f40_41xxx.o(RESET)
 <LI><a href="#[5c]">USART2_IRQHandler</a> from startup_stm32f40_41xxx.o(.text) referenced from startup_stm32f40_41xxx.o(RESET)
 <LI><a href="#[5d]">USART3_IRQHandler</a> from startup_stm32f40_41xxx.o(.text) referenced from startup_stm32f40_41xxx.o(RESET)
 <LI><a href="#[7d]">USART6_IRQHandler</a> from startup_stm32f40_41xxx.o(.text) referenced from startup_stm32f40_41xxx.o(RESET)
 <LI><a href="#[31]">UsageFault_Handler</a> from stm32f4xx_it.o(i.UsageFault_Handler) referenced from startup_stm32f40_41xxx.o(RESET)
 <LI><a href="#[15a]">WIDGET_EFFECT_3D_DrawUp</a> from widget_effect_3d.o(i.WIDGET_EFFECT_3D_DrawUp) referenced from widget_effect_3d.o(.constdata)
 <LI><a href="#[c7]">WINDOW_Callback</a> from window.o(i.WINDOW_Callback) referenced from window.o(i.WINDOW_CreateUser)
 <LI><a href="#[e4]">WINDOW_CreateIndirect</a> from window.o(i.WINDOW_CreateIndirect) referenced 8 times from menu.o(.constdata)
 <LI><a href="#[db]">WM__Paint1</a> from wm.o(i.WM__Paint1) referenced from wm.o(i._Paint1)
 <LI><a href="#[36]">WWDG_IRQHandler</a> from startup_stm32f40_41xxx.o(.text) referenced from startup_stm32f40_41xxx.o(RESET)
 <LI><a href="#[cd]">_CalcPositions</a> from scrollbar_skin.o(i._CalcPositions) referenced 2 times from scrollbar_skin.o(i._Create)
 <LI><a href="#[fb]">_CalcSizeOfChar</a> from gui_uc_encodeutf8.o(i._CalcSizeOfChar) referenced 2 times from gui_uc_encodeutf8.o(.constdata)
 <LI><a href="#[f4]">_Color2IndexBulk</a> from guicc_m565.o(i._Color2IndexBulk) referenced 2 times from guicc_m565.o(.constdata)
 <LI><a href="#[132]">_Color2Index_0</a> from guicc_0.o(i._Color2Index_0) referenced from guicc_0.o(.constdata)
 <LI><a href="#[135]">_Color2Index_8888</a> from guicc_8888.o(i._Color2Index_8888) referenced from guicc_8888.o(.constdata)
 <LI><a href="#[f1]">_Color2Index_M565</a> from guicc_m565.o(i._Color2Index_M565) referenced from guicc_m565.o(.constdata)
 <LI><a href="#[131]">_Create</a> from button_skinclassic.o(i._Create) referenced 9 times from button_skinclassic.o(.constdata)
 <LI><a href="#[9]">_Create</a> from button_skin.o(i._Create) referenced 18 times from button_skin.o(.data)
 <LI><a href="#[c3]">_DrawBackgroundH</a> from scrollbar_skinflex.o(i._DrawBackgroundH) referenced from scrollbar_skinflex.o(i.SCROLLBAR_DrawSkinFlex)
 <LI><a href="#[c0]">_DrawBackgroundV</a> from scrollbar_skinflex.o(i._DrawBackgroundV) referenced from scrollbar_skinflex.o(i.SCROLLBAR_DrawSkinFlex)
 <LI><a href="#[f7]">_DrawBitmap</a> from gui_drawbitmap_565.o(i._DrawBitmap) referenced 4 times from gui_drawbitmap_565.o(.constdata)
 <LI><a href="#[a1]">_DrawBitmap</a> from guidrv_flexcolor_16bpp_c0b16.o(i._DrawBitmap) referenced from guidrv_flexcolor_16bpp_c0b16.o(i.GUIDRV_FlexColor_SetMode16bppC0B16)
 <LI><a href="#[15c]">_DrawDown</a> from widget_effect_3d.o(i._DrawDown) referenced from widget_effect_3d.o(.constdata)
 <LI><a href="#[15d]">_DrawDownRect</a> from widget_effect_3d.o(i._DrawDownRect) referenced from widget_effect_3d.o(.constdata)
 <LI><a href="#[c5]">_DrawGraspH</a> from scrollbar_skinflex.o(i._DrawGraspH) referenced from scrollbar_skinflex.o(i.SCROLLBAR_DrawSkinFlex)
 <LI><a href="#[c2]">_DrawGraspV</a> from scrollbar_skinflex.o(i._DrawGraspV) referenced from scrollbar_skinflex.o(i.SCROLLBAR_DrawSkinFlex)
 <LI><a href="#[fe]">_DrawHLine</a> from guidrv_flexcolor.o(i._DrawHLine) referenced 3 times from guidrv_flexcolor.o(.constdata)
 <LI><a href="#[15b]">_DrawUpRect</a> from widget_effect_3d.o(i._DrawUpRect) referenced from widget_effect_3d.o(.constdata)
 <LI><a href="#[ff]">_DrawVLine</a> from guidrv_flexcolor.o(i._DrawVLine) referenced 3 times from guidrv_flexcolor.o(.constdata)
 <LI><a href="#[fc]">_Encode</a> from gui_uc_encodeutf8.o(i._Encode) referenced 2 times from gui_uc_encodeutf8.o(.constdata)
 <LI><a href="#[100]">_FillRect</a> from guidrv_flexcolor.o(i._FillRect) referenced 3 times from guidrv_flexcolor.o(.constdata)
 <LI><a href="#[a2]">_FillRect</a> from guidrv_flexcolor_16bpp_c0b16.o(i._FillRect) referenced from guidrv_flexcolor_16bpp_c0b16.o(i.GUIDRV_FlexColor_SetMode16bppC0B16)
 <LI><a href="#[148]">_GUI_USAGE_BM_Delete</a> from guidev_usagebm.o(i._GUI_USAGE_BM_Delete) referenced from guidev_usagebm.o(.constdata)
 <LI><a href="#[e]">_GetBorderSize</a> from framewin_skin.o(i._GetBorderSize) referenced 4 times from framewin_skin.o(.data)
 <LI><a href="#[27]">_GetButtonSize</a> from checkbox_skinclassic.o(i._GetButtonSize) referenced 4 times from checkbox_skinclassic.o(.data)
 <LI><a href="#[f9]">_GetCharCode</a> from gui_uc_encodeutf8.o(i._GetCharCode) referenced 2 times from gui_uc_encodeutf8.o(.constdata)
 <LI><a href="#[fa]">_GetCharSize</a> from gui_uc_encodeutf8.o(i._GetCharSize) referenced 2 times from gui_uc_encodeutf8.o(.constdata)
 <LI><a href="#[2b]">_GetCharWrap</a> from gui__wrap.o(i._GetCharWrap) referenced 2 times from gui__wrap.o(.data)
 <LI><a href="#[107]">_GetDevData</a> from guidrv_flexcolor.o(i._GetDevData) referenced 3 times from guidrv_flexcolor.o(.constdata)
 <LI><a href="#[105]">_GetDevFunc</a> from guidrv_flexcolor.o(i._GetDevFunc) referenced 3 times from guidrv_flexcolor.o(.constdata)
 <LI><a href="#[d3]">_GetDevFunc_Init</a> from guidrv_flexcolor.o(i._GetDevFunc_Init) referenced from guidrv_flexcolor.o(i._GetDevFunc)
 <LI><a href="#[d8]">_GetDevFunc_SetRect</a> from guidrv_flexcolor.o(i._GetDevFunc_SetRect) referenced from guidrv_flexcolor.o(i._GetDevFunc_SetRectOutside)
 <LI><a href="#[d5]">_GetDevFunc_SetRectOutside</a> from guidrv_flexcolor.o(i._GetDevFunc_SetRectOutside) referenced from guidrv_flexcolor.o(i._GetDevFunc)
 <LI><a href="#[d2]">_GetDevFunc_SetSize</a> from guidrv_flexcolor.o(i._GetDevFunc_SetSize) referenced from guidrv_flexcolor.o(i._GetDevFunc)
 <LI><a href="#[d1]">_GetDevFunc_SetVSize</a> from guidrv_flexcolor.o(i._GetDevFunc_SetVSize) referenced from guidrv_flexcolor.o(i._GetDevFunc)
 <LI><a href="#[106]">_GetDevProp</a> from guidrv_flexcolor.o(i._GetDevProp) referenced 3 times from guidrv_flexcolor.o(.constdata)
 <LI><a href="#[134]">_GetIndexMask_0</a> from guicc_0.o(i._GetIndexMask_0) referenced from guicc_0.o(.constdata)
 <LI><a href="#[136]">_GetIndexMask_8888</a> from guicc_8888.o(i._GetIndexMask_8888) referenced from guicc_8888.o(.constdata)
 <LI><a href="#[f3]">_GetIndexMask_M565</a> from guicc_m565.o(i._GetIndexMask_M565) referenced from guicc_m565.o(.constdata)
 <LI><a href="#[101]">_GetPixelIndex</a> from guidrv_flexcolor.o(i._GetPixelIndex) referenced 3 times from guidrv_flexcolor.o(.constdata)
 <LI><a href="#[108]">_GetRect</a> from guidrv_flexcolor.o(i._GetRect) referenced 3 times from guidrv_flexcolor.o(.constdata)
 <LI><a href="#[2a]">_GetWordWrap</a> from gui__wrap.o(i._GetWordWrap) referenced 2 times from gui__wrap.o(.data)
 <LI><a href="#[f5]">_Index2ColorBulk</a> from guicc_m565.o(i._Index2ColorBulk) referenced 2 times from guicc_m565.o(.constdata)
 <LI><a href="#[133]">_Index2Color_0</a> from guicc_0.o(i._Index2Color_0) referenced from guicc_0.o(.constdata)
 <LI><a href="#[97]">_InvalidateNewItem</a> from graph_data_yt.o(i._InvalidateNewItem) referenced from graph_data_yt.o(i.GRAPH_DATA_YT_Create)
 <LI><a href="#[109]">_Log2PhysX_X0Y0S0</a> from guidrv_flexcolor.o(i._Log2PhysX_X0Y0S0) referenced from guidrv_flexcolor.o(.constdata)
 <LI><a href="#[10d]">_Log2PhysX_X0Y0S1</a> from guidrv_flexcolor.o(i._Log2PhysX_X0Y0S1) referenced from guidrv_flexcolor.o(.constdata)
 <LI><a href="#[10b]">_Log2PhysX_X0Y1S0</a> from guidrv_flexcolor.o(i._Log2PhysX_X0Y1S0) referenced from guidrv_flexcolor.o(.constdata)
 <LI><a href="#[10f]">_Log2PhysX_X0Y1S1</a> from guidrv_flexcolor.o(i._Log2PhysX_X0Y1S1) referenced from guidrv_flexcolor.o(.constdata)
 <LI><a href="#[10a]">_Log2PhysX_X1Y0S0</a> from guidrv_flexcolor.o(i._Log2PhysX_X1Y0S0) referenced from guidrv_flexcolor.o(.constdata)
 <LI><a href="#[10e]">_Log2PhysX_X1Y0S1</a> from guidrv_flexcolor.o(i._Log2PhysX_X1Y0S1) referenced from guidrv_flexcolor.o(.constdata)
 <LI><a href="#[10c]">_Log2PhysX_X1Y1S0</a> from guidrv_flexcolor.o(i._Log2PhysX_X1Y1S0) referenced from guidrv_flexcolor.o(.constdata)
 <LI><a href="#[110]">_Log2PhysX_X1Y1S1</a> from guidrv_flexcolor.o(i._Log2PhysX_X1Y1S1) referenced from guidrv_flexcolor.o(.constdata)
 <LI><a href="#[111]">_Log2PhysY_X0Y0S0</a> from guidrv_flexcolor.o(i._Log2PhysY_X0Y0S0) referenced from guidrv_flexcolor.o(.constdata)
 <LI><a href="#[115]">_Log2PhysY_X0Y0S1</a> from guidrv_flexcolor.o(i._Log2PhysY_X0Y0S1) referenced from guidrv_flexcolor.o(.constdata)
 <LI><a href="#[113]">_Log2PhysY_X0Y1S0</a> from guidrv_flexcolor.o(i._Log2PhysY_X0Y1S0) referenced from guidrv_flexcolor.o(.constdata)
 <LI><a href="#[117]">_Log2PhysY_X0Y1S1</a> from guidrv_flexcolor.o(i._Log2PhysY_X0Y1S1) referenced from guidrv_flexcolor.o(.constdata)
 <LI><a href="#[112]">_Log2PhysY_X1Y0S0</a> from guidrv_flexcolor.o(i._Log2PhysY_X1Y0S0) referenced from guidrv_flexcolor.o(.constdata)
 <LI><a href="#[116]">_Log2PhysY_X1Y0S1</a> from guidrv_flexcolor.o(i._Log2PhysY_X1Y0S1) referenced from guidrv_flexcolor.o(.constdata)
 <LI><a href="#[114]">_Log2PhysY_X1Y1S0</a> from guidrv_flexcolor.o(i._Log2PhysY_X1Y1S0) referenced from guidrv_flexcolor.o(.constdata)
 <LI><a href="#[118]">_Log2PhysY_X1Y1S1</a> from guidrv_flexcolor.o(i._Log2PhysY_X1Y1S1) referenced from guidrv_flexcolor.o(.constdata)
 <LI><a href="#[1c]">_Log2VisBuffered</a> from gui_charline.o(i._Log2VisBuffered) referenced 2 times from gui_charline.o(.data)
 <LI><a href="#[26]">_NextPixel_End</a> from lcd_nextpixelapi.o(i._NextPixel_End) referenced 2 times from lcd_nextpixelapi.o(.data)
 <LI><a href="#[25]">_NextPixel_NextLine</a> from lcd_nextpixelapi.o(i._NextPixel_NextLine) referenced 2 times from lcd_nextpixelapi.o(.data)
 <LI><a href="#[24]">_NextPixel_SetPixel</a> from lcd_nextpixelapi.o(i._NextPixel_SetPixel) referenced 2 times from lcd_nextpixelapi.o(.data)
 <LI><a href="#[23]">_NextPixel_Start</a> from lcd_nextpixelapi.o(i._NextPixel_Start) referenced 2 times from lcd_nextpixelapi.o(.data)
 <LI><a href="#[99]">_OnDelete</a> from graph_data_yt.o(i._OnDelete) referenced from graph_data_yt.o(i.GRAPH_DATA_YT_Create)
 <LI><a href="#[ac]">_OnExit</a> from gui_timer.o(i._OnExit) referenced from gui_timer.o(i.GUI_TIMER_Create)
 <LI><a href="#[ad]">_OnExit</a> from gui_core.o(i._OnExit) referenced from gui_core.o(i.GUI__Config)
 <LI><a href="#[af]">_OnExit</a> from gui__alpha.o(i._OnExit) referenced from gui__alpha.o(i.GUI__GetAlphaBuffer)
 <LI><a href="#[b0]">_OnExit</a> from lcd_color.o(i._OnExit) referenced from lcd_color.o(i.LCD_InitColors)
 <LI><a href="#[ca]">_OnExit</a> from wm.o(i._OnExit) referenced from wm.o(i.WM_Init)
 <LI><a href="#[d9]">_OnExit</a> from gui_alloc.o(i._OnExit) referenced from gui_alloc.o(i._InitOnce)
 <LI><a href="#[98]">_OnPaint</a> from graph_data_yt.o(i._OnPaint) referenced from graph_data_yt.o(i.GRAPH_DATA_YT_Create)
 <LI><a href="#[9a]">_OnPaint</a> from graph_scale.o(i._OnPaint) referenced from graph_scale.o(i.GRAPH_SCALE_Create)
 <LI><a href="#[7]">_OnTouchDefault</a> from button.o(i._OnTouchDefault) referenced 2 times from button.o(.data)
 <LI><a href="#[130]">_Paint</a> from button_skinclassic.o(i._Paint) referenced 9 times from button_skinclassic.o(.constdata)
 <LI><a href="#[8]">_Paint</a> from button_skin.o(i._Paint) referenced 18 times from button_skin.o(.data)
 <LI><a href="#[a5]">_ReadData</a> from guidrv_flexcolor_16bpp_c0b16.o(i._ReadData) referenced from guidrv_flexcolor_16bpp_c0b16.o(i.GUIDRV_FlexColor_SetMode16bppC0B16)
 <LI><a href="#[de]">_ReadPixelCust_16bpp</a> from guidrv_flexcolor.o(i._ReadPixelCust_16bpp) referenced from guidrv_flexcolor.o(i._SetDevFunc)
 <LI><a href="#[dd]">_ReadPixelCust_18bpp</a> from guidrv_flexcolor.o(i._ReadPixelCust_18bpp) referenced from guidrv_flexcolor.o(i._SetDevFunc)
 <LI><a href="#[5]">_ReadPixel_16bpp_B16_I</a> from guidrv_flexcolor_func66720.o(i._ReadPixel_16bpp_B16_I) referenced 2 times from guidrv_flexcolor_func66720.o(.data)
 <LI><a href="#[9e]">_ReadPixel_16bpp_B8</a> from guidrv_flexcolor_func66720.o(i._ReadPixel_16bpp_B8) referenced from guidrv_flexcolor_func66720.o(i.GUIDRV_FlexColor_SetFunc66720)
 <LI><a href="#[df]">_ReadRectCust_16bpp</a> from guidrv_flexcolor.o(i._ReadRectCust_16bpp) referenced from guidrv_flexcolor.o(i._SetDevFunc)
 <LI><a href="#[dc]">_ReadRectCust_18bpp</a> from guidrv_flexcolor.o(i._ReadRectCust_18bpp) referenced from guidrv_flexcolor.o(i._SetDevFunc)
 <LI><a href="#[6]">_ReadRect_16bpp_B16_I</a> from guidrv_flexcolor_func66720.o(i._ReadRect_16bpp_B16_I) referenced 2 times from guidrv_flexcolor_func66720.o(.data)
 <LI><a href="#[9f]">_ReadRect_16bpp_B8</a> from guidrv_flexcolor_func66720.o(i._ReadRect_16bpp_B8) referenced from guidrv_flexcolor_func66720.o(i.GUIDRV_FlexColor_SetFunc66720)
 <LI><a href="#[12e]">_SetBkColor</a> from lcd.o(i._SetBkColor) referenced from lcd.o(.constdata)
 <LI><a href="#[12d]">_SetColor</a> from lcd.o(i._SetColor) referenced from lcd.o(.constdata)
 <LI><a href="#[d4]">_SetDevFunc</a> from guidrv_flexcolor.o(i._SetDevFunc) referenced from guidrv_flexcolor.o(i._GetDevFunc)
 <LI><a href="#[12f]">_SetDrawMode</a> from lcd.o(i._SetDrawMode) referenced from lcd.o(.constdata)
 <LI><a href="#[a0]">_SetInterface</a> from guidrv_flexcolor_func66720.o(i._SetInterface) referenced from guidrv_flexcolor_func66720.o(i.GUIDRV_FlexColor_SetFunc66720)
 <LI><a href="#[104]">_SetOrg</a> from guidrv_flexcolor.o(i._SetOrg) referenced 3 times from guidrv_flexcolor.o(.constdata)
 <LI><a href="#[9d]">_SetOrientation</a> from guidrv_flexcolor_func66720.o(i._SetOrientation) referenced from guidrv_flexcolor_func66720.o(i.GUIDRV_FlexColor_SetFunc66720)
 <LI><a href="#[9b]">_SetPhysRAMAddr</a> from guidrv_flexcolor_func66720.o(i._SetPhysRAMAddr) referenced from guidrv_flexcolor_func66720.o(i.GUIDRV_FlexColor_SetFunc66720)
 <LI><a href="#[102]">_SetPixelIndex</a> from guidrv_flexcolor.o(i._SetPixelIndex) referenced 3 times from guidrv_flexcolor.o(.constdata)
 <LI><a href="#[9c]">_SetRect</a> from guidrv_flexcolor_func66720.o(i._SetRect) referenced from guidrv_flexcolor_func66720.o(i.GUIDRV_FlexColor_SetFunc66720)
 <LI><a href="#[e0]">_SetReg_B16</a> from guidrv_flexcolor_func66720.o(i._SetReg_B16) referenced from guidrv_flexcolor_func66720.o(i._SetInterface)
 <LI><a href="#[e2]">_SetReg_B8</a> from guidrv_flexcolor_func66720.o(i._SetReg_B8) referenced from guidrv_flexcolor_func66720.o(i._SetInterface)
 <LI><a href="#[a6]">_WriteData</a> from guidrv_flexcolor_16bpp_c0b16.o(i._WriteData) referenced from guidrv_flexcolor_16bpp_c0b16.o(i.GUIDRV_FlexColor_SetMode16bppC0B16)
 <LI><a href="#[e1]">_WritePara_B16</a> from guidrv_flexcolor_func66720.o(i._WritePara_B16) referenced from guidrv_flexcolor_func66720.o(i._SetInterface)
 <LI><a href="#[e3]">_WritePara_B8</a> from guidrv_flexcolor_func66720.o(i._WritePara_B8) referenced from guidrv_flexcolor_func66720.o(i._SetInterface)
 <LI><a href="#[103]">_XorPixel</a> from guidrv_flexcolor.o(i._XorPixel) referenced 3 times from guidrv_flexcolor.o(.constdata)
 <LI><a href="#[15e]">__main</a> from __main.o(!!!main) referenced from startup_stm32f40_41xxx.o(.text)
 <LI><a href="#[8e]">_cbDialog</a> from c_dc.o(i._cbDialog) referenced from c_dc.o(i.CreateCDC)
 <LI><a href="#[8f]">_cbDialog</a> from graph.o(i._cbDialog) referenced from graph.o(i.CreateG)
 <LI><a href="#[90]">_cbDialog</a> from r_face.o(i._cbDialog) referenced from r_face.o(i.CreateR)
 <LI><a href="#[91]">_cbDialog</a> from settings.o(i._cbDialog) referenced from settings.o(i.CreateSET)
 <LI><a href="#[92]">_cbDialog</a> from starter.o(i._cbDialog) referenced from starter.o(i.CreateSTARTER)
 <LI><a href="#[93]">_cbDialog</a> from menu.o(i._cbDialog) referenced from menu.o(i.CreateWindow)
 <LI><a href="#[95]">_cbDialog</a> from sysinfo.o(i._cbDialog) referenced from sysinfo.o(i.Createsysinfo)
 <LI><a href="#[8e]">_cbDialog</a> from c_dc.o(i._cbDialog) referenced from c_dc.o(i.ResetCDC)
 <LI><a href="#[8f]">_cbDialog</a> from graph.o(i._cbDialog) referenced from graph.o(i.ResetG)
 <LI><a href="#[93]">_cbDialog</a> from menu.o(i._cbDialog) referenced from menu.o(i.ResetPow)
 <LI><a href="#[90]">_cbDialog</a> from r_face.o(i._cbDialog) referenced from r_face.o(i.ResetR)
 <LI><a href="#[91]">_cbDialog</a> from settings.o(i._cbDialog) referenced from settings.o(i.ResetSET)
 <LI><a href="#[94]">_cbDialog2</a> from load_face.o(i._cbDialog2) referenced from load_face.o(i.CreateWindow2)
 <LI><a href="#[94]">_cbDialog2</a> from load_face.o(i._cbDialog2) referenced from load_face.o(i.ResetLoad)
 <LI><a href="#[cc]">_cbInvalidateOne</a> from wm_bringtotop.o(i._cbInvalidateOne) referenced from wm_bringtotop.o(i._BringToTop)
 <LI><a href="#[cb]">_cbPaintMemDev</a> from wm.o(i._cbPaintMemDev) referenced from wm.o(i.WM__Paint)
 <LI><a href="#[c8]">_cbTimer</a> from wm_timer.o(i._cbTimer) referenced from wm_timer.o(i.WM_CreateTimer)
 <LI><a href="#[8c]">_get_lc_ctype</a> from lc_ctype_c.o(locale$$code) referenced from rt_ctype_table.o(.text)
 <LI><a href="#[8b]">_printf_input_char</a> from _printf_char_common.o(.text) referenced from _printf_char_common.o(.text)
 <LI><a href="#[8a]">_sputc</a> from _sputc.o(.text) referenced from noretval__2sprintf.o(.text)
 <LI><a href="#[c9]">cbBackWin</a> from wm.o(i.cbBackWin) referenced from wm.o(i.WM_Init)
</UL>
<P>
<H3>
Global Symbols
</H3>
<P><STRONG><a name="[15e]"></a>__main</STRONG> (Thumb, 8 bytes, Stack size 0 bytes, __main.o(!!!main))
<BR><BR>[Calls]<UL><LI><a href="#[15f]">&gt;&gt;</a>&nbsp;&nbsp;&nbsp;__scatterload
<LI><a href="#[160]">&gt;&gt;</a>&nbsp;&nbsp;&nbsp;__rt_entry
</UL>

<P><STRONG><a name="[15f]"></a>__scatterload</STRONG> (Thumb, 0 bytes, Stack size unknown bytes, __scatter.o(!!!scatter))
<BR><BR>[Called By]<UL><LI><a href="#[15e]">&gt;&gt;</a>&nbsp;&nbsp;&nbsp;__main
</UL>

<P><STRONG><a name="[161]"></a>__scatterload_rt2</STRONG> (Thumb, 44 bytes, Stack size unknown bytes, __scatter.o(!!!scatter), UNUSED)
<BR><BR>[Calls]<UL><LI><a href="#[160]">&gt;&gt;</a>&nbsp;&nbsp;&nbsp;__rt_entry
</UL>

<P><STRONG><a name="[493]"></a>__scatterload_rt2_thumb_only</STRONG> (Thumb, 0 bytes, Stack size unknown bytes, __scatter.o(!!!scatter), UNUSED)

<P><STRONG><a name="[494]"></a>__scatterload_null</STRONG> (Thumb, 0 bytes, Stack size unknown bytes, __scatter.o(!!!scatter), UNUSED)

<P><STRONG><a name="[495]"></a>__decompress</STRONG> (Thumb, 90 bytes, Stack size unknown bytes, __dczerorl2.o(!!dczerorl2), UNUSED)

<P><STRONG><a name="[496]"></a>__decompress1</STRONG> (Thumb, 0 bytes, Stack size unknown bytes, __dczerorl2.o(!!dczerorl2), UNUSED)

<P><STRONG><a name="[497]"></a>__scatterload_zeroinit</STRONG> (Thumb, 28 bytes, Stack size unknown bytes, __scatter_zi.o(!!handler_zi), UNUSED)

<P><STRONG><a name="[162]"></a>_printf_f</STRONG> (Thumb, 0 bytes, Stack size unknown bytes, _printf_f.o(.ARM.Collect$$_printf_percent$$00000003))
<BR><BR>[Stack]<UL><LI>Max Depth = 320 + Unknown Stack Size
<LI>Call Chain = _printf_f &rArr; _printf_fp_dec &rArr; _printf_fp_dec_real &rArr; _fp_digits &rArr; _btod_etento &rArr; _btod_emul &rArr; _e2e
</UL>
<BR>[Calls]<UL><LI><a href="#[163]">&gt;&gt;</a>&nbsp;&nbsp;&nbsp;_printf_fp_dec
</UL>

<P><STRONG><a name="[17c]"></a>_printf_percent</STRONG> (Thumb, 0 bytes, Stack size unknown bytes, _printf_percent.o(.ARM.Collect$$_printf_percent$$00000000))
<BR><BR>[Called By]<UL><LI><a href="#[17a]">&gt;&gt;</a>&nbsp;&nbsp;&nbsp;__printf
</UL>

<P><STRONG><a name="[164]"></a>_printf_d</STRONG> (Thumb, 0 bytes, Stack size unknown bytes, _printf_d.o(.ARM.Collect$$_printf_percent$$00000009))
<BR><BR>[Stack]<UL><LI>Max Depth = 72 + Unknown Stack Size
<LI>Call Chain = _printf_d &rArr; _printf_int_dec &rArr; _printf_int_common &rArr; _printf_post_padding
</UL>
<BR>[Calls]<UL><LI><a href="#[165]">&gt;&gt;</a>&nbsp;&nbsp;&nbsp;_printf_int_dec
</UL>

<P><STRONG><a name="[498]"></a>_printf_percent_end</STRONG> (Thumb, 0 bytes, Stack size unknown bytes, _printf_percent_end.o(.ARM.Collect$$_printf_percent$$00000017))

<P><STRONG><a name="[166]"></a>__rt_lib_init</STRONG> (Thumb, 0 bytes, Stack size unknown bytes, libinit.o(.ARM.Collect$$libinit$$00000000))
<BR><BR>[Calls]<UL><LI><a href="#[167]">&gt;&gt;</a>&nbsp;&nbsp;&nbsp;_fp_init
</UL>
<BR>[Called By]<UL><LI><a href="#[16f]">&gt;&gt;</a>&nbsp;&nbsp;&nbsp;__rt_entry_li
</UL>

<P><STRONG><a name="[499]"></a>__rt_lib_init_heap_1</STRONG> (Thumb, 0 bytes, Stack size unknown bytes, libinit2.o(.ARM.Collect$$libinit$$00000006))

<P><STRONG><a name="[168]"></a>__rt_lib_init_lc_common</STRONG> (Thumb, 0 bytes, Stack size unknown bytes, libinit2.o(.ARM.Collect$$libinit$$0000000B))
<BR><BR>[Calls]<UL><LI><a href="#[169]">&gt;&gt;</a>&nbsp;&nbsp;&nbsp;__rt_locale
</UL>

<P><STRONG><a name="[49a]"></a>__rt_lib_init_rand_1</STRONG> (Thumb, 0 bytes, Stack size unknown bytes, libinit2.o(.ARM.Collect$$libinit$$0000000A))

<P><STRONG><a name="[49b]"></a>__rt_lib_init_user_alloc_1</STRONG> (Thumb, 0 bytes, Stack size unknown bytes, libinit2.o(.ARM.Collect$$libinit$$00000008))

<P><STRONG><a name="[49c]"></a>__rt_lib_init_lc_collate_1</STRONG> (Thumb, 0 bytes, Stack size unknown bytes, libinit2.o(.ARM.Collect$$libinit$$0000000D))

<P><STRONG><a name="[16a]"></a>__rt_lib_init_lc_ctype_2</STRONG> (Thumb, 0 bytes, Stack size unknown bytes, libinit2.o(.ARM.Collect$$libinit$$0000000E))
<BR><BR>[Stack]<UL><LI>Max Depth = 8 + Unknown Stack Size
<LI>Call Chain = __rt_lib_init_lc_ctype_2 &rArr; _get_lc_ctype
</UL>
<BR>[Calls]<UL><LI><a href="#[8c]">&gt;&gt;</a>&nbsp;&nbsp;&nbsp;_get_lc_ctype
</UL>

<P><STRONG><a name="[49d]"></a>__rt_lib_init_lc_ctype_1</STRONG> (Thumb, 0 bytes, Stack size unknown bytes, libinit2.o(.ARM.Collect$$libinit$$0000000F))

<P><STRONG><a name="[49e]"></a>__rt_lib_init_lc_monetary_1</STRONG> (Thumb, 0 bytes, Stack size unknown bytes, libinit2.o(.ARM.Collect$$libinit$$00000011))

<P><STRONG><a name="[16b]"></a>__rt_lib_init_lc_numeric_2</STRONG> (Thumb, 0 bytes, Stack size unknown bytes, libinit2.o(.ARM.Collect$$libinit$$00000012))
<BR><BR>[Stack]<UL><LI>Max Depth = 8 + Unknown Stack Size
<LI>Call Chain = __rt_lib_init_lc_numeric_2 &rArr; _get_lc_numeric
</UL>
<BR>[Calls]<UL><LI><a href="#[16c]">&gt;&gt;</a>&nbsp;&nbsp;&nbsp;_get_lc_numeric
</UL>

<P><STRONG><a name="[49f]"></a>__rt_lib_init_alloca_1</STRONG> (Thumb, 0 bytes, Stack size unknown bytes, libinit2.o(.ARM.Collect$$libinit$$0000002A))

<P><STRONG><a name="[4a0]"></a>__rt_lib_init_argv_1</STRONG> (Thumb, 0 bytes, Stack size unknown bytes, libinit2.o(.ARM.Collect$$libinit$$00000028))

<P><STRONG><a name="[4a1]"></a>__rt_lib_init_atexit_1</STRONG> (Thumb, 0 bytes, Stack size unknown bytes, libinit2.o(.ARM.Collect$$libinit$$00000017))

<P><STRONG><a name="[4a2]"></a>__rt_lib_init_clock_1</STRONG> (Thumb, 0 bytes, Stack size unknown bytes, libinit2.o(.ARM.Collect$$libinit$$0000001D))

<P><STRONG><a name="[4a3]"></a>__rt_lib_init_cpp_1</STRONG> (Thumb, 0 bytes, Stack size unknown bytes, libinit2.o(.ARM.Collect$$libinit$$0000002E))

<P><STRONG><a name="[4a4]"></a>__rt_lib_init_exceptions_1</STRONG> (Thumb, 0 bytes, Stack size unknown bytes, libinit2.o(.ARM.Collect$$libinit$$0000002C))

<P><STRONG><a name="[4a5]"></a>__rt_lib_init_fp_trap_1</STRONG> (Thumb, 0 bytes, Stack size unknown bytes, libinit2.o(.ARM.Collect$$libinit$$0000001B))

<P><STRONG><a name="[4a6]"></a>__rt_lib_init_getenv_1</STRONG> (Thumb, 0 bytes, Stack size unknown bytes, libinit2.o(.ARM.Collect$$libinit$$0000001F))

<P><STRONG><a name="[4a7]"></a>__rt_lib_init_lc_numeric_1</STRONG> (Thumb, 0 bytes, Stack size unknown bytes, libinit2.o(.ARM.Collect$$libinit$$00000013))

<P><STRONG><a name="[4a8]"></a>__rt_lib_init_lc_time_1</STRONG> (Thumb, 0 bytes, Stack size unknown bytes, libinit2.o(.ARM.Collect$$libinit$$00000015))

<P><STRONG><a name="[4a9]"></a>__rt_lib_init_return</STRONG> (Thumb, 0 bytes, Stack size unknown bytes, libinit2.o(.ARM.Collect$$libinit$$0000002F))

<P><STRONG><a name="[4aa]"></a>__rt_lib_init_signal_1</STRONG> (Thumb, 0 bytes, Stack size unknown bytes, libinit2.o(.ARM.Collect$$libinit$$00000019))

<P><STRONG><a name="[4ab]"></a>__rt_lib_init_stdio_1</STRONG> (Thumb, 0 bytes, Stack size unknown bytes, libinit2.o(.ARM.Collect$$libinit$$00000021))

<P><STRONG><a name="[174]"></a>__rt_lib_shutdown</STRONG> (Thumb, 0 bytes, Stack size unknown bytes, libshutdown.o(.ARM.Collect$$libshutdown$$00000000))
<BR><BR>[Called By]<UL><LI><a href="#[173]">&gt;&gt;</a>&nbsp;&nbsp;&nbsp;__rt_exit_ls
</UL>

<P><STRONG><a name="[4ac]"></a>__rt_lib_shutdown_fp_trap_1</STRONG> (Thumb, 0 bytes, Stack size unknown bytes, libshutdown2.o(.ARM.Collect$$libshutdown$$00000006))

<P><STRONG><a name="[4ad]"></a>__rt_lib_shutdown_heap_1</STRONG> (Thumb, 0 bytes, Stack size unknown bytes, libshutdown2.o(.ARM.Collect$$libshutdown$$0000000E))

<P><STRONG><a name="[4ae]"></a>__rt_lib_shutdown_return</STRONG> (Thumb, 0 bytes, Stack size unknown bytes, libshutdown2.o(.ARM.Collect$$libshutdown$$0000000F))

<P><STRONG><a name="[4af]"></a>__rt_lib_shutdown_signal_1</STRONG> (Thumb, 0 bytes, Stack size unknown bytes, libshutdown2.o(.ARM.Collect$$libshutdown$$00000009))

<P><STRONG><a name="[4b0]"></a>__rt_lib_shutdown_stdio_1</STRONG> (Thumb, 0 bytes, Stack size unknown bytes, libshutdown2.o(.ARM.Collect$$libshutdown$$00000003))

<P><STRONG><a name="[4b1]"></a>__rt_lib_shutdown_user_alloc_1</STRONG> (Thumb, 0 bytes, Stack size unknown bytes, libshutdown2.o(.ARM.Collect$$libshutdown$$0000000B))

<P><STRONG><a name="[160]"></a>__rt_entry</STRONG> (Thumb, 0 bytes, Stack size unknown bytes, rtentry.o(.ARM.Collect$$rtentry$$00000000))
<BR><BR>[Called By]<UL><LI><a href="#[15e]">&gt;&gt;</a>&nbsp;&nbsp;&nbsp;__main
<LI><a href="#[161]">&gt;&gt;</a>&nbsp;&nbsp;&nbsp;__scatterload_rt2
</UL>

<P><STRONG><a name="[4b2]"></a>__rt_entry_presh_1</STRONG> (Thumb, 0 bytes, Stack size unknown bytes, rtentry2.o(.ARM.Collect$$rtentry$$00000002))

<P><STRONG><a name="[16d]"></a>__rt_entry_sh</STRONG> (Thumb, 0 bytes, Stack size unknown bytes, rtentry4.o(.ARM.Collect$$rtentry$$00000004))
<BR><BR>[Stack]<UL><LI>Max Depth = 8 + Unknown Stack Size
<LI>Call Chain = __rt_entry_sh &rArr; __user_setup_stackheap
</UL>
<BR>[Calls]<UL><LI><a href="#[16e]">&gt;&gt;</a>&nbsp;&nbsp;&nbsp;__user_setup_stackheap
</UL>

<P><STRONG><a name="[16f]"></a>__rt_entry_li</STRONG> (Thumb, 0 bytes, Stack size unknown bytes, rtentry2.o(.ARM.Collect$$rtentry$$0000000A))
<BR><BR>[Calls]<UL><LI><a href="#[166]">&gt;&gt;</a>&nbsp;&nbsp;&nbsp;__rt_lib_init
</UL>

<P><STRONG><a name="[4b3]"></a>__rt_entry_postsh_1</STRONG> (Thumb, 0 bytes, Stack size unknown bytes, rtentry2.o(.ARM.Collect$$rtentry$$00000009))

<P><STRONG><a name="[170]"></a>__rt_entry_main</STRONG> (Thumb, 0 bytes, Stack size unknown bytes, rtentry2.o(.ARM.Collect$$rtentry$$0000000D))
<BR><BR>[Stack]<UL><LI>Max Depth = 688 + Unknown Stack Size
<LI>Call Chain = __rt_entry_main &rArr; main &rArr; MainTask &rArr; GUI_Delay &rArr; GUI_Exec &rArr; GUI_Exec1 &rArr; WM_Exec &rArr; _DrawNext &rArr; WM__Paint &rArr; GUI_MEMDEV_Draw &rArr; GUI_MEMDEV_CopyToLCD &rArr; GUI_MEMDEV_CopyToLCDAt &rArr; GUI_MEMDEV__WriteToActiveOpaque &rArr; _WriteToActiveOpaque_8 &rArr; GUI_ALLOC_AllocNoInit &rArr; _Alloc &rArr; _InitOnce &rArr; _EnlargeBlocks &rArr;  _Alloc (Cycle)
</UL>
<BR>[Calls]<UL><LI><a href="#[171]">&gt;&gt;</a>&nbsp;&nbsp;&nbsp;main
<LI><a href="#[172]">&gt;&gt;</a>&nbsp;&nbsp;&nbsp;exit
</UL>

<P><STRONG><a name="[4b4]"></a>__rt_entry_postli_1</STRONG> (Thumb, 0 bytes, Stack size unknown bytes, rtentry2.o(.ARM.Collect$$rtentry$$0000000C))

<P><STRONG><a name="[19a]"></a>__rt_exit</STRONG> (Thumb, 0 bytes, Stack size unknown bytes, rtexit.o(.ARM.Collect$$rtexit$$00000000))
<BR><BR>[Called By]<UL><LI><a href="#[172]">&gt;&gt;</a>&nbsp;&nbsp;&nbsp;exit
</UL>

<P><STRONG><a name="[173]"></a>__rt_exit_ls</STRONG> (Thumb, 0 bytes, Stack size unknown bytes, rtexit2.o(.ARM.Collect$$rtexit$$00000003))
<BR><BR>[Calls]<UL><LI><a href="#[174]">&gt;&gt;</a>&nbsp;&nbsp;&nbsp;__rt_lib_shutdown
</UL>

<P><STRONG><a name="[4b5]"></a>__rt_exit_prels_1</STRONG> (Thumb, 0 bytes, Stack size unknown bytes, rtexit2.o(.ARM.Collect$$rtexit$$00000002))

<P><STRONG><a name="[175]"></a>__rt_exit_exit</STRONG> (Thumb, 0 bytes, Stack size unknown bytes, rtexit2.o(.ARM.Collect$$rtexit$$00000004))
<BR><BR>[Calls]<UL><LI><a href="#[176]">&gt;&gt;</a>&nbsp;&nbsp;&nbsp;_sys_exit
</UL>

<P><STRONG><a name="[2c]"></a>Reset_Handler</STRONG> (Thumb, 8 bytes, Stack size 0 bytes, startup_stm32f40_41xxx.o(.text))
<BR>[Address Reference Count : 1]<UL><LI> startup_stm32f40_41xxx.o(RESET)
</UL>
<P><STRONG><a name="[48]"></a>ADC_IRQHandler</STRONG> (Thumb, 0 bytes, Stack size 0 bytes, startup_stm32f40_41xxx.o(.text))
<BR><BR>[Calls]<UL><LI><a href="#[48]">&gt;&gt;</a>&nbsp;&nbsp;&nbsp;ADC_IRQHandler
</UL>
<BR>[Called By]<UL><LI><a href="#[48]">&gt;&gt;</a>&nbsp;&nbsp;&nbsp;ADC_IRQHandler
</UL>
<BR>[Address Reference Count : 1]<UL><LI> startup_stm32f40_41xxx.o(RESET)
</UL>
<P><STRONG><a name="[4a]"></a>CAN1_RX0_IRQHandler</STRONG> (Thumb, 0 bytes, Stack size 0 bytes, startup_stm32f40_41xxx.o(.text))
<BR>[Address Reference Count : 1]<UL><LI> startup_stm32f40_41xxx.o(RESET)
</UL>
<P><STRONG><a name="[4b]"></a>CAN1_RX1_IRQHandler</STRONG> (Thumb, 0 bytes, Stack size 0 bytes, startup_stm32f40_41xxx.o(.text))
<BR>[Address Reference Count : 1]<UL><LI> startup_stm32f40_41xxx.o(RESET)
</UL>
<P><STRONG><a name="[4c]"></a>CAN1_SCE_IRQHandler</STRONG> (Thumb, 0 bytes, Stack size 0 bytes, startup_stm32f40_41xxx.o(.text))
<BR>[Address Reference Count : 1]<UL><LI> startup_stm32f40_41xxx.o(RESET)
</UL>
<P><STRONG><a name="[49]"></a>CAN1_TX_IRQHandler</STRONG> (Thumb, 0 bytes, Stack size 0 bytes, startup_stm32f40_41xxx.o(.text))
<BR>[Address Reference Count : 1]<UL><LI> startup_stm32f40_41xxx.o(RESET)
</UL>
<P><STRONG><a name="[76]"></a>CAN2_RX0_IRQHandler</STRONG> (Thumb, 0 bytes, Stack size 0 bytes, startup_stm32f40_41xxx.o(.text))
<BR>[Address Reference Count : 1]<UL><LI> startup_stm32f40_41xxx.o(RESET)
</UL>
<P><STRONG><a name="[77]"></a>CAN2_RX1_IRQHandler</STRONG> (Thumb, 0 bytes, Stack size 0 bytes, startup_stm32f40_41xxx.o(.text))
<BR>[Address Reference Count : 1]<UL><LI> startup_stm32f40_41xxx.o(RESET)
</UL>
<P><STRONG><a name="[78]"></a>CAN2_SCE_IRQHandler</STRONG> (Thumb, 0 bytes, Stack size 0 bytes, startup_stm32f40_41xxx.o(.text))
<BR>[Address Reference Count : 1]<UL><LI> startup_stm32f40_41xxx.o(RESET)
</UL>
<P><STRONG><a name="[75]"></a>CAN2_TX_IRQHandler</STRONG> (Thumb, 0 bytes, Stack size 0 bytes, startup_stm32f40_41xxx.o(.text))
<BR>[Address Reference Count : 1]<UL><LI> startup_stm32f40_41xxx.o(RESET)
</UL>
<P><STRONG><a name="[85]"></a>CRYP_IRQHandler</STRONG> (Thumb, 0 bytes, Stack size 0 bytes, startup_stm32f40_41xxx.o(.text))
<BR>[Address Reference Count : 1]<UL><LI> startup_stm32f40_41xxx.o(RESET)
</UL>
<P><STRONG><a name="[84]"></a>DCMI_IRQHandler</STRONG> (Thumb, 0 bytes, Stack size 0 bytes, startup_stm32f40_41xxx.o(.text))
<BR>[Address Reference Count : 1]<UL><LI> startup_stm32f40_41xxx.o(RESET)
</UL>
<P><STRONG><a name="[41]"></a>DMA1_Stream0_IRQHandler</STRONG> (Thumb, 0 bytes, Stack size 0 bytes, startup_stm32f40_41xxx.o(.text))
<BR>[Address Reference Count : 1]<UL><LI> startup_stm32f40_41xxx.o(RESET)
</UL>
<P><STRONG><a name="[42]"></a>DMA1_Stream1_IRQHandler</STRONG> (Thumb, 0 bytes, Stack size 0 bytes, startup_stm32f40_41xxx.o(.text))
<BR>[Address Reference Count : 1]<UL><LI> startup_stm32f40_41xxx.o(RESET)
</UL>
<P><STRONG><a name="[43]"></a>DMA1_Stream2_IRQHandler</STRONG> (Thumb, 0 bytes, Stack size 0 bytes, startup_stm32f40_41xxx.o(.text))
<BR>[Address Reference Count : 1]<UL><LI> startup_stm32f40_41xxx.o(RESET)
</UL>
<P><STRONG><a name="[44]"></a>DMA1_Stream3_IRQHandler</STRONG> (Thumb, 0 bytes, Stack size 0 bytes, startup_stm32f40_41xxx.o(.text))
<BR>[Address Reference Count : 1]<UL><LI> startup_stm32f40_41xxx.o(RESET)
</UL>
<P><STRONG><a name="[45]"></a>DMA1_Stream4_IRQHandler</STRONG> (Thumb, 0 bytes, Stack size 0 bytes, startup_stm32f40_41xxx.o(.text))
<BR>[Address Reference Count : 1]<UL><LI> startup_stm32f40_41xxx.o(RESET)
</UL>
<P><STRONG><a name="[46]"></a>DMA1_Stream5_IRQHandler</STRONG> (Thumb, 0 bytes, Stack size 0 bytes, startup_stm32f40_41xxx.o(.text))
<BR>[Address Reference Count : 1]<UL><LI> startup_stm32f40_41xxx.o(RESET)
</UL>
<P><STRONG><a name="[47]"></a>DMA1_Stream6_IRQHandler</STRONG> (Thumb, 0 bytes, Stack size 0 bytes, startup_stm32f40_41xxx.o(.text))
<BR>[Address Reference Count : 1]<UL><LI> startup_stm32f40_41xxx.o(RESET)
</UL>
<P><STRONG><a name="[65]"></a>DMA1_Stream7_IRQHandler</STRONG> (Thumb, 0 bytes, Stack size 0 bytes, startup_stm32f40_41xxx.o(.text))
<BR>[Address Reference Count : 1]<UL><LI> startup_stm32f40_41xxx.o(RESET)
</UL>
<P><STRONG><a name="[6f]"></a>DMA2_Stream1_IRQHandler</STRONG> (Thumb, 0 bytes, Stack size 0 bytes, startup_stm32f40_41xxx.o(.text))
<BR>[Address Reference Count : 1]<UL><LI> startup_stm32f40_41xxx.o(RESET)
</UL>
<P><STRONG><a name="[70]"></a>DMA2_Stream2_IRQHandler</STRONG> (Thumb, 0 bytes, Stack size 0 bytes, startup_stm32f40_41xxx.o(.text))
<BR>[Address Reference Count : 1]<UL><LI> startup_stm32f40_41xxx.o(RESET)
</UL>
<P><STRONG><a name="[71]"></a>DMA2_Stream3_IRQHandler</STRONG> (Thumb, 0 bytes, Stack size 0 bytes, startup_stm32f40_41xxx.o(.text))
<BR>[Address Reference Count : 1]<UL><LI> startup_stm32f40_41xxx.o(RESET)
</UL>
<P><STRONG><a name="[72]"></a>DMA2_Stream4_IRQHandler</STRONG> (Thumb, 0 bytes, Stack size 0 bytes, startup_stm32f40_41xxx.o(.text))
<BR>[Address Reference Count : 1]<UL><LI> startup_stm32f40_41xxx.o(RESET)
</UL>
<P><STRONG><a name="[7a]"></a>DMA2_Stream5_IRQHandler</STRONG> (Thumb, 0 bytes, Stack size 0 bytes, startup_stm32f40_41xxx.o(.text))
<BR>[Address Reference Count : 1]<UL><LI> startup_stm32f40_41xxx.o(RESET)
</UL>
<P><STRONG><a name="[7b]"></a>DMA2_Stream6_IRQHandler</STRONG> (Thumb, 0 bytes, Stack size 0 bytes, startup_stm32f40_41xxx.o(.text))
<BR>[Address Reference Count : 1]<UL><LI> startup_stm32f40_41xxx.o(RESET)
</UL>
<P><STRONG><a name="[7c]"></a>DMA2_Stream7_IRQHandler</STRONG> (Thumb, 0 bytes, Stack size 0 bytes, startup_stm32f40_41xxx.o(.text))
<BR>[Address Reference Count : 1]<UL><LI> startup_stm32f40_41xxx.o(RESET)
</UL>
<P><STRONG><a name="[73]"></a>ETH_IRQHandler</STRONG> (Thumb, 0 bytes, Stack size 0 bytes, startup_stm32f40_41xxx.o(.text))
<BR>[Address Reference Count : 1]<UL><LI> startup_stm32f40_41xxx.o(RESET)
</UL>
<P><STRONG><a name="[74]"></a>ETH_WKUP_IRQHandler</STRONG> (Thumb, 0 bytes, Stack size 0 bytes, startup_stm32f40_41xxx.o(.text))
<BR>[Address Reference Count : 1]<UL><LI> startup_stm32f40_41xxx.o(RESET)
</UL>
<P><STRONG><a name="[3c]"></a>EXTI0_IRQHandler</STRONG> (Thumb, 0 bytes, Stack size 0 bytes, startup_stm32f40_41xxx.o(.text))
<BR>[Address Reference Count : 1]<UL><LI> startup_stm32f40_41xxx.o(RESET)
</UL>
<P><STRONG><a name="[5e]"></a>EXTI15_10_IRQHandler</STRONG> (Thumb, 0 bytes, Stack size 0 bytes, startup_stm32f40_41xxx.o(.text))
<BR>[Address Reference Count : 1]<UL><LI> startup_stm32f40_41xxx.o(RESET)
</UL>
<P><STRONG><a name="[3d]"></a>EXTI1_IRQHandler</STRONG> (Thumb, 0 bytes, Stack size 0 bytes, startup_stm32f40_41xxx.o(.text))
<BR>[Address Reference Count : 1]<UL><LI> startup_stm32f40_41xxx.o(RESET)
</UL>
<P><STRONG><a name="[3e]"></a>EXTI2_IRQHandler</STRONG> (Thumb, 0 bytes, Stack size 0 bytes, startup_stm32f40_41xxx.o(.text))
<BR>[Address Reference Count : 1]<UL><LI> startup_stm32f40_41xxx.o(RESET)
</UL>
<P><STRONG><a name="[3f]"></a>EXTI3_IRQHandler</STRONG> (Thumb, 0 bytes, Stack size 0 bytes, startup_stm32f40_41xxx.o(.text))
<BR>[Address Reference Count : 1]<UL><LI> startup_stm32f40_41xxx.o(RESET)
</UL>
<P><STRONG><a name="[40]"></a>EXTI4_IRQHandler</STRONG> (Thumb, 0 bytes, Stack size 0 bytes, startup_stm32f40_41xxx.o(.text))
<BR>[Address Reference Count : 1]<UL><LI> startup_stm32f40_41xxx.o(RESET)
</UL>
<P><STRONG><a name="[4d]"></a>EXTI9_5_IRQHandler</STRONG> (Thumb, 0 bytes, Stack size 0 bytes, startup_stm32f40_41xxx.o(.text))
<BR>[Address Reference Count : 1]<UL><LI> startup_stm32f40_41xxx.o(RESET)
</UL>
<P><STRONG><a name="[3a]"></a>FLASH_IRQHandler</STRONG> (Thumb, 0 bytes, Stack size 0 bytes, startup_stm32f40_41xxx.o(.text))
<BR>[Address Reference Count : 1]<UL><LI> startup_stm32f40_41xxx.o(RESET)
</UL>
<P><STRONG><a name="[87]"></a>FPU_IRQHandler</STRONG> (Thumb, 0 bytes, Stack size 0 bytes, startup_stm32f40_41xxx.o(.text))
<BR>[Address Reference Count : 1]<UL><LI> startup_stm32f40_41xxx.o(RESET)
</UL>
<P><STRONG><a name="[66]"></a>FSMC_IRQHandler</STRONG> (Thumb, 0 bytes, Stack size 0 bytes, startup_stm32f40_41xxx.o(.text))
<BR>[Address Reference Count : 1]<UL><LI> startup_stm32f40_41xxx.o(RESET)
</UL>
<P><STRONG><a name="[86]"></a>HASH_RNG_IRQHandler</STRONG> (Thumb, 0 bytes, Stack size 0 bytes, startup_stm32f40_41xxx.o(.text))
<BR>[Address Reference Count : 1]<UL><LI> startup_stm32f40_41xxx.o(RESET)
</UL>
<P><STRONG><a name="[56]"></a>I2C1_ER_IRQHandler</STRONG> (Thumb, 0 bytes, Stack size 0 bytes, startup_stm32f40_41xxx.o(.text))
<BR>[Address Reference Count : 1]<UL><LI> startup_stm32f40_41xxx.o(RESET)
</UL>
<P><STRONG><a name="[55]"></a>I2C1_EV_IRQHandler</STRONG> (Thumb, 0 bytes, Stack size 0 bytes, startup_stm32f40_41xxx.o(.text))
<BR>[Address Reference Count : 1]<UL><LI> startup_stm32f40_41xxx.o(RESET)
</UL>
<P><STRONG><a name="[58]"></a>I2C2_ER_IRQHandler</STRONG> (Thumb, 0 bytes, Stack size 0 bytes, startup_stm32f40_41xxx.o(.text))
<BR>[Address Reference Count : 1]<UL><LI> startup_stm32f40_41xxx.o(RESET)
</UL>
<P><STRONG><a name="[57]"></a>I2C2_EV_IRQHandler</STRONG> (Thumb, 0 bytes, Stack size 0 bytes, startup_stm32f40_41xxx.o(.text))
<BR>[Address Reference Count : 1]<UL><LI> startup_stm32f40_41xxx.o(RESET)
</UL>
<P><STRONG><a name="[7f]"></a>I2C3_ER_IRQHandler</STRONG> (Thumb, 0 bytes, Stack size 0 bytes, startup_stm32f40_41xxx.o(.text))
<BR>[Address Reference Count : 1]<UL><LI> startup_stm32f40_41xxx.o(RESET)
</UL>
<P><STRONG><a name="[7e]"></a>I2C3_EV_IRQHandler</STRONG> (Thumb, 0 bytes, Stack size 0 bytes, startup_stm32f40_41xxx.o(.text))
<BR>[Address Reference Count : 1]<UL><LI> startup_stm32f40_41xxx.o(RESET)
</UL>
<P><STRONG><a name="[60]"></a>OTG_FS_WKUP_IRQHandler</STRONG> (Thumb, 0 bytes, Stack size 0 bytes, startup_stm32f40_41xxx.o(.text))
<BR>[Address Reference Count : 1]<UL><LI> startup_stm32f40_41xxx.o(RESET)
</UL>
<P><STRONG><a name="[81]"></a>OTG_HS_EP1_IN_IRQHandler</STRONG> (Thumb, 0 bytes, Stack size 0 bytes, startup_stm32f40_41xxx.o(.text))
<BR>[Address Reference Count : 1]<UL><LI> startup_stm32f40_41xxx.o(RESET)
</UL>
<P><STRONG><a name="[80]"></a>OTG_HS_EP1_OUT_IRQHandler</STRONG> (Thumb, 0 bytes, Stack size 0 bytes, startup_stm32f40_41xxx.o(.text))
<BR>[Address Reference Count : 1]<UL><LI> startup_stm32f40_41xxx.o(RESET)
</UL>
<P><STRONG><a name="[83]"></a>OTG_HS_IRQHandler</STRONG> (Thumb, 0 bytes, Stack size 0 bytes, startup_stm32f40_41xxx.o(.text))
<BR>[Address Reference Count : 1]<UL><LI> startup_stm32f40_41xxx.o(RESET)
</UL>
<P><STRONG><a name="[82]"></a>OTG_HS_WKUP_IRQHandler</STRONG> (Thumb, 0 bytes, Stack size 0 bytes, startup_stm32f40_41xxx.o(.text))
<BR>[Address Reference Count : 1]<UL><LI> startup_stm32f40_41xxx.o(RESET)
</UL>
<P><STRONG><a name="[37]"></a>PVD_IRQHandler</STRONG> (Thumb, 0 bytes, Stack size 0 bytes, startup_stm32f40_41xxx.o(.text))
<BR>[Address Reference Count : 1]<UL><LI> startup_stm32f40_41xxx.o(RESET)
</UL>
<P><STRONG><a name="[3b]"></a>RCC_IRQHandler</STRONG> (Thumb, 0 bytes, Stack size 0 bytes, startup_stm32f40_41xxx.o(.text))
<BR>[Address Reference Count : 1]<UL><LI> startup_stm32f40_41xxx.o(RESET)
</UL>
<P><STRONG><a name="[5f]"></a>RTC_Alarm_IRQHandler</STRONG> (Thumb, 0 bytes, Stack size 0 bytes, startup_stm32f40_41xxx.o(.text))
<BR>[Address Reference Count : 1]<UL><LI> startup_stm32f40_41xxx.o(RESET)
</UL>
<P><STRONG><a name="[39]"></a>RTC_WKUP_IRQHandler</STRONG> (Thumb, 0 bytes, Stack size 0 bytes, startup_stm32f40_41xxx.o(.text))
<BR>[Address Reference Count : 1]<UL><LI> startup_stm32f40_41xxx.o(RESET)
</UL>
<P><STRONG><a name="[67]"></a>SDIO_IRQHandler</STRONG> (Thumb, 0 bytes, Stack size 0 bytes, startup_stm32f40_41xxx.o(.text))
<BR>[Address Reference Count : 1]<UL><LI> startup_stm32f40_41xxx.o(RESET)
</UL>
<P><STRONG><a name="[59]"></a>SPI1_IRQHandler</STRONG> (Thumb, 0 bytes, Stack size 0 bytes, startup_stm32f40_41xxx.o(.text))
<BR>[Address Reference Count : 1]<UL><LI> startup_stm32f40_41xxx.o(RESET)
</UL>
<P><STRONG><a name="[5a]"></a>SPI2_IRQHandler</STRONG> (Thumb, 0 bytes, Stack size 0 bytes, startup_stm32f40_41xxx.o(.text))
<BR>[Address Reference Count : 1]<UL><LI> startup_stm32f40_41xxx.o(RESET)
</UL>
<P><STRONG><a name="[69]"></a>SPI3_IRQHandler</STRONG> (Thumb, 0 bytes, Stack size 0 bytes, startup_stm32f40_41xxx.o(.text))
<BR>[Address Reference Count : 1]<UL><LI> startup_stm32f40_41xxx.o(RESET)
</UL>
<P><STRONG><a name="[38]"></a>TAMP_STAMP_IRQHandler</STRONG> (Thumb, 0 bytes, Stack size 0 bytes, startup_stm32f40_41xxx.o(.text))
<BR>[Address Reference Count : 1]<UL><LI> startup_stm32f40_41xxx.o(RESET)
</UL>
<P><STRONG><a name="[4e]"></a>TIM1_BRK_TIM9_IRQHandler</STRONG> (Thumb, 0 bytes, Stack size 0 bytes, startup_stm32f40_41xxx.o(.text))
<BR>[Address Reference Count : 1]<UL><LI> startup_stm32f40_41xxx.o(RESET)
</UL>
<P><STRONG><a name="[51]"></a>TIM1_CC_IRQHandler</STRONG> (Thumb, 0 bytes, Stack size 0 bytes, startup_stm32f40_41xxx.o(.text))
<BR>[Address Reference Count : 1]<UL><LI> startup_stm32f40_41xxx.o(RESET)
</UL>
<P><STRONG><a name="[50]"></a>TIM1_TRG_COM_TIM11_IRQHandler</STRONG> (Thumb, 0 bytes, Stack size 0 bytes, startup_stm32f40_41xxx.o(.text))
<BR>[Address Reference Count : 1]<UL><LI> startup_stm32f40_41xxx.o(RESET)
</UL>
<P><STRONG><a name="[4f]"></a>TIM1_UP_TIM10_IRQHandler</STRONG> (Thumb, 0 bytes, Stack size 0 bytes, startup_stm32f40_41xxx.o(.text))
<BR>[Address Reference Count : 1]<UL><LI> startup_stm32f40_41xxx.o(RESET)
</UL>
<P><STRONG><a name="[52]"></a>TIM2_IRQHandler</STRONG> (Thumb, 0 bytes, Stack size 0 bytes, startup_stm32f40_41xxx.o(.text))
<BR>[Address Reference Count : 1]<UL><LI> startup_stm32f40_41xxx.o(RESET)
</UL>
<P><STRONG><a name="[54]"></a>TIM4_IRQHandler</STRONG> (Thumb, 0 bytes, Stack size 0 bytes, startup_stm32f40_41xxx.o(.text))
<BR>[Address Reference Count : 1]<UL><LI> startup_stm32f40_41xxx.o(RESET)
</UL>
<P><STRONG><a name="[68]"></a>TIM5_IRQHandler</STRONG> (Thumb, 0 bytes, Stack size 0 bytes, startup_stm32f40_41xxx.o(.text))
<BR>[Address Reference Count : 1]<UL><LI> startup_stm32f40_41xxx.o(RESET)
</UL>
<P><STRONG><a name="[6d]"></a>TIM7_IRQHandler</STRONG> (Thumb, 0 bytes, Stack size 0 bytes, startup_stm32f40_41xxx.o(.text))
<BR>[Address Reference Count : 1]<UL><LI> startup_stm32f40_41xxx.o(RESET)
</UL>
<P><STRONG><a name="[61]"></a>TIM8_BRK_TIM12_IRQHandler</STRONG> (Thumb, 0 bytes, Stack size 0 bytes, startup_stm32f40_41xxx.o(.text))
<BR>[Address Reference Count : 1]<UL><LI> startup_stm32f40_41xxx.o(RESET)
</UL>
<P><STRONG><a name="[64]"></a>TIM8_CC_IRQHandler</STRONG> (Thumb, 0 bytes, Stack size 0 bytes, startup_stm32f40_41xxx.o(.text))
<BR>[Address Reference Count : 1]<UL><LI> startup_stm32f40_41xxx.o(RESET)
</UL>
<P><STRONG><a name="[63]"></a>TIM8_TRG_COM_TIM14_IRQHandler</STRONG> (Thumb, 0 bytes, Stack size 0 bytes, startup_stm32f40_41xxx.o(.text))
<BR>[Address Reference Count : 1]<UL><LI> startup_stm32f40_41xxx.o(RESET)
</UL>
<P><STRONG><a name="[62]"></a>TIM8_UP_TIM13_IRQHandler</STRONG> (Thumb, 0 bytes, Stack size 0 bytes, startup_stm32f40_41xxx.o(.text))
<BR>[Address Reference Count : 1]<UL><LI> startup_stm32f40_41xxx.o(RESET)
</UL>
<P><STRONG><a name="[6a]"></a>UART4_IRQHandler</STRONG> (Thumb, 0 bytes, Stack size 0 bytes, startup_stm32f40_41xxx.o(.text))
<BR>[Address Reference Count : 1]<UL><LI> startup_stm32f40_41xxx.o(RESET)
</UL>
<P><STRONG><a name="[6b]"></a>UART5_IRQHandler</STRONG> (Thumb, 0 bytes, Stack size 0 bytes, startup_stm32f40_41xxx.o(.text))
<BR>[Address Reference Count : 1]<UL><LI> startup_stm32f40_41xxx.o(RESET)
</UL>
<P><STRONG><a name="[5c]"></a>USART2_IRQHandler</STRONG> (Thumb, 0 bytes, Stack size 0 bytes, startup_stm32f40_41xxx.o(.text))
<BR>[Address Reference Count : 1]<UL><LI> startup_stm32f40_41xxx.o(RESET)
</UL>
<P><STRONG><a name="[5d]"></a>USART3_IRQHandler</STRONG> (Thumb, 0 bytes, Stack size 0 bytes, startup_stm32f40_41xxx.o(.text))
<BR>[Address Reference Count : 1]<UL><LI> startup_stm32f40_41xxx.o(RESET)
</UL>
<P><STRONG><a name="[7d]"></a>USART6_IRQHandler</STRONG> (Thumb, 0 bytes, Stack size 0 bytes, startup_stm32f40_41xxx.o(.text))
<BR>[Address Reference Count : 1]<UL><LI> startup_stm32f40_41xxx.o(RESET)
</UL>
<P><STRONG><a name="[36]"></a>WWDG_IRQHandler</STRONG> (Thumb, 0 bytes, Stack size 0 bytes, startup_stm32f40_41xxx.o(.text))
<BR>[Address Reference Count : 1]<UL><LI> startup_stm32f40_41xxx.o(RESET)
</UL>
<P><STRONG><a name="[199]"></a>__user_initial_stackheap</STRONG> (Thumb, 0 bytes, Stack size unknown bytes, startup_stm32f40_41xxx.o(.text))
<BR><BR>[Called By]<UL><LI><a href="#[16e]">&gt;&gt;</a>&nbsp;&nbsp;&nbsp;__user_setup_stackheap
</UL>

<P><STRONG><a name="[177]"></a>__2sprintf</STRONG> (Thumb, 34 bytes, Stack size 32 bytes, noretval__2sprintf.o(.text))
<BR><BR>[Stack]<UL><LI>Max Depth = 136 + Unknown Stack Size
<LI>Call Chain = __2sprintf &rArr; _printf_char_common &rArr; __printf
</UL>
<BR>[Calls]<UL><LI><a href="#[8a]">&gt;&gt;</a>&nbsp;&nbsp;&nbsp;_sputc
<LI><a href="#[178]">&gt;&gt;</a>&nbsp;&nbsp;&nbsp;_printf_char_common
</UL>
<BR>[Called By]<UL><LI><a href="#[36c]">&gt;&gt;</a>&nbsp;&nbsp;&nbsp;OC_ADD
<LI><a href="#[337]">&gt;&gt;</a>&nbsp;&nbsp;&nbsp;PARA_SET
<LI><a href="#[339]">&gt;&gt;</a>&nbsp;&nbsp;&nbsp;OC_SET
<LI><a href="#[336]">&gt;&gt;</a>&nbsp;&nbsp;&nbsp;MENU_SET
<LI><a href="#[338]">&gt;&gt;</a>&nbsp;&nbsp;&nbsp;LOAD_SET
<LI><a href="#[322]">&gt;&gt;</a>&nbsp;&nbsp;&nbsp;INPUT_INFO
<LI><a href="#[321]">&gt;&gt;</a>&nbsp;&nbsp;&nbsp;INPUT_CDC
<LI><a href="#[1dd]">&gt;&gt;</a>&nbsp;&nbsp;&nbsp;CDC_SET
<LI><a href="#[1db]">&gt;&gt;</a>&nbsp;&nbsp;&nbsp;CDC_OP_RIGHT
<LI><a href="#[1d7]">&gt;&gt;</a>&nbsp;&nbsp;&nbsp;CDC_OP_LEFT
<LI><a href="#[95]">&gt;&gt;</a>&nbsp;&nbsp;&nbsp;_cbDialog
<LI><a href="#[91]">&gt;&gt;</a>&nbsp;&nbsp;&nbsp;_cbDialog
<LI><a href="#[8e]">&gt;&gt;</a>&nbsp;&nbsp;&nbsp;_cbDialog
<LI><a href="#[94]">&gt;&gt;</a>&nbsp;&nbsp;&nbsp;_cbDialog2
<LI><a href="#[90]">&gt;&gt;</a>&nbsp;&nbsp;&nbsp;_cbDialog
<LI><a href="#[93]">&gt;&gt;</a>&nbsp;&nbsp;&nbsp;_cbDialog
</UL>

<P><STRONG><a name="[187]"></a>_printf_pre_padding</STRONG> (Thumb, 46 bytes, Stack size 16 bytes, _printf_pad.o(.text))
<BR><BR>[Stack]<UL><LI>Max Depth = 16<LI>Call Chain = _printf_pre_padding
</UL>
<BR>[Called By]<UL><LI><a href="#[191]">&gt;&gt;</a>&nbsp;&nbsp;&nbsp;_printf_fp_infnan
<LI><a href="#[18f]">&gt;&gt;</a>&nbsp;&nbsp;&nbsp;_printf_fp_dec_real
<LI><a href="#[179]">&gt;&gt;</a>&nbsp;&nbsp;&nbsp;_printf_int_common
</UL>

<P><STRONG><a name="[188]"></a>_printf_post_padding</STRONG> (Thumb, 36 bytes, Stack size 16 bytes, _printf_pad.o(.text))
<BR><BR>[Stack]<UL><LI>Max Depth = 16<LI>Call Chain = _printf_post_padding
</UL>
<BR>[Called By]<UL><LI><a href="#[191]">&gt;&gt;</a>&nbsp;&nbsp;&nbsp;_printf_fp_infnan
<LI><a href="#[18f]">&gt;&gt;</a>&nbsp;&nbsp;&nbsp;_printf_fp_dec_real
<LI><a href="#[179]">&gt;&gt;</a>&nbsp;&nbsp;&nbsp;_printf_int_common
</UL>

<P><STRONG><a name="[165]"></a>_printf_int_dec</STRONG> (Thumb, 102 bytes, Stack size 24 bytes, _printf_dec.o(.text))
<BR><BR>[Stack]<UL><LI>Max Depth = 72<LI>Call Chain = _printf_int_dec &rArr; _printf_int_common &rArr; _printf_post_padding
</UL>
<BR>[Calls]<UL><LI><a href="#[179]">&gt;&gt;</a>&nbsp;&nbsp;&nbsp;_printf_int_common
</UL>
<BR>[Called By]<UL><LI><a href="#[164]">&gt;&gt;</a>&nbsp;&nbsp;&nbsp;_printf_d
</UL>

<P><STRONG><a name="[17a]"></a>__printf</STRONG> (Thumb, 310 bytes, Stack size 40 bytes, __printf_flags_wp.o(.text))
<BR><BR>[Stack]<UL><LI>Max Depth = 40 + Unknown Stack Size
<LI>Call Chain = __printf
</UL>
<BR>[Calls]<UL><LI><a href="#[17c]">&gt;&gt;</a>&nbsp;&nbsp;&nbsp;_printf_percent
<LI><a href="#[17b]">&gt;&gt;</a>&nbsp;&nbsp;&nbsp;_is_digit
</UL>
<BR>[Called By]<UL><LI><a href="#[178]">&gt;&gt;</a>&nbsp;&nbsp;&nbsp;_printf_char_common
</UL>

<P><STRONG><a name="[17d]"></a>atoi</STRONG> (Thumb, 26 bytes, Stack size 16 bytes, atoi.o(.text))
<BR><BR>[Stack]<UL><LI>Max Depth = 88<LI>Call Chain = atoi &rArr; strtol &rArr; _strtoul
</UL>
<BR>[Calls]<UL><LI><a href="#[17f]">&gt;&gt;</a>&nbsp;&nbsp;&nbsp;strtol
<LI><a href="#[17e]">&gt;&gt;</a>&nbsp;&nbsp;&nbsp;__aeabi_errno_addr
</UL>
<BR>[Called By]<UL><LI><a href="#[326]">&gt;&gt;</a>&nbsp;&nbsp;&nbsp;INPUT_POW
<LI><a href="#[325]">&gt;&gt;</a>&nbsp;&nbsp;&nbsp;INPUT_NUM
<LI><a href="#[324]">&gt;&gt;</a>&nbsp;&nbsp;&nbsp;INPUT_LOAD
<LI><a href="#[321]">&gt;&gt;</a>&nbsp;&nbsp;&nbsp;INPUT_CDC
<LI><a href="#[31f]">&gt;&gt;</a>&nbsp;&nbsp;&nbsp;INPUT_C
</UL>

<P><STRONG><a name="[30f]"></a>strcpy</STRONG> (Thumb, 72 bytes, Stack size 12 bytes, strcpy.o(.text))
<BR><BR>[Stack]<UL><LI>Max Depth = 12<LI>Call Chain = strcpy
</UL>
<BR>[Called By]<UL><LI><a href="#[3a3]">&gt;&gt;</a>&nbsp;&nbsp;&nbsp;TEXT_CreateUser
<LI><a href="#[1d1]">&gt;&gt;</a>&nbsp;&nbsp;&nbsp;GUI__SetText
</UL>

<P><STRONG><a name="[2a5]"></a>strlen</STRONG> (Thumb, 62 bytes, Stack size 8 bytes, strlen.o(.text))
<BR><BR>[Stack]<UL><LI>Max Depth = 8<LI>Call Chain = strlen
</UL>
<BR>[Called By]<UL><LI><a href="#[3a3]">&gt;&gt;</a>&nbsp;&nbsp;&nbsp;TEXT_CreateUser
<LI><a href="#[2a3]">&gt;&gt;</a>&nbsp;&nbsp;&nbsp;GUI_ErrorOut1
</UL>

<P><STRONG><a name="[320]"></a>strcat</STRONG> (Thumb, 24 bytes, Stack size 0 bytes, strcat.o(.text))
<BR><BR>[Called By]<UL><LI><a href="#[326]">&gt;&gt;</a>&nbsp;&nbsp;&nbsp;INPUT_POW
<LI><a href="#[325]">&gt;&gt;</a>&nbsp;&nbsp;&nbsp;INPUT_NUM
<LI><a href="#[324]">&gt;&gt;</a>&nbsp;&nbsp;&nbsp;INPUT_LOAD
<LI><a href="#[321]">&gt;&gt;</a>&nbsp;&nbsp;&nbsp;INPUT_CDC
<LI><a href="#[31f]">&gt;&gt;</a>&nbsp;&nbsp;&nbsp;INPUT_C
</UL>

<P><STRONG><a name="[183]"></a>__aeabi_memcpy</STRONG> (Thumb, 0 bytes, Stack size 0 bytes, rt_memcpy_v6.o(.text))
<BR><BR>[Called By]<UL><LI><a href="#[23d]">&gt;&gt;</a>&nbsp;&nbsp;&nbsp;GRAPH_DATA_YT_Create
<LI><a href="#[1d1]">&gt;&gt;</a>&nbsp;&nbsp;&nbsp;GUI__SetText
<LI><a href="#[11d]">&gt;&gt;</a>&nbsp;&nbsp;&nbsp;_DrawBitmap
<LI><a href="#[262]">&gt;&gt;</a>&nbsp;&nbsp;&nbsp;GUI_ALLOC_Realloc
<LI><a href="#[257]">&gt;&gt;</a>&nbsp;&nbsp;&nbsp;GUI_ALLOC_AllocInit
<LI><a href="#[139]">&gt;&gt;</a>&nbsp;&nbsp;&nbsp;_DrawBitmap
<LI><a href="#[182]">&gt;&gt;</a>&nbsp;&nbsp;&nbsp;__rt_memmove
</UL>

<P><STRONG><a name="[180]"></a>__rt_memcpy</STRONG> (Thumb, 138 bytes, Stack size 0 bytes, rt_memcpy_v6.o(.text), UNUSED)
<BR><BR>[Calls]<UL><LI><a href="#[181]">&gt;&gt;</a>&nbsp;&nbsp;&nbsp;__aeabi_memcpy4
</UL>

<P><STRONG><a name="[4b6]"></a>_memcpy_lastbytes</STRONG> (Thumb, 0 bytes, Stack size unknown bytes, rt_memcpy_v6.o(.text), UNUSED)

<P><STRONG><a name="[245]"></a>__aeabi_memmove</STRONG> (Thumb, 0 bytes, Stack size 0 bytes, rt_memmove_v6.o(.text))
<BR><BR>[Called By]<UL><LI><a href="#[25e]">&gt;&gt;</a>&nbsp;&nbsp;&nbsp;_RemoveHoles
<LI><a href="#[23c]">&gt;&gt;</a>&nbsp;&nbsp;&nbsp;GRAPH__AddValue
</UL>

<P><STRONG><a name="[182]"></a>__rt_memmove</STRONG> (Thumb, 132 bytes, Stack size 0 bytes, rt_memmove_v6.o(.text), UNUSED)
<BR><BR>[Calls]<UL><LI><a href="#[183]">&gt;&gt;</a>&nbsp;&nbsp;&nbsp;__aeabi_memcpy
<LI><a href="#[184]">&gt;&gt;</a>&nbsp;&nbsp;&nbsp;__memmove_aligned
</UL>

<P><STRONG><a name="[4b7]"></a>__memmove_lastfew</STRONG> (Thumb, 0 bytes, Stack size unknown bytes, rt_memmove_v6.o(.text), UNUSED)

<P><STRONG><a name="[181]"></a>__aeabi_memcpy4</STRONG> (Thumb, 0 bytes, Stack size 8 bytes, rt_memcpy_w.o(.text))
<BR><BR>[Stack]<UL><LI>Max Depth = 8<LI>Call Chain = __aeabi_memcpy4
</UL>
<BR>[Called By]<UL><LI><a href="#[24c]">&gt;&gt;</a>&nbsp;&nbsp;&nbsp;GUIDRV_FlexColor_SetFunc
<LI><a href="#[459]">&gt;&gt;</a>&nbsp;&nbsp;&nbsp;_EnlargeBlocks
<LI><a href="#[a7]">&gt;&gt;</a>&nbsp;&nbsp;&nbsp;GUIDRV_FlexColor__SetLog2Phys
<LI><a href="#[23a]">&gt;&gt;</a>&nbsp;&nbsp;&nbsp;GRAPH_CreateUser
<LI><a href="#[1bb]">&gt;&gt;</a>&nbsp;&nbsp;&nbsp;BUTTON_CreateUser
<LI><a href="#[2e5]">&gt;&gt;</a>&nbsp;&nbsp;&nbsp;GUI_SaveContext_W
<LI><a href="#[2e4]">&gt;&gt;</a>&nbsp;&nbsp;&nbsp;GUI_RestoreContext
<LI><a href="#[444]">&gt;&gt;</a>&nbsp;&nbsp;&nbsp;_DrawBitLine32BPP_DDB
<LI><a href="#[180]">&gt;&gt;</a>&nbsp;&nbsp;&nbsp;__rt_memcpy
<LI><a href="#[194]">&gt;&gt;</a>&nbsp;&nbsp;&nbsp;__rt_memmove_w
</UL>

<P><STRONG><a name="[4b8]"></a>__aeabi_memcpy8</STRONG> (Thumb, 0 bytes, Stack size 8 bytes, rt_memcpy_w.o(.text), UNUSED)

<P><STRONG><a name="[4b9]"></a>__rt_memcpy_w</STRONG> (Thumb, 100 bytes, Stack size 8 bytes, rt_memcpy_w.o(.text), UNUSED)

<P><STRONG><a name="[4ba]"></a>_memcpy_lastbytes_aligned</STRONG> (Thumb, 0 bytes, Stack size unknown bytes, rt_memcpy_w.o(.text), UNUSED)

<P><STRONG><a name="[185]"></a>__aeabi_memset</STRONG> (Thumb, 16 bytes, Stack size 0 bytes, aeabi_memset.o(.text))
<BR><BR>[Calls]<UL><LI><a href="#[186]">&gt;&gt;</a>&nbsp;&nbsp;&nbsp;_memset
</UL>
<BR>[Called By]<UL><LI><a href="#[146]">&gt;&gt;</a>&nbsp;&nbsp;&nbsp;GUI_USAGE_BM_AddHLine
</UL>

<P><STRONG><a name="[1e5]"></a>__aeabi_memclr4</STRONG> (Thumb, 0 bytes, Stack size 4 bytes, rt_memclr_w.o(.text))
<BR><BR>[Stack]<UL><LI>Max Depth = 4<LI>Call Chain = __aeabi_memclr4
</UL>
<BR>[Called By]<UL><LI><a href="#[2fb]">&gt;&gt;</a>&nbsp;&nbsp;&nbsp;LCD_X_Config
<LI><a href="#[9]">&gt;&gt;</a>&nbsp;&nbsp;&nbsp;_Create
<LI><a href="#[1e]">&gt;&gt;</a>&nbsp;&nbsp;&nbsp;CHECKBOX__GetButtonSize
<LI><a href="#[147]">&gt;&gt;</a>&nbsp;&nbsp;&nbsp;GUI_USAGE_BM_Clear
</UL>

<P><STRONG><a name="[4bb]"></a>__aeabi_memclr8</STRONG> (Thumb, 0 bytes, Stack size 4 bytes, rt_memclr_w.o(.text), UNUSED)

<P><STRONG><a name="[4bc]"></a>__rt_memclr_w</STRONG> (Thumb, 78 bytes, Stack size 4 bytes, rt_memclr_w.o(.text), UNUSED)

<P><STRONG><a name="[196]"></a>_memset_w</STRONG> (Thumb, 0 bytes, Stack size unknown bytes, rt_memclr_w.o(.text), UNUSED)
<BR><BR>[Called By]<UL><LI><a href="#[195]">&gt;&gt;</a>&nbsp;&nbsp;&nbsp;__rt_memclr
</UL>

<P><STRONG><a name="[4bd]"></a>__use_two_region_memory</STRONG> (Thumb, 2 bytes, Stack size 0 bytes, heapauxi.o(.text), UNUSED)

<P><STRONG><a name="[4be]"></a>__rt_heap_escrow$2region</STRONG> (Thumb, 2 bytes, Stack size 0 bytes, heapauxi.o(.text), UNUSED)

<P><STRONG><a name="[4bf]"></a>__rt_heap_expand$2region</STRONG> (Thumb, 2 bytes, Stack size 0 bytes, heapauxi.o(.text), UNUSED)

<P><STRONG><a name="[17e]"></a>__aeabi_errno_addr</STRONG> (Thumb, 8 bytes, Stack size 0 bytes, rt_errno_addr_intlibspace.o(.text))
<BR><BR>[Called By]<UL><LI><a href="#[17d]">&gt;&gt;</a>&nbsp;&nbsp;&nbsp;atoi
<LI><a href="#[193]">&gt;&gt;</a>&nbsp;&nbsp;&nbsp;_strtoul
<LI><a href="#[17f]">&gt;&gt;</a>&nbsp;&nbsp;&nbsp;strtol
</UL>

<P><STRONG><a name="[4c0]"></a>__errno$intlibspace</STRONG> (Thumb, 0 bytes, Stack size 0 bytes, rt_errno_addr_intlibspace.o(.text), UNUSED)

[...]
</UL>
<BR>[Calls]<UL><LI><a href="#[1c3]">&gt;&gt;</a>&nbsp;&nbsp;&nbsp;GUI_FillRect
<LI><a href="#[26d]">&gt;&gt;</a>&nbsp;&nbsp;&nbsp;WM__InitIVRSearch
<LI><a href="#[26e]">&gt;&gt;</a>&nbsp;&nbsp;&nbsp;WM__GetNextIVR
<LI><a href="#[20f]">&gt;&gt;</a>&nbsp;&nbsp;&nbsp;LCD_SetColor
<LI><a href="#[1b4]">&gt;&gt;</a>&nbsp;&nbsp;&nbsp;GUI_ALLOC_UnlockH
<LI><a href="#[1b3]">&gt;&gt;</a>&nbsp;&nbsp;&nbsp;GUI_ALLOC_LockH
<LI><a href="#[292]">&gt;&gt;</a>&nbsp;&nbsp;&nbsp;WM_SetUserClipRect
<LI><a href="#[216]">&gt;&gt;</a>&nbsp;&nbsp;&nbsp;WM_GetWindowSizeY
<LI><a href="#[3fe]">&gt;&gt;</a>&nbsp;&nbsp;&nbsp;WM_GetWindowSizeX
<LI><a href="#[212]">&gt;&gt;</a>&nbsp;&nbsp;&nbsp;FRAMEWIN__CalcPositions
<LI><a href="#[15a]">&gt;&gt;</a>&nbsp;&nbsp;&nbsp;WIDGET_EFFECT_3D_DrawUp
</UL>
<BR>[Address Reference Count : 1]<UL><LI> framewin_skinclassic.o(.constdata)
</UL>
<P><STRONG><a name="[151]"></a>_Create</STRONG> (Thumb, 2 bytes, Stack size 0 bytes, header_skinclassic.o(i._Create))
<BR>[Address Reference Count : 1]<UL><LI> header_skinclassic.o(.constdata)
</UL>
<P><STRONG><a name="[457]"></a>_DrawTriangle</STRONG> (Thumb, 36 bytes, Stack size 24 bytes, header_skinclassic.o(i._DrawTriangle))
<BR><BR>[Stack]<UL><LI>Max Depth = 192<LI>Call Chain = _DrawTriangle &rArr; GUI_DrawHLine &rArr; WM__InitIVRSearch &rArr; WM__GetNextIVR &rArr; _FindNext_IVR &rArr; _Findy1 &rArr;  _Findy1 (Cycle)
</UL>
<BR>[Calls]<UL><LI><a href="#[1c1]">&gt;&gt;</a>&nbsp;&nbsp;&nbsp;GUI_DrawHLine
</UL>
<BR>[Called By]<UL><LI><a href="#[150]">&gt;&gt;</a>&nbsp;&nbsp;&nbsp;_Paint
</UL>

<P><STRONG><a name="[150]"></a>_Paint</STRONG> (Thumb, 632 bytes, Stack size 112 bytes, header_skinclassic.o(i._Paint))
<BR><BR>[Stack]<UL><LI>Max Depth = 304<LI>Call Chain = _Paint &rArr; _DrawTriangle &rArr; GUI_DrawHLine &rArr; WM__InitIVRSearch &rArr; WM__GetNextIVR &rArr; _FindNext_IVR &rArr; _Findy1 &rArr;  _Findy1 (Cycle)
</UL>
<BR>[Calls]<UL><LI><a href="#[1ca]">&gt;&gt;</a>&nbsp;&nbsp;&nbsp;GUI_SetTextMode
<LI><a href="#[1c7]">&gt;&gt;</a>&nbsp;&nbsp;&nbsp;GUI_SetFont
<LI><a href="#[26a]">&gt;&gt;</a>&nbsp;&nbsp;&nbsp;GUI_Clear
<LI><a href="#[20f]">&gt;&gt;</a>&nbsp;&nbsp;&nbsp;LCD_SetColor
<LI><a href="#[20e]">&gt;&gt;</a>&nbsp;&nbsp;&nbsp;LCD_SetBkColor
<LI><a href="#[1b4]">&gt;&gt;</a>&nbsp;&nbsp;&nbsp;GUI_ALLOC_UnlockH
<LI><a href="#[1b3]">&gt;&gt;</a>&nbsp;&nbsp;&nbsp;GUI_ALLOC_LockH
<LI><a href="#[27e]">&gt;&gt;</a>&nbsp;&nbsp;&nbsp;GUI_DRAW__GetYSize
<LI><a href="#[27d]">&gt;&gt;</a>&nbsp;&nbsp;&nbsp;GUI_DRAW__GetXSize
<LI><a href="#[268]">&gt;&gt;</a>&nbsp;&nbsp;&nbsp;GUI_ARRAY_GetpItemLocked
<LI><a href="#[292]">&gt;&gt;</a>&nbsp;&nbsp;&nbsp;WM_SetUserClipRect
<LI><a href="#[266]">&gt;&gt;</a>&nbsp;&nbsp;&nbsp;GUI_ARRAY_GetNumItems
<LI><a href="#[1c8]">&gt;&gt;</a>&nbsp;&nbsp;&nbsp;GUI_GetClientRect
<LI><a href="#[1cb]">&gt;&gt;</a>&nbsp;&nbsp;&nbsp;GUI_DispStringInRect
<LI><a href="#[1c6]">&gt;&gt;</a>&nbsp;&nbsp;&nbsp;GUI_DRAW__Draw
<LI><a href="#[3cc]">&gt;&gt;</a>&nbsp;&nbsp;&nbsp;WIDGET__EFFECT_DrawUpRect
<LI><a href="#[457]">&gt;&gt;</a>&nbsp;&nbsp;&nbsp;_DrawTriangle
</UL>
<BR>[Address Reference Count : 1]<UL><LI> header_skinclassic.o(.constdata)
</UL>
<P><STRONG><a name="[153]"></a>_Create</STRONG> (Thumb, 2 bytes, Stack size 0 bytes, progbar_skinclassic.o(i._Create))
<BR>[Address Reference Count : 1]<UL><LI> progbar_skinclassic.o(.constdata)
</UL>
<P><STRONG><a name="[456]"></a>_DrawPart</STRONG> (Thumb, 56 bytes, Stack size 24 bytes, progbar_skinclassic.o(i._DrawPart))
<BR><BR>[Stack]<UL><LI>Max Depth = 224<LI>Call Chain = _DrawPart &rArr; GUI_DispString &rArr; GUI__DispLine &rArr; WM__InitIVRSearch &rArr; WM__GetNextIVR &rArr; _FindNext_IVR &rArr; _Findy1 &rArr;  _Findy1 (Cycle)
</UL>
<BR>[Calls]<UL><LI><a href="#[26a]">&gt;&gt;</a>&nbsp;&nbsp;&nbsp;GUI_Clear
<LI><a href="#[285]">&gt;&gt;</a>&nbsp;&nbsp;&nbsp;GUI_DispString
<LI><a href="#[20f]">&gt;&gt;</a>&nbsp;&nbsp;&nbsp;LCD_SetColor
<LI><a href="#[20e]">&gt;&gt;</a>&nbsp;&nbsp;&nbsp;LCD_SetBkColor
<LI><a href="#[26b]">&gt;&gt;</a>&nbsp;&nbsp;&nbsp;GUI_GotoXY
</UL>
<BR>[Called By]<UL><LI><a href="#[152]">&gt;&gt;</a>&nbsp;&nbsp;&nbsp;_Paint
</UL>

<P><STRONG><a name="[152]"></a>_Paint</STRONG> (Thumb, 268 bytes, Stack size 64 bytes, progbar_skinclassic.o(i._Paint))
<BR><BR>[Stack]<UL><LI>Max Depth = 288<LI>Call Chain = _Paint &rArr; _DrawPart &rArr; GUI_DispString &rArr; GUI__DispLine &rArr; WM__InitIVRSearch &rArr; WM__GetNextIVR &rArr; _FindNext_IVR &rArr; _Findy1 &rArr;  _Findy1 (Cycle)
</UL>
<BR>[Calls]<UL><LI><a href="#[1ca]">&gt;&gt;</a>&nbsp;&nbsp;&nbsp;GUI_SetTextMode
<LI><a href="#[1c7]">&gt;&gt;</a>&nbsp;&nbsp;&nbsp;GUI_SetFont
<LI><a href="#[1b4]">&gt;&gt;</a>&nbsp;&nbsp;&nbsp;GUI_ALLOC_UnlockH
<LI><a href="#[1b3]">&gt;&gt;</a>&nbsp;&nbsp;&nbsp;GUI_ALLOC_LockH
<LI><a href="#[46c]">&gt;&gt;</a>&nbsp;&nbsp;&nbsp;PROGBAR__Value2Pos
<LI><a href="#[377]">&gt;&gt;</a>&nbsp;&nbsp;&nbsp;PROGBAR__GetTextRect
<LI><a href="#[376]">&gt;&gt;</a>&nbsp;&nbsp;&nbsp;PROGBAR__GetTextLocked
<LI><a href="#[292]">&gt;&gt;</a>&nbsp;&nbsp;&nbsp;WM_SetUserClipRect
<LI><a href="#[3ca]">&gt;&gt;</a>&nbsp;&nbsp;&nbsp;WIDGET__EFFECT_DrawDownRect
<LI><a href="#[29c]">&gt;&gt;</a>&nbsp;&nbsp;&nbsp;GUI__ReduceRect
<LI><a href="#[1e3]">&gt;&gt;</a>&nbsp;&nbsp;&nbsp;WM_GetClientRect
<LI><a href="#[456]">&gt;&gt;</a>&nbsp;&nbsp;&nbsp;_DrawPart
</UL>
<BR>[Address Reference Count : 1]<UL><LI> progbar_skinclassic.o(.constdata)
</UL>
<P><STRONG><a name="[155]"></a>_Create</STRONG> (Thumb, 2 bytes, Stack size 0 bytes, radio_skinclassic.o(i._Create))
<BR>[Address Reference Count : 1]<UL><LI> radio_skinclassic.o(.constdata)
</UL>
<P><STRONG><a name="[29]"></a>_GetButtonSize</STRONG> (Thumb, 22 bytes, Stack size 16 bytes, radio_skinclassic.o(i._GetButtonSize))
<BR><BR>[Stack]<UL><LI>Max Depth = 16<LI>Call Chain = _GetButtonSize
</UL>
<BR>[Calls]<UL><LI><a href="#[1b4]">&gt;&gt;</a>&nbsp;&nbsp;&nbsp;GUI_ALLOC_UnlockH
<LI><a href="#[1b3]">&gt;&gt;</a>&nbsp;&nbsp;&nbsp;GUI_ALLOC_LockH
</UL>
<BR>[Address Reference Count : 1]<UL><LI> radio_skinclassic.o(.data)
</UL>
<P><STRONG><a name="[154]"></a>_Paint</STRONG> (Thumb, 460 bytes, Stack size 120 bytes, radio_skinclassic.o(i._Paint))
<BR><BR>[Stack]<UL><LI>Max Depth = 320<LI>Call Chain = _Paint &rArr; GUI_DispStringAt &rArr; GUI_DispString &rArr; GUI__DispLine &rArr; WM__InitIVRSearch &rArr; WM__GetNextIVR &rArr; _FindNext_IVR &rArr; _Findy1 &rArr;  _Findy1 (Cycle)
</UL>
<BR>[Calls]<UL><LI><a href="#[29a]">&gt;&gt;</a>&nbsp;&nbsp;&nbsp;GUI_DrawBitmap
<LI><a href="#[1ca]">&gt;&gt;</a>&nbsp;&nbsp;&nbsp;GUI_SetTextMode
<LI><a href="#[1c7]">&gt;&gt;</a>&nbsp;&nbsp;&nbsp;GUI_SetFont
<LI><a href="#[290]">&gt;&gt;</a>&nbsp;&nbsp;&nbsp;GUI_DispStringAt
<LI><a href="#[26a]">&gt;&gt;</a>&nbsp;&nbsp;&nbsp;GUI_Clear
<LI><a href="#[20f]">&gt;&gt;</a>&nbsp;&nbsp;&nbsp;LCD_SetColor
<LI><a href="#[20e]">&gt;&gt;</a>&nbsp;&nbsp;&nbsp;LCD_SetBkColor
<LI><a href="#[1b4]">&gt;&gt;</a>&nbsp;&nbsp;&nbsp;GUI_ALLOC_UnlockH
<LI><a href="#[1b3]">&gt;&gt;</a>&nbsp;&nbsp;&nbsp;GUI_ALLOC_LockH
<LI><a href="#[46d]">&gt;&gt;</a>&nbsp;&nbsp;&nbsp;GUI_GetFontInfo
<LI><a href="#[28a]">&gt;&gt;</a>&nbsp;&nbsp;&nbsp;GUI_GetFontDistY
<LI><a href="#[3d2]">&gt;&gt;</a>&nbsp;&nbsp;&nbsp;WIDGET__GetClientRect
<LI><a href="#[268]">&gt;&gt;</a>&nbsp;&nbsp;&nbsp;GUI_ARRAY_GetpItemLocked
<LI><a href="#[29c]">&gt;&gt;</a>&nbsp;&nbsp;&nbsp;GUI__ReduceRect
<LI><a href="#[2b0]">&gt;&gt;</a>&nbsp;&nbsp;&nbsp;GUI_GetStringDistX
<LI><a href="#[29b]">&gt;&gt;</a>&nbsp;&nbsp;&nbsp;GUI_DrawFocusRect
<LI><a href="#[1c5]">&gt;&gt;</a>&nbsp;&nbsp;&nbsp;WM__IsEnabled
<LI><a href="#[1c9]">&gt;&gt;</a>&nbsp;&nbsp;&nbsp;GUI_MoveRect
<LI><a href="#[3f5]">&gt;&gt;</a>&nbsp;&nbsp;&nbsp;WM_GetHasTrans
</UL>
<BR>[Address Reference Count : 1]<UL><LI> radio_skinclassic.o(.constdata)
</UL>
<P><STRONG><a name="[cf]"></a>_CalcPositions</STRONG> (Thumb, 310 bytes, Stack size 48 bytes, scrollbar_skinclassic.o(i._CalcPositions))
<BR><BR>[Stack]<UL><LI>Max Depth = 112<LI>Call Chain = _CalcPositions &rArr; WM_GetScrollbarV &rArr; _GetDialogItem &rArr;  _GetDialogItem (Cycle)
</UL>
<BR>[Calls]<UL><LI><a href="#[1b4]">&gt;&gt;</a>&nbsp;&nbsp;&nbsp;GUI_ALLOC_UnlockH
<LI><a href="#[1b3]">&gt;&gt;</a>&nbsp;&nbsp;&nbsp;GUI_ALLOC_LockH
<LI><a href="#[3f7]">&gt;&gt;</a>&nbsp;&nbsp;&nbsp;WM_GetWindowRectEx
<LI><a href="#[436]">&gt;&gt;</a>&nbsp;&nbsp;&nbsp;SCROLLBAR__Rect2VRect
<LI><a href="#[437]">&gt;&gt;</a>&nbsp;&nbsp;&nbsp;GUI__DivideRound32
<LI><a href="#[237]">&gt;&gt;</a>&nbsp;&nbsp;&nbsp;WM_GetScrollbarV
<LI><a href="#[238]">&gt;&gt;</a>&nbsp;&nbsp;&nbsp;WM_GetScrollbarH
<LI><a href="#[1c9]">&gt;&gt;</a>&nbsp;&nbsp;&nbsp;GUI_MoveRect
<LI><a href="#[439]">&gt;&gt;</a>&nbsp;&nbsp;&nbsp;WIDGET__GetYSize
<LI><a href="#[438]">&gt;&gt;</a>&nbsp;&nbsp;&nbsp;WIDGET__GetXSize
</UL>
<BR>[Address Reference Count : 1]<UL><LI> scrollbar_skinclassic.o(i._Create)
</UL>
<P><STRONG><a name="[157]"></a>_Create</STRONG> (Thumb, 20 bytes, Stack size 8 bytes, scrollbar_skinclassic.o(i._Create))
<BR><BR>[Stack]<UL><LI>Max Depth = 8<LI>Call Chain = _Create
</UL>
<BR>[Calls]<UL><LI><a href="#[1b4]">&gt;&gt;</a>&nbsp;&nbsp;&nbsp;GUI_ALLOC_UnlockH
<LI><a href="#[1b3]">&gt;&gt;</a>&nbsp;&nbsp;&nbsp;GUI_ALLOC_LockH
</UL>
<BR>[Address Reference Count : 1]<UL><LI> scrollbar_skinclassic.o(.constdata)
</UL>
<P><STRONG><a name="[156]"></a>_Paint</STRONG> (Thumb, 372 bytes, Stack size 88 bytes, scrollbar_skinclassic.o(i._Paint))
<BR><BR>[Stack]<UL><LI>Max Depth = 280<LI>Call Chain = _Paint &rArr; WIDGET__DrawTriangle &rArr; GUI_DrawHLine &rArr; WM__InitIVRSearch &rArr; WM__GetNextIVR &rArr; _FindNext_IVR &rArr; _Findy1 &rArr;  _Findy1 (Cycle)
</UL>
<BR>[Calls]<UL><LI><a href="#[20f]">&gt;&gt;</a>&nbsp;&nbsp;&nbsp;LCD_SetColor
<LI><a href="#[1b4]">&gt;&gt;</a>&nbsp;&nbsp;&nbsp;GUI_ALLOC_UnlockH
<LI><a href="#[1b3]">&gt;&gt;</a>&nbsp;&nbsp;&nbsp;GUI_ALLOC_LockH
<LI><a href="#[398]">&gt;&gt;</a>&nbsp;&nbsp;&nbsp;WIDGET__DrawTriangle
<LI><a href="#[3d2]">&gt;&gt;</a>&nbsp;&nbsp;&nbsp;WIDGET__GetClientRect
<LI><a href="#[3cd]">&gt;&gt;</a>&nbsp;&nbsp;&nbsp;WIDGET__FillRectEx
<LI><a href="#[3cc]">&gt;&gt;</a>&nbsp;&nbsp;&nbsp;WIDGET__EFFECT_DrawUpRect
</UL>
<BR>[Address Reference Count : 1]<UL><LI> scrollbar_skinclassic.o(.constdata)
</UL>
<P><STRONG><a name="[159]"></a>_Create</STRONG> (Thumb, 2 bytes, Stack size 0 bytes, slider_skinclassic.o(i._Create))
<BR>[Address Reference Count : 1]<UL><LI> slider_skinclassic.o(.constdata)
</UL>
<P><STRONG><a name="[158]"></a>_Paint</STRONG> (Thumb, 316 bytes, Stack size 88 bytes, slider_skinclassic.o(i._Paint))
<BR><BR>[Stack]<UL><LI>Max Depth = 288<LI>Call Chain = _Paint &rArr; WIDGET__DrawVLine &rArr; GUI_DrawHLine &rArr; WM__InitIVRSearch &rArr; WM__GetNextIVR &rArr; _FindNext_IVR &rArr; _Findy1 &rArr;  _Findy1 (Cycle)
</UL>
<BR>[Calls]<UL><LI><a href="#[26a]">&gt;&gt;</a>&nbsp;&nbsp;&nbsp;GUI_Clear
<LI><a href="#[20f]">&gt;&gt;</a>&nbsp;&nbsp;&nbsp;LCD_SetColor
<LI><a href="#[20e]">&gt;&gt;</a>&nbsp;&nbsp;&nbsp;LCD_SetBkColor
<LI><a href="#[1b4]">&gt;&gt;</a>&nbsp;&nbsp;&nbsp;GUI_ALLOC_UnlockH
<LI><a href="#[1b3]">&gt;&gt;</a>&nbsp;&nbsp;&nbsp;GUI_ALLOC_LockH
<LI><a href="#[3d2]">&gt;&gt;</a>&nbsp;&nbsp;&nbsp;WIDGET__GetClientRect
<LI><a href="#[3ca]">&gt;&gt;</a>&nbsp;&nbsp;&nbsp;WIDGET__EFFECT_DrawDownRect
<LI><a href="#[29c]">&gt;&gt;</a>&nbsp;&nbsp;&nbsp;GUI__ReduceRect
<LI><a href="#[3cd]">&gt;&gt;</a>&nbsp;&nbsp;&nbsp;WIDGET__FillRectEx
<LI><a href="#[3cc]">&gt;&gt;</a>&nbsp;&nbsp;&nbsp;WIDGET__EFFECT_DrawUpRect
<LI><a href="#[3c9]">&gt;&gt;</a>&nbsp;&nbsp;&nbsp;WIDGET__DrawVLine
<LI><a href="#[3c8]">&gt;&gt;</a>&nbsp;&nbsp;&nbsp;WIDGET__DrawFocusRect
<LI><a href="#[3f5]">&gt;&gt;</a>&nbsp;&nbsp;&nbsp;WM_GetHasTrans
</UL>
<BR>[Address Reference Count : 1]<UL><LI> slider_skinclassic.o(.constdata)
</UL>
<P><STRONG><a name="[15c]"></a>_DrawDown</STRONG> (Thumb, 16 bytes, Stack size 16 bytes, widget_effect_3d.o(i._DrawDown))
<BR><BR>[Stack]<UL><LI>Max Depth = 208<LI>Call Chain = _DrawDown &rArr; _DrawDownRect &rArr; GUI_DrawHLine &rArr; WM__InitIVRSearch &rArr; WM__GetNextIVR &rArr; _FindNext_IVR &rArr; _Findy1 &rArr;  _Findy1 (Cycle)
</UL>
<BR>[Calls]<UL><LI><a href="#[1e3]">&gt;&gt;</a>&nbsp;&nbsp;&nbsp;WM_GetClientRect
<LI><a href="#[15d]">&gt;&gt;</a>&nbsp;&nbsp;&nbsp;_DrawDownRect
</UL>
<BR>[Address Reference Count : 1]<UL><LI> widget_effect_3d.o(.constdata)
</UL>
<P><STRONG><a name="[15d]"></a>_DrawDownRect</STRONG> (Thumb, 144 bytes, Stack size 24 bytes, widget_effect_3d.o(i._DrawDownRect))
<BR><BR>[Stack]<UL><LI>Max Depth = 192<LI>Call Chain = _DrawDownRect &rArr; GUI_DrawHLine &rArr; WM__InitIVRSearch &rArr; WM__GetNextIVR &rArr; _FindNext_IVR &rArr; _Findy1 &rArr;  _Findy1 (Cycle)
</UL>
<BR>[Calls]<UL><LI><a href="#[20f]">&gt;&gt;</a>&nbsp;&nbsp;&nbsp;LCD_SetColor
<LI><a href="#[1c2]">&gt;&gt;</a>&nbsp;&nbsp;&nbsp;GUI_DrawVLine
<LI><a href="#[1c1]">&gt;&gt;</a>&nbsp;&nbsp;&nbsp;GUI_DrawHLine
</UL>
<BR>[Called By]<UL><LI><a href="#[15c]">&gt;&gt;</a>&nbsp;&nbsp;&nbsp;_DrawDown
</UL>
<BR>[Address Reference Count : 1]<UL><LI> widget_effect_3d.o(.constdata)
</UL>
<P><STRONG><a name="[15b]"></a>_DrawUpRect</STRONG> (Thumb, 100 bytes, Stack size 24 bytes, widget_effect_3d.o(i._DrawUpRect))
<BR><BR>[Stack]<UL><LI>Max Depth = 192<LI>Call Chain = _DrawUpRect &rArr; GUI_DrawRect &rArr; WM__InitIVRSearch &rArr; WM__GetNextIVR &rArr; _FindNext_IVR &rArr; _Findy1 &rArr;  _Findy1 (Cycle)
</UL>
<BR>[Calls]<UL><LI><a href="#[20f]">&gt;&gt;</a>&nbsp;&nbsp;&nbsp;LCD_SetColor
<LI><a href="#[1c2]">&gt;&gt;</a>&nbsp;&nbsp;&nbsp;GUI_DrawVLine
<LI><a href="#[1c4]">&gt;&gt;</a>&nbsp;&nbsp;&nbsp;GUI_DrawRect
<LI><a href="#[1c1]">&gt;&gt;</a>&nbsp;&nbsp;&nbsp;GUI_DrawHLine
</UL>
<BR>[Called By]<UL><LI><a href="#[15a]">&gt;&gt;</a>&nbsp;&nbsp;&nbsp;WIDGET_EFFECT_3D_DrawUp
</UL>
<BR>[Address Reference Count : 1]<UL><LI> widget_effect_3d.o(.constdata)
</UL>
<P><STRONG><a name="[3df]"></a>_BringToTop</STRONG> (Thumb, 106 bytes, Stack size 24 bytes, wm_bringtotop.o(i._BringToTop))
<BR><BR>[Stack]<UL><LI>Max Depth = 184<LI>Call Chain = _BringToTop &rArr; WM_InvalidateWindow &rArr; WM_InvalidateRect &rArr; WM__InvalidateRectEx &rArr; WM__InvalidateRect &rArr;  WM__InvalidateRect (Cycle)
</UL>
<BR>[Calls]<UL><LI><a href="#[1ce]">&gt;&gt;</a>&nbsp;&nbsp;&nbsp;WM_InvalidateWindow
<LI><a href="#[1b4]">&gt;&gt;</a>&nbsp;&nbsp;&nbsp;GUI_ALLOC_UnlockH
<LI><a href="#[1b3]">&gt;&gt;</a>&nbsp;&nbsp;&nbsp;GUI_ALLOC_LockH
<LI><a href="#[424]">&gt;&gt;</a>&nbsp;&nbsp;&nbsp;WM__RemoveWindowFromList
<LI><a href="#[3e1]">&gt;&gt;</a>&nbsp;&nbsp;&nbsp;WM__InsertWindowIntoList
<LI><a href="#[3ef]">&gt;&gt;</a>&nbsp;&nbsp;&nbsp;WM_ForEachDesc
</UL>
<BR>[Called By]<UL><LI><a href="#[3c5]">&gt;&gt;</a>&nbsp;&nbsp;&nbsp;WM_BringToTop
</UL>

<P><STRONG><a name="[cc]"></a>_cbInvalidateOne</STRONG> (Thumb, 4 bytes, Stack size 0 bytes, wm_bringtotop.o(i._cbInvalidateOne))
<BR><BR>[Stack]<UL><LI>Max Depth = 160<LI>Call Chain = _cbInvalidateOne &rArr; WM_InvalidateWindow &rArr; WM_InvalidateRect &rArr; WM__InvalidateRectEx &rArr; WM__InvalidateRect &rArr;  WM__InvalidateRect (Cycle)
</UL>
<BR>[Calls]<UL><LI><a href="#[1ce]">&gt;&gt;</a>&nbsp;&nbsp;&nbsp;WM_InvalidateWindow
</UL>
<BR>[Address Reference Count : 1]<UL><LI> wm_bringtotop.o(i._BringToTop)
</UL>
<P><STRONG><a name="[42b]"></a>_MoveDescendents</STRONG> (Thumb, 110 bytes, Stack size 72 bytes, wm_move.o(i._MoveDescendents))
<BR><BR>[Stack]<UL><LI>Max Depth = 88 + In Cycle
<LI>Call Chain = _MoveDescendents &rArr;  _MoveDescendents (Cycle)
</UL>
<BR>[Calls]<UL><LI><a href="#[1b4]">&gt;&gt;</a>&nbsp;&nbsp;&nbsp;GUI_ALLOC_UnlockH
<LI><a href="#[1b3]">&gt;&gt;</a>&nbsp;&nbsp;&nbsp;GUI_ALLOC_LockH
<LI><a href="#[1c9]">&gt;&gt;</a>&nbsp;&nbsp;&nbsp;GUI_MoveRect
<LI><a href="#[40d]">&gt;&gt;</a>&nbsp;&nbsp;&nbsp;WM__SendMessage
<LI><a href="#[42b]">&gt;&gt;</a>&nbsp;&nbsp;&nbsp;_MoveDescendents
</UL>
<BR>[Called By]<UL><LI><a href="#[40c]">&gt;&gt;</a>&nbsp;&nbsp;&nbsp;WM__MoveWindow
<LI><a href="#[42b]">&gt;&gt;</a>&nbsp;&nbsp;&nbsp;_MoveDescendents
</UL>

<P><STRONG><a name="[414]"></a>WM__ReleaseCapture</STRONG> (Thumb, 36 bytes, Stack size 32 bytes, wm_setcapture.o(i.WM__ReleaseCapture))
<BR><BR>[Stack]<UL><LI>Max Depth = 48<LI>Call Chain = WM__ReleaseCapture &rArr; WM__SendMessage &rArr;  WM_DefaultProc (Cycle)
</UL>
<BR>[Calls]<UL><LI><a href="#[40d]">&gt;&gt;</a>&nbsp;&nbsp;&nbsp;WM__SendMessage
</UL>
<BR>[Called By]<UL><LI><a href="#[413]">&gt;&gt;</a>&nbsp;&nbsp;&nbsp;WM_SetCapture
</UL>

<P><STRONG><a name="[2b]"></a>_GetCharWrap</STRONG> (Thumb, 46 bytes, Stack size 32 bytes, gui__wrap.o(i._GetCharWrap))
<BR><BR>[Stack]<UL><LI>Max Depth = 56<LI>Call Chain = _GetCharWrap &rArr; GUI_UC__GetCharCodeInc
</UL>
<BR>[Calls]<UL><LI><a href="#[255]">&gt;&gt;</a>&nbsp;&nbsp;&nbsp;GUI_UC__GetCharCodeInc
<LI><a href="#[309]">&gt;&gt;</a>&nbsp;&nbsp;&nbsp;GUI_GetCharDistX
</UL>
<BR>[Address Reference Count : 1]<UL><LI> gui__wrap.o(.data)
</UL>
<P><STRONG><a name="[2a]"></a>_GetWordWrap</STRONG> (Thumb, 100 bytes, Stack size 48 bytes, gui__wrap.o(i._GetWordWrap))
<BR><BR>[Stack]<UL><LI>Max Depth = 72<LI>Call Chain = _GetWordWrap &rArr; GUI_UC__GetCharCodeInc
</UL>
<BR>[Calls]<UL><LI><a href="#[255]">&gt;&gt;</a>&nbsp;&nbsp;&nbsp;GUI_UC__GetCharCodeInc
<LI><a href="#[309]">&gt;&gt;</a>&nbsp;&nbsp;&nbsp;GUI_GetCharDistX
</UL>
<BR>[Address Reference Count : 1]<UL><LI> gui__wrap.o(.data)
</UL>
<P><STRONG><a name="[311]"></a>_WrapGetNumCharsDisp</STRONG> (Thumb, 36 bytes, Stack size 8 bytes, gui__wrap.o(i._WrapGetNumCharsDisp))
<BR><BR>[Stack]<UL><LI>Max Depth = 56<LI>Call Chain = _WrapGetNumCharsDisp &rArr; GUI__GetLineNumChars &rArr; GUI_UC__GetCharCodeInc
</UL>
<BR>[Calls]<UL><LI><a href="#[28c]">&gt;&gt;</a>&nbsp;&nbsp;&nbsp;GUI__GetLineNumChars
</UL>
<BR>[Called By]<UL><LI><a href="#[298]">&gt;&gt;</a>&nbsp;&nbsp;&nbsp;GUI__WrapGetNumCharsDisp
<LI><a href="#[310]">&gt;&gt;</a>&nbsp;&nbsp;&nbsp;GUI__WrapGetNumCharsToNextLine
</UL>

<P><STRONG><a name="[2e3]"></a>LCD_ReadRectEx</STRONG> (Thumb, 404 bytes, Stack size 64 bytes, lcd_readrect.o(i.LCD_ReadRectEx))
<BR><BR>[Stack]<UL><LI>Max Depth = 64<LI>Call Chain = LCD_ReadRectEx
</UL>
<BR>[Calls]<UL><LI><a href="#[2fe]">&gt;&gt;</a>&nbsp;&nbsp;&nbsp;GUI_GetBitsPerPixelEx
</UL>
<BR>[Called By]<UL><LI><a href="#[2e2]">&gt;&gt;</a>&nbsp;&nbsp;&nbsp;GUI_ReadRectEx
</UL>

<P><STRONG><a name="[48f]"></a>_dadd1</STRONG> (Thumb, 0 bytes, Stack size unknown bytes, daddsub_clz.o(x$fpl$dadd), UNUSED)
<BR><BR>[Called By]<UL><LI><a href="#[490]">&gt;&gt;</a>&nbsp;&nbsp;&nbsp;_dsub
<LI><a href="#[48e]">&gt;&gt;</a>&nbsp;&nbsp;&nbsp;_drsb
</UL>

<P><STRONG><a name="[486]"></a>_dsub1</STRONG> (Thumb, 0 bytes, Stack size unknown bytes, daddsub_clz.o(x$fpl$dsub), UNUSED)
<BR><BR>[Called By]<UL><LI><a href="#[48e]">&gt;&gt;</a>&nbsp;&nbsp;&nbsp;_drsb
<LI><a href="#[485]">&gt;&gt;</a>&nbsp;&nbsp;&nbsp;_dadd
</UL>

<P><STRONG><a name="[189]"></a>_fp_digits</STRONG> (Thumb, 428 bytes, Stack size 96 bytes, _printf_fp_dec.o(.text))
<BR><BR>[Stack]<UL><LI>Max Depth = 216<LI>Call Chain = _fp_digits &rArr; _btod_etento &rArr; _btod_emul &rArr; _e2e
</UL>
<BR>[Calls]<UL><LI><a href="#[18d]">&gt;&gt;</a>&nbsp;&nbsp;&nbsp;_btod_emul
<LI><a href="#[18c]">&gt;&gt;</a>&nbsp;&nbsp;&nbsp;_btod_ediv
<LI><a href="#[18b]">&gt;&gt;</a>&nbsp;&nbsp;&nbsp;_btod_d2e
<LI><a href="#[18a]">&gt;&gt;</a>&nbsp;&nbsp;&nbsp;_btod_etento
<LI><a href="#[18e]">&gt;&gt;</a>&nbsp;&nbsp;&nbsp;_ll_udiv10
</UL>
<BR>[Called By]<UL><LI><a href="#[18f]">&gt;&gt;</a>&nbsp;&nbsp;&nbsp;_printf_fp_dec_real
</UL>

<P><STRONG><a name="[8b]"></a>_printf_input_char</STRONG> (Thumb, 10 bytes, Stack size 0 bytes, _printf_char_common.o(.text))
<BR>[Address Reference Count : 1]<UL><LI> _printf_char_common.o(.text)
</UL><P>
<H3>
Undefined Global Symbols
</H3><HR></body></html>
